=== pnpm --filter api run typecheck ===
(pre-existing failure, unrelated to F126 — 124 errors, all in packages/fabric-markdown/src/{mermaid-parser,fabric-objects,diagrams/registry}.ts,
 missing DOM lib types when type-checked transitively under apps/api's tsconfig which has lib:["ES2022"] only.
 Verified present identically on a clean origin/main checkout (3cb9597c) with zero diff — same 124 errors, none referencing
 any F126 file. Same precedent noted in F97.verify.log.)

=== pnpm --filter api exec vitest run tests/project/cross-layer-fourth-cell.test.ts ===

 RUN  v2.1.9 /private/tmp/f126-worktree/apps/api

 ✓ tests/project/cross-layer-fourth-cell.test.ts (3 tests) 2ms

 Test Files  1 passed (1)
      Tests  3 passed (3)
   Start at  18:01:34
   Duration  355ms (transform 153ms, setup 0ms, collect 204ms, tests 2ms, environment 0ms, prepare 38ms)


=== pnpm --filter api exec vitest run tests/project/audit-purpose-not-403.test.ts ===

 RUN  v2.1.9 /private/tmp/f126-worktree/apps/api

 ✓ tests/project/audit-purpose-not-403.test.ts (6 tests) 3ms

 Test Files  1 passed (1)
      Tests  6 passed (6)
   Start at  18:01:34
   Duration  343ms (transform 148ms, setup 0ms, collect 196ms, tests 3ms, environment 0ms, prepare 30ms)


=== pnpm --filter api run lint ===

> @repo/api@0.0.0 lint /private/tmp/f126-worktree/apps/api
> node scripts/lint-error-leak.mjs && node scripts/lint-permission-paths.mjs && node scripts/lint-no-builtin-capabilities.mjs && node scripts/lint-design-facet-single-source.mjs && tsx scripts/gen-design-facet-catalog.ts --check && tsx scripts/gen-agenda-tier-catalog.ts --check &&node scripts/lint-skill-context-api-only.mjs && node scripts/lint-naming-single-source.mjs && node ../../.harness/scripts/lint-arch-deps.mjs apps/api/src

✅ lint-error-leak: 34 files in the interface layer, no error detail reaches a response
scanned=34
✅ lint-permission-paths: every tenant-table read goes through the guarded read path
scanned=518 tenant-tables=75 allowlisted=24
· [debt] apps/web/lib/mock/admin.ts:219  built-in capability entry `Ava`
· [debt] apps/web/lib/mock/admin.ts:220  built-in capability entry `Scout`
· [debt] apps/web/lib/mock/admin.ts:221  built-in capability entry `Echo`
· [debt] apps/web/lib/mock/admin.ts:222  built-in capability entry `Ledger`
· [debt] apps/web/lib/mock/agent-runtime.ts:229  built-in capability entry `Ledger`
· [debt] apps/web/lib/mock/agent-runtime.ts:270  built-in capability entry `Ava`
· [debt] apps/web/lib/mock/agent-runtime.ts:271  built-in capability entry `Atlas`
· [debt] apps/web/lib/mock/agent-runtime.ts:272  built-in capability entry `Scout`
· [debt] apps/web/lib/mock/agent-runtime.ts:273  built-in capability entry `Ledger`
· [debt] apps/web/lib/mock/agent-runtime.ts:274  built-in capability entry `Warden`
· [debt] apps/web/lib/mock/agent-runtime.ts:275  built-in capability entry `Echo`
· [debt] apps/web/lib/mock/agent-runtime.ts:288  built-in capability entry `Atlas`
· [debt] apps/web/lib/mock/agent-runtime.ts:343  built-in capability entry `Ava`
· [debt] apps/web/lib/mock/agent-runtime.ts:344  built-in capability entry `Scout`
· [debt] apps/web/lib/mock/agent-runtime.ts:389  built-in capability entry `Ava`
· [debt] apps/web/lib/mock/agent-runtime.ts:391  list-shaped constant `skills` with 3 entries
· [debt] apps/web/lib/mock/agent-runtime.ts:393  built-in capability entry `Ava`
· [debt] apps/web/lib/mock/agent-runtime.ts:395  built-in capability entry `Ava`
· [debt] apps/web/lib/mock/agent-runtime.ts:400  built-in capability entry `Atlas`
· [debt] apps/web/lib/mock/agent-runtime.ts:402  list-shaped constant `skills` with 3 entries
· [debt] apps/web/lib/mock/agent-runtime.ts:404  built-in capability entry `Atlas`
· [debt] apps/web/lib/mock/agent-runtime.ts:406  built-in capability entry `Atlas`
· [debt] apps/web/lib/mock/agent-runtime.ts:411  built-in capability entry `Scout`
· [debt] apps/web/lib/mock/agent-runtime.ts:413  list-shaped constant `skills` with 3 entries
· [debt] apps/web/lib/mock/agent-runtime.ts:415  built-in capability entry `Scout`
· [debt] apps/web/lib/mock/agent-runtime.ts:417  built-in capability entry `Scout`
· [debt] apps/web/lib/mock/agent-runtime.ts:422  built-in capability entry `Ledger`
· [debt] apps/web/lib/mock/agent-runtime.ts:424  list-shaped constant `skills` with 3 entries
· [debt] apps/web/lib/mock/agent-runtime.ts:426  built-in capability entry `Ledger`
· [debt] apps/web/lib/mock/agent-runtime.ts:428  built-in capability entry `Ledger`
· [debt] apps/web/lib/mock/agent-runtime.ts:433  built-in capability entry `Warden`
· [debt] apps/web/lib/mock/agent-runtime.ts:435  list-shaped constant `skills` with 3 entries
· [debt] apps/web/lib/mock/agent-runtime.ts:437  built-in capability entry `Warden`
· [debt] apps/web/lib/mock/agent-runtime.ts:439  built-in capability entry `Warden`
· [debt] apps/web/lib/mock/agent-runtime.ts:444  built-in capability entry `Echo`
· [debt] apps/web/lib/mock/agent-runtime.ts:446  list-shaped constant `skills` with 3 entries
· [debt] apps/web/lib/mock/agent-runtime.ts:448  built-in capability entry `Echo`
· [debt] apps/web/lib/mock/agent-runtime.ts:450  built-in capability entry `Echo`
· [debt] apps/web/lib/mock/agent-runtime.ts:472  built-in capability entry `Ava`
· [debt] apps/web/lib/mock/asset-governance.ts:385  built-in capability entry `Ava`
· [debt] apps/web/lib/mock/canvas.ts:283  list-shaped constant `templates` with 3 entries
· [debt] apps/web/lib/mock/canvas.ts:283  list-shaped constant `skills` with 3 entries
· [debt] apps/web/lib/mock/canvas.ts:284  list-shaped constant `templates` with 6 entries
· [debt] apps/web/lib/mock/canvas.ts:284  list-shaped constant `skills` with 3 entries
· [debt] apps/web/lib/mock/canvas.ts:285  list-shaped constant `templates` with 3 entries
· [debt] apps/web/lib/mock/canvas.ts:285  list-shaped constant `skills` with 6 entries
· [debt] apps/web/lib/mock/canvas.ts:286  list-shaped constant `templates` with 3 entries
· [debt] apps/web/lib/mock/canvas.ts:286  list-shaped constant `skills` with 3 entries
· [debt] apps/web/lib/mock/chat.ts:56  built-in capability entry `Ava`
· [debt] apps/web/lib/mock/chat.ts:57  built-in capability entry `Atlas`
· [debt] apps/web/lib/mock/chat.ts:58  built-in capability entry `Scout`
· [debt] apps/web/lib/mock/chat.ts:59  built-in capability entry `Ledger`
· [debt] apps/web/lib/mock/chat.ts:60  built-in capability entry `Warden`
· [debt] apps/web/lib/mock/chat.ts:61  built-in capability entry `Echo`
· [debt] apps/web/lib/mock/chat.ts:375  built-in capability entry `Ava`
· [debt] apps/web/lib/mock/chat.ts:413  built-in capability entry `Ava`
· [debt] apps/web/lib/mock/chat.ts:422  built-in capability entry `Scout`
· [debt] apps/web/lib/mock/chat.ts:450  built-in capability entry `Ava`
· [debt] apps/web/lib/mock/chat.ts:484  built-in capability entry `Scout`
· [debt] apps/web/lib/mock/chat.ts:485  list-shaped constant `models` with 4 entries
· [debt] apps/web/lib/mock/chat.ts:510  built-in capability entry `Scout`
· [debt] apps/web/lib/mock/chat.ts:565  built-in capability entry `Ledger`
· [debt] apps/web/lib/mock/chat.ts:774  list-shaped constant `skills` with 6 entries
· [debt] apps/web/lib/mock/chat.ts:779  list-shaped constant `skills` with 4 entries
· [debt] apps/web/lib/mock/chat.ts:785  list-shaped constant `skills` with 5 entries
· [debt] apps/web/lib/mock/chat.ts:790  list-shaped constant `skills` with 4 entries
· [debt] apps/web/lib/mock/chat.ts:826  list-shaped constant `presetSkills` with 3 entries
· [debt] apps/web/lib/mock/interview-studio.ts:425  built-in capability entry `Echo`
· [debt] apps/web/lib/mock/project.ts:210  built-in capability entry `Scout`
· [debt] apps/web/lib/mock/rec.ts:325  built-in capability entry `Ava`
· [debt] apps/web/lib/mock/rec.ts:389  built-in capability entry `Ava`
· [debt] apps/web/lib/mock/rec.ts:390  built-in capability entry `Ava`
· [debt] apps/web/lib/mock/rec.ts:391  built-in capability entry `Scout`
· [debt] apps/web/lib/mock/research-studio.ts:90  list-shaped constant `RS_SOURCE_DEFAULT` with 2 entries
· [debt] apps/web/lib/mock/skill.ts:639  built-in capability entry `Scout`
· [debt] apps/web/lib/mock/tasks.ts:158  built-in capability entry `Ledger`
· [debt] apps/web/lib/mock/tasks.ts:168  built-in capability entry `Scout`
· [debt] apps/web/lib/mock/tpl.ts:343  built-in capability entry `Scout`
✅ lint-no-builtin-capabilities: no built-in capability list in product code
scanned=809 violations=0 debt=78 migrations=55
· [debt] apps/web/lib/mock/tpl.ts:95  second design-facet definition table spread over multiple lines (15 distinct keys)
· [debt] apps/web/lib/mock/tpl.ts:516  hardcoded completeness denominator in `usedCount: 12, satisfaction: { mean: 4.6, sampleSize: 9 }, d`
· [debt] apps/web/lib/mock/tpl.ts:520  hardcoded completeness denominator in `usedCount: 3, satisfaction: { mean: 4.3, sampleSize: 3 }, do`
· [debt] apps/web/lib/mock/tpl.ts:528  hardcoded completeness denominator in `usedCount: 4, satisfaction: { mean: 4.4, sampleSize: 5 }, do`
· [debt] apps/web/lib/mock/tpl.ts:544  second design-facet slot list (3 keys: flow-agenda, project-materials, outputs…)
· [debt] apps/web/lib/mock/tpl.ts:546  second design-facet slot list (2 keys: grouping-rule, skill-binding…)
· [debt] apps/web/lib/mock/tpl.ts:548  second design-facet slot list (3 keys: topic-and-background, survey, report-template…)
· [debt] apps/web/components/tpl/designer-panels.tsx:709  second design-facet definition table spread over multiple lines (13 distinct keys)
✅ lint-design-facet-single-source: the definition table has one source
scanned=1145 violations=0 debt=8 keys=15 groups=5
✅ design-facet catalog is in sync with the definition table
✅ agenda tier catalog is in sync with the definition table
✅ lint-skill-context-api-only: 40 个文件，skill 取数只经 Context API（I-25）
scanned=40 violations=0
✅ lint-naming-single-source: 0 处败选名（stepId / step_id / agenda_stage / stage.<action>）
scanned-roots=4
✅ lint-arch-deps: 516 files, all dependencies point inward
scanned=516

=== pnpm --filter @repo/contracts run test ===

> @repo/contracts@0.0.0 test /private/tmp/f126-worktree/packages/contracts
> vitest run


 RUN  v2.1.9 /private/tmp/f126-worktree/packages/contracts

 ✓ tests/project-ai-switch-defaults-pending.test.ts (7 tests) 2ms
 ✓ tests/research-create-survives-model-outage.test.ts (5 tests) 2ms
 ✓ tests/pending-thresholds.test.ts (7 tests) 41ms
 ✓ tests/files/contract-stub-ontology-edge-invalidate.test.ts (26 tests) 5ms
 ✓ tests/files/contract-stub-report-segment-invalidate.test.ts (27 tests) 8ms
 ✓ tests/no-forbidden-routes.test.ts (15 tests) 3ms
 ✓ tests/out-schemas-strict.test.ts (2 tests) 3ms
 ✓ tests/contract-shape.test.ts (77 tests) 30ms

 Test Files  8 passed (8)
      Tests  166 passed (166)
   Start at  18:01:36
   Duration  458ms (transform 398ms, setup 0ms, collect 1.08s, tests 94ms, environment 1ms, prepare 405ms)

