$ pnpm --filter @repo/contracts run test
[exit 0]

> @repo/contracts@0.0.0 test /Users/shenyanbin/Documents/workspacex/packages/contracts
> vitest run


 RUN  v2.1.9 /Users/shenyanbin/Documents/workspacex/packages/contracts

 ✓ tests/project-ai-switch-defaults-pending.test.ts (7 tests) 3ms
 ✓ tests/research-create-survives-model-outage.test.ts (5 tests) 2ms
 ✓ tests/pending-thresholds.test.ts (7 tests) 42ms
 ✓ tests/files/contract-stub-report-segment-invalidate.test.ts (27 tests) 6ms
 ✓ tests/files/contract-stub-ontology-edge-invalidate.test.ts (26 tests) 6ms
 ✓ tests/out-schemas-strict.test.ts (2 tests) 4ms
 ✓ tests/no-forbidden-routes.test.ts (15 tests) 4ms
 ✓ tests/contract-shape.test.ts (77 tests) 34ms

 Test Files  8 passed (8)
      Tests  166 passed (166)
   Start at  14:42:24
   Duration  466ms (transform 350ms, setup 0ms, collect 1.05s, tests 102ms, environment 1ms, prepare 388ms)



$ pnpm --filter web exec vitest run tests/ui/admin-nav-count-unavailable.test.tsx
[exit 1]

 RUN  v2.1.9 /Users/shenyanbin/Documents/workspacex/apps/web

undefined
/Users/shenyanbin/Documents/workspacex/apps/web:
 ERR_PNPM_RECURSIVE_EXEC_FIRST_FAIL  Command failed with exit code 1: vitest run tests/ui/admin-nav-count-unavailable.test.tsx
[33mThe CJS build of Vite's Node API is deprecated. See https://vite.dev/guide/troubleshooting.html#vite-cjs-node-api-deprecated for more details.[39m
filter:  tests/ui/admin-nav-count-unavailable.test.tsx
include: tests/**/*.test.ts, tests/**/*.test.tsx
exclude:  **/node_modules/**, **/dist/**, **/cypress/**, **/.{idea,git,cache,output,temp}/**, **/{karma,rollup,webpack,vite,vitest,jest,ava,babel,nyc,cypress,tsup,build,eslint,prettier}.config.*

No test files found, exiting with code 1

[harness-verify v1 sha256=3656a977b2624588836badc0a2b7942ec005883169bbc1344907364bebf479a6 commit=8648b72d8022602012fe9512846b564ca5a36ef8 at=2026-07-31T06:42:25.253Z]