F143 verification log -- 2026-08-02T04:07:37Z

=== pnpm --filter @repo/contracts run test ===

> @repo/contracts@0.0.0 test /private/tmp/f143-worktree/packages/contracts
> vitest run


 RUN  v2.1.9 /private/tmp/f143-worktree/packages/contracts

 ✓ tests/project-ai-switch-defaults-pending.test.ts (7 tests) 26ms
 ✓ tests/pending-thresholds.test.ts (7 tests) 342ms
 ✓ tests/research-create-survives-model-outage.test.ts (5 tests) 6ms
 ✓ tests/files/contract-stub-ontology-edge-invalidate.test.ts (26 tests) 29ms
 ✓ tests/files/contract-stub-report-segment-invalidate.test.ts (27 tests) 26ms
 ✓ tests/out-schemas-strict.test.ts (2 tests) 8ms
 ✓ tests/no-forbidden-routes.test.ts (15 tests) 8ms
 ✓ tests/contract-shape.test.ts (77 tests) 532ms

 Test Files  8 passed (8)
      Tests  166 passed (166)
   Start at  12:07:39
   Duration  4.06s (transform 2.47s, setup 0ms, collect 9.36s, tests 977ms, environment 2ms, prepare 3.80s)


=== pnpm --filter api exec vitest run tests/asset/root-file-undeletable.test.ts ===

 RUN  v2.1.9 /private/tmp/f143-worktree/apps/api

 ✓ tests/asset/root-file-undeletable.test.ts (6 tests) 7ms

 Test Files  1 passed (1)
      Tests  6 passed (6)
   Start at  12:07:47
   Duration  1.48s (transform 327ms, setup 0ms, collect 529ms, tests 7ms, environment 0ms, prepare 437ms)


=== pnpm --filter api exec vitest run tests/asset/runtime-loadset-equals-directory.test.ts ===

 RUN  v2.1.9 /private/tmp/f143-worktree/apps/api

 ✓ tests/asset/runtime-loadset-equals-directory.test.ts (8 tests) 8ms

 Test Files  1 passed (1)
      Tests  8 passed (8)
   Start at  12:07:54
   Duration  2.42s (transform 262ms, setup 0ms, collect 418ms, tests 8ms, environment 0ms, prepare 233ms)


=== full apps/api/tests/asset suite (regression check) ===

 RUN  v2.1.9 /private/tmp/f143-worktree/apps/api

 ✓ tests/asset/asset-directory-tree.test.ts (12 tests) 12ms
 ✓ tests/asset/runtime-loadset-equals-directory.test.ts (8 tests) 8ms
 ✓ tests/asset/preflight-items-have-source-ref.test.ts (5 tests) 14ms
 ✓ tests/asset/visibility-single-write-path.test.ts (5 tests) 11ms
 ✓ tests/asset/visibility-whole-org-requires-cosign.test.ts (6 tests) 8ms
 ✓ tests/asset/publish-three-independent-blockers.test.ts (4 tests) 7ms
 ✓ tests/asset/asset-not-editable-readonly.test.ts (6 tests) 5ms
 ✓ tests/asset/root-file-undeletable.test.ts (6 tests) 7ms
 ✓ tests/asset/asset-file-write-frontmatter-invalid.test.ts (8 tests) 40ms
 ✓ tests/asset/publish-audit-event.test.ts (2 tests) 9ms
 ✓ tests/asset/governance-uniform-across-six-kinds.test.ts (9 tests) 290ms
 ✓ tests/asset/publish-review-due-derivation.test.ts (3 tests) 11ms
 ✓ tests/asset/asset-file-badge-fallback.test.ts (7 tests) 21ms
 ✓ tests/asset/governance-incomplete-four-fields.test.ts (8 tests) 67ms

 Test Files  14 passed (14)
      Tests  89 passed (89)
   Start at  12:08:03
   Duration  5.78s (transform 2.51s, setup 0ms, collect 11.16s, tests 510ms, environment 4ms, prepare 7.99s)


=== pnpm --filter api run lint ===

> @repo/api@0.0.0 lint /private/tmp/f143-worktree/apps/api
> node scripts/lint-error-leak.mjs && node scripts/lint-permission-paths.mjs && node scripts/lint-no-builtin-capabilities.mjs && node scripts/lint-design-facet-single-source.mjs && tsx scripts/gen-design-facet-catalog.ts --check && tsx scripts/gen-agenda-tier-catalog.ts --check &&node scripts/lint-skill-context-api-only.mjs && node scripts/lint-naming-single-source.mjs && node ../../.harness/scripts/lint-arch-deps.mjs apps/api/src

✅ lint-error-leak: 34 files in the interface layer, no error detail reaches a response
scanned=34
✅ lint-permission-paths: every tenant-table read goes through the guarded read path
scanned=661 tenant-tables=85 allowlisted=32
· [debt] apps/web/lib/mock/admin.ts:219  built-in capability entry `Ava`
· [debt] apps/web/lib/mock/admin.ts:220  built-in capability entry `Scout`
· [debt] apps/web/lib/mock/admin.ts:221  built-in capability entry `Echo`
· [debt] apps/web/lib/mock/admin.ts:222  built-in capability entry `Ledger`
· [debt] apps/web/lib/mock/agent-runtime.ts:229  built-in capability entry `Ledger`
· [debt] apps/web/lib/mock/agent-runtime.ts:270  built-in capability entry `Ava`
· [debt] apps/web/lib/mock/agent-runtime.ts:271  built-in capability entry `Atlas`
· [debt] apps/web/lib/mock/agent-runtime.ts:272  built-in capability entry `Scout`
· [debt] apps/web/lib/mock/agent-runtime.ts:273  built-in capability entry `Ledger`
· [debt] apps/web/lib/mock/agent-runtime.ts:274  built-in capability entry `Warden`
· [debt] apps/web/lib/mock/agent-runtime.ts:275  built-in capability entry `Echo`
· [debt] apps/web/lib/mock/agent-runtime.ts:288  built-in capability entry `Atlas`
· [debt] apps/web/lib/mock/agent-runtime.ts:343  built-in capability entry `Ava`
· [debt] apps/web/lib/mock/agent-runtime.ts:344  built-in capability entry `Scout`
· [debt] apps/web/lib/mock/agent-runtime.ts:389  built-in capability entry `Ava`
· [debt] apps/web/lib/mock/agent-runtime.ts:391  list-shaped constant `skills` with 3 entries
· [debt] apps/web/lib/mock/agent-runtime.ts:393  built-in capability entry `Ava`
· [debt] apps/web/lib/mock/agent-runtime.ts:395  built-in capability entry `Ava`
· [debt] apps/web/lib/mock/agent-runtime.ts:400  built-in capability entry `Atlas`
· [debt] apps/web/lib/mock/agent-runtime.ts:402  list-shaped constant `skills` with 3 entries
· [debt] apps/web/lib/mock/agent-runtime.ts:404  built-in capability entry `Atlas`
· [debt] apps/web/lib/mock/agent-runtime.ts:406  built-in capability entry `Atlas`
· [debt] apps/web/lib/mock/agent-runtime.ts:411  built-in capability entry `Scout`
· [debt] apps/web/lib/mock/agent-runtime.ts:413  list-shaped constant `skills` with 3 entries
· [debt] apps/web/lib/mock/agent-runtime.ts:415  built-in capability entry `Scout`
· [debt] apps/web/lib/mock/agent-runtime.ts:417  built-in capability entry `Scout`
· [debt] apps/web/lib/mock/agent-runtime.ts:422  built-in capability entry `Ledger`
· [debt] apps/web/lib/mock/agent-runtime.ts:424  list-shaped constant `skills` with 3 entries
· [debt] apps/web/lib/mock/agent-runtime.ts:426  built-in capability entry `Ledger`
· [debt] apps/web/lib/mock/agent-runtime.ts:428  built-in capability entry `Ledger`
· [debt] apps/web/lib/mock/agent-runtime.ts:433  built-in capability entry `Warden`
· [debt] apps/web/lib/mock/agent-runtime.ts:435  list-shaped constant `skills` with 3 entries
· [debt] apps/web/lib/mock/agent-runtime.ts:437  built-in capability entry `Warden`
· [debt] apps/web/lib/mock/agent-runtime.ts:439  built-in capability entry `Warden`
· [debt] apps/web/lib/mock/agent-runtime.ts:444  built-in capability entry `Echo`
· [debt] apps/web/lib/mock/agent-runtime.ts:446  list-shaped constant `skills` with 3 entries
· [debt] apps/web/lib/mock/agent-runtime.ts:448  built-in capability entry `Echo`
· [debt] apps/web/lib/mock/agent-runtime.ts:450  built-in capability entry `Echo`
· [debt] apps/web/lib/mock/agent-runtime.ts:472  built-in capability entry `Ava`
· [debt] apps/web/lib/mock/asset-governance.ts:385  built-in capability entry `Ava`
· [debt] apps/web/lib/mock/canvas.ts:283  list-shaped constant `templates` with 3 entries
· [debt] apps/web/lib/mock/canvas.ts:283  list-shaped constant `skills` with 3 entries
· [debt] apps/web/lib/mock/canvas.ts:284  list-shaped constant `templates` with 6 entries
· [debt] apps/web/lib/mock/canvas.ts:284  list-shaped constant `skills` with 3 entries
· [debt] apps/web/lib/mock/canvas.ts:285  list-shaped constant `templates` with 3 entries
· [debt] apps/web/lib/mock/canvas.ts:285  list-shaped constant `skills` with 6 entries
· [debt] apps/web/lib/mock/canvas.ts:286  list-shaped constant `templates` with 3 entries
· [debt] apps/web/lib/mock/canvas.ts:286  list-shaped constant `skills` with 3 entries
· [debt] apps/web/lib/mock/chat.ts:56  built-in capability entry `Ava`
· [debt] apps/web/lib/mock/chat.ts:57  built-in capability entry `Atlas`
· [debt] apps/web/lib/mock/chat.ts:58  built-in capability entry `Scout`
· [debt] apps/web/lib/mock/chat.ts:59  built-in capability entry `Ledger`
· [debt] apps/web/lib/mock/chat.ts:60  built-in capability entry `Warden`
· [debt] apps/web/lib/mock/chat.ts:61  built-in capability entry `Echo`
· [debt] apps/web/lib/mock/chat.ts:375  built-in capability entry `Ava`
· [debt] apps/web/lib/mock/chat.ts:413  built-in capability entry `Ava`
· [debt] apps/web/lib/mock/chat.ts:422  built-in capability entry `Scout`
· [debt] apps/web/lib/mock/chat.ts:450  built-in capability entry `Ava`
· [debt] apps/web/lib/mock/chat.ts:484  built-in capability entry `Scout`
· [debt] apps/web/lib/mock/chat.ts:485  list-shaped constant `models` with 4 entries
· [debt] apps/web/lib/mock/chat.ts:510  built-in capability entry `Scout`
· [debt] apps/web/lib/mock/chat.ts:565  built-in capability entry `Ledger`
· [debt] apps/web/lib/mock/chat.ts:774  list-shaped constant `skills` with 6 entries
· [debt] apps/web/lib/mock/chat.ts:779  list-shaped constant `skills` with 4 entries
· [debt] apps/web/lib/mock/chat.ts:785  list-shaped constant `skills` with 5 entries
· [debt] apps/web/lib/mock/chat.ts:790  list-shaped constant `skills` with 4 entries
· [debt] apps/web/lib/mock/chat.ts:826  list-shaped constant `presetSkills` with 3 entries
· [debt] apps/web/lib/mock/interview-studio.ts:426  built-in capability entry `Echo`
· [debt] apps/web/lib/mock/project.ts:254  built-in capability entry `Scout`
· [debt] apps/web/lib/mock/rec.ts:325  built-in capability entry `Ava`
· [debt] apps/web/lib/mock/rec.ts:391  built-in capability entry `Ava`
· [debt] apps/web/lib/mock/rec.ts:392  built-in capability entry `Ava`
· [debt] apps/web/lib/mock/rec.ts:393  built-in capability entry `Scout`
· [debt] apps/web/lib/mock/research-studio.ts:90  list-shaped constant `RS_SOURCE_DEFAULT` with 2 entries
· [debt] apps/web/lib/mock/skill.ts:639  built-in capability entry `Scout`
· [debt] apps/web/lib/mock/tasks.ts:158  built-in capability entry `Ledger`
· [debt] apps/web/lib/mock/tasks.ts:168  built-in capability entry `Scout`
· [debt] apps/web/lib/mock/tpl.ts:343  built-in capability entry `Scout`
✅ lint-no-builtin-capabilities: no built-in capability list in product code
scanned=953 violations=0 debt=78 migrations=64
· [debt] apps/web/lib/mock/tpl.ts:95  second design-facet definition table spread over multiple lines (15 distinct keys)
· [debt] apps/web/lib/mock/tpl.ts:516  hardcoded completeness denominator in `usedCount: 12, satisfaction: { mean: 4.6, sampleSize: 9 }, d`
· [debt] apps/web/lib/mock/tpl.ts:520  hardcoded completeness denominator in `usedCount: 3, satisfaction: { mean: 4.3, sampleSize: 3 }, do`
· [debt] apps/web/lib/mock/tpl.ts:528  hardcoded completeness denominator in `usedCount: 4, satisfaction: { mean: 4.4, sampleSize: 5 }, do`
· [debt] apps/web/lib/mock/tpl.ts:544  second design-facet slot list (3 keys: flow-agenda, project-materials, outputs…)
· [debt] apps/web/lib/mock/tpl.ts:546  second design-facet slot list (2 keys: grouping-rule, skill-binding…)
· [debt] apps/web/lib/mock/tpl.ts:548  second design-facet slot list (3 keys: topic-and-background, survey, report-template…)
· [debt] apps/web/components/tpl/designer-panels.tsx:709  second design-facet definition table spread over multiple lines (13 distinct keys)
✅ lint-design-facet-single-source: the definition table has one source
scanned=1383 violations=0 debt=8 keys=15 groups=5
✅ design-facet catalog is in sync with the definition table
✅ agenda tier catalog is in sync with the definition table
✅ lint-skill-context-api-only: 49 个文件，skill 取数只经 Context API（I-25）
scanned=49 violations=0
✅ lint-naming-single-source: 0 处败选名（stepId / step_id / agenda_stage / stage.<action>）
scanned-roots=4
✅ lint-arch-deps: 659 files, all dependencies point inward
scanned=659
