$ pnpm --filter api exec vitest run tests/tpl/model-strategy-three-lanes.test.ts
[exit 0]


 RUN  v2.1.9 /private/tmp/f20-worktree/apps/api

 ✓ tests/tpl/model-strategy-three-lanes.test.ts (7 tests) 2ms

 Test Files  1 passed (1)
      Tests  7 passed (7)
   Start at  04:41:44
   Duration  330ms (transform 141ms, setup 0ms, collect 182ms, tests 2ms, environment 0ms, prepare 38ms)

$ pnpm --filter api exec vitest run tests/tpl/confidential-local-not-downgraded.test.ts
[exit 0]


 RUN  v2.1.9 /private/tmp/f20-worktree/apps/api

 ✓ tests/tpl/confidential-local-not-downgraded.test.ts (5 tests) 2ms

 Test Files  1 passed (1)
      Tests  5 passed (5)
   Start at  04:41:45
   Duration  332ms (transform 137ms, setup 0ms, collect 182ms, tests 2ms, environment 0ms, prepare 28ms)

$ pnpm --filter api exec vitest run tests/tpl/quota-90-downgrade-not-halt.test.ts
[exit 0]


 RUN  v2.1.9 /private/tmp/f20-worktree/apps/api

 ✓ tests/tpl/quota-90-downgrade-not-halt.test.ts (7 tests) 2ms

 Test Files  1 passed (1)
      Tests  7 passed (7)
   Start at  04:41:45
   Duration  317ms (transform 134ms, setup 0ms, collect 171ms, tests 2ms, environment 0ms, prepare 31ms)
