=== pnpm --filter api exec vitest run tests/tpl/deviation-diff-by-config-table.test.ts ===

 RUN  v2.1.9 /private/tmp/f29-worktree/apps/api

 ✓ tests/tpl/deviation-diff-by-config-table.test.ts (11 tests) 3ms

 Test Files  1 passed (1)
      Tests  11 passed (11)
   Start at  22:09:05
   Duration  223ms (transform 32ms, setup 0ms, collect 33ms, tests 3ms, environment 0ms, prepare 29ms)


=== pnpm --filter api exec vitest run tests/tpl/pending-change-not-live.test.ts ===

 RUN  v2.1.9 /private/tmp/f29-worktree/apps/api

 ✓ tests/tpl/pending-change-not-live.test.ts (9 tests) 3ms

 Test Files  1 passed (1)
      Tests  9 passed (9)
   Start at  22:09:05
   Duration  180ms (transform 18ms, setup 0ms, collect 18ms, tests 3ms, environment 0ms, prepare 23ms)


=== pnpm --filter api exec vitest run tests/tpl/merge-only-by-maintainer.test.ts ===

 RUN  v2.1.9 /private/tmp/f29-worktree/apps/api

 ✓ tests/tpl/merge-only-by-maintainer.test.ts (6 tests) 2ms

 Test Files  1 passed (1)
      Tests  6 passed (6)
   Start at  22:09:06
   Duration  172ms (transform 22ms, setup 0ms, collect 20ms, tests 2ms, environment 0ms, prepare 30ms)

