$ pnpm --filter api exec vitest run tests/files/zip-export-roundtrip.test.ts

 RUN  v2.1.9 /private/tmp/f33-worktree/apps/api

 ✓ tests/files/zip-export-roundtrip.test.ts (4 tests) 3ms

 Test Files  1 passed (1)
      Tests  4 passed (4)
   Start at  06:05:22
   Duration  215ms (transform 46ms, setup 0ms, collect 53ms, tests 3ms, environment 0ms, prepare 32ms)

[exit 0]


$ pnpm --filter api exec vitest run tests/files/export-manifest-sha256.test.ts

 RUN  v2.1.9 /private/tmp/f33-worktree/apps/api

 ✓ tests/files/export-manifest-sha256.test.ts (4 tests) 3ms

 Test Files  1 passed (1)
      Tests  4 passed (4)
   Start at  06:05:23
   Duration  194ms (transform 44ms, setup 0ms, collect 54ms, tests 3ms, environment 0ms, prepare 35ms)

[exit 0]


$ pnpm --filter api exec vitest run tests/files/fts-search-six-filters.test.ts

 RUN  v2.1.9 /private/tmp/f33-worktree/apps/api

 ✓ tests/files/fts-search-six-filters.test.ts (6 tests) 398ms

 Test Files  1 passed (1)
      Tests  6 passed (6)
   Start at  06:05:23
   Duration  763ms (transform 157ms, setup 0ms, collect 225ms, tests 398ms, environment 0ms, prepare 22ms)

[exit 0]
