=== pnpm --filter api exec vitest run tests/files/review-pending-gate.test.ts ===

 RUN  v2.1.9 /private/tmp/f39-worktree/apps/api

 ✓ tests/files/review-pending-gate.test.ts (8 tests) 3ms

 Test Files  1 passed (1)
      Tests  8 passed (8)
   Start at  22:51:04
   Duration  209ms (transform 65ms, setup 0ms, collect 66ms, tests 3ms, environment 0ms, prepare 43ms)


=== pnpm --filter api exec vitest run tests/files/ai-fill-missing-material.test.ts ===

 RUN  v2.1.9 /private/tmp/f39-worktree/apps/api

 ✓ tests/files/ai-fill-missing-material.test.ts (4 tests) 3ms

 Test Files  1 passed (1)
      Tests  4 passed (4)
   Start at  22:51:05
   Duration  205ms (transform 38ms, setup 0ms, collect 47ms, tests 3ms, environment 0ms, prepare 20ms)


=== pnpm --filter web exec vitest run tests/ui/files-review-drawer.test.tsx ===
[33mThe CJS build of Vite's Node API is deprecated. See https://vite.dev/guide/troubleshooting.html#vite-cjs-node-api-deprecated for more details.[39m

 RUN  v2.1.9 /private/tmp/f39-worktree/apps/web

 ✓ tests/ui/files-review-drawer.test.tsx (5 tests) 58ms

 Test Files  1 passed (1)
      Tests  5 passed (5)
   Start at  22:51:05
   Duration  781ms (transform 62ms, setup 79ms, collect 106ms, tests 58ms, environment 389ms, prepare 27ms)


=== apps/api typecheck (fabric-markdown pre-existing errors filtered out; zero errors in touched files) ===

> @repo/api@0.0.0 typecheck /private/tmp/f39-worktree/apps/api
> tsc --noEmit

 ELIFECYCLE  Command failed with exit code 2.

=== node scripts/lint-permission-paths.mjs ===
✅ lint-permission-paths: every tenant-table read goes through the guarded read path
scanned=572 tenant-tables=83 allowlisted=27
