$ pnpm --filter api exec vitest run tests/capability/model/confidential-hard-route.test.ts

 RUN  v2.1.9 /private/tmp/f51-worktree/apps/api

 ✓ tests/capability/model/confidential-hard-route.test.ts (16 tests) 12ms

 Test Files  1 passed (1)
      Tests  16 passed (16)
   Start at  10:17:26
   Duration  1.07s (transform 110ms, setup 0ms, collect 158ms, tests 12ms, environment 0ms, prepare 198ms)

[exit 0]

$ pnpm --filter api exec vitest run tests/capability/model/chat-datascope-contract.test.ts

 RUN  v2.1.9 /private/tmp/f51-worktree/apps/api

 ✓ tests/capability/model/chat-datascope-contract.test.ts (9 tests) 84ms

 Test Files  1 passed (1)
      Tests  9 passed (9)
   Start at  10:17:28
   Duration  1.13s (transform 177ms, setup 0ms, collect 265ms, tests 84ms, environment 0ms, prepare 270ms)

[exit 0]

$ pnpm --filter api exec vitest run tests/capability/model/no-model-call-bypasses-router.test.ts

 RUN  v2.1.9 /private/tmp/f51-worktree/apps/api

 ✓ tests/capability/model/no-model-call-bypasses-router.test.ts (6 tests) 24ms

 Test Files  1 passed (1)
      Tests  6 passed (6)
   Start at  10:17:31
   Duration  1.16s (transform 88ms, setup 0ms, collect 123ms, tests 24ms, environment 0ms, prepare 129ms)

[exit 0]

$ pnpm --filter web exec vitest run tests/single-source-of-truth.test.ts
[33mThe CJS build of Vite's Node API is deprecated. See https://vite.dev/guide/troubleshooting.html#vite-cjs-node-api-deprecated for more details.[39m

 RUN  v2.1.9 /private/tmp/f51-worktree/apps/web

 ✓ tests/single-source-of-truth.test.ts (22 tests) 427ms

 Test Files  1 passed (1)
      Tests  22 passed (22)
   Start at  10:17:35
   Duration  2.88s (transform 331ms, setup 444ms, collect 156ms, tests 427ms, environment 0ms, prepare 171ms)

[exit 0]

