=== F96 verification log ===
Date: 2026-08-02T00:05:57Z

$ pnpm --filter api exec vitest run tests/itv/portal-three-rights.test.ts

 RUN  v2.1.9 /private/tmp/f96-worktree/apps/api

 ✓ tests/itv/portal-three-rights.test.ts (8 tests) 4ms

 Test Files  1 passed (1)
      Tests  8 passed (8)
   Start at  08:05:57
   Duration  257ms (transform 75ms, setup 0ms, collect 93ms, tests 4ms, environment 0ms, prepare 45ms)


$ pnpm --filter api exec vitest run tests/itv/portal-token-scope-and-lifetime.test.ts

 RUN  v2.1.9 /private/tmp/f96-worktree/apps/api

 ✓ tests/itv/portal-token-scope-and-lifetime.test.ts (7 tests) 3ms

 Test Files  1 passed (1)
      Tests  7 passed (7)
   Start at  08:05:58
   Duration  234ms (transform 76ms, setup 0ms, collect 86ms, tests 3ms, environment 0ms, prepare 37ms)


$ grep -rq 'data-testid=.consent-withdraw-done' apps/web/components/entry; echo exit=$?
exit=0

=== Supplementary notes (not part of the two required verification commands) ===

$ pnpm --filter api exec tsc --noEmit -p tsconfig.json 2>&1 | grep -E "apps/api/src|apps/api/tests"
(no output — no type errors in any apps/api/src or apps/api/tests file, including the
 new/changed F96 files. The tsc run itself reports pre-existing errors confined to
 packages/fabric-markdown/**, confirmed present on origin/main before this branch's
 changes via `git stash` + rerun, i.e. unrelated to F96.)

$ pnpm --filter api exec vitest run tests/itv/ (full itv suite, for regression check)
158 passed | 86 skipped; 13 files fail only with
  "failed to connect to the docker API ... no such file or directory"
(Postgres-backed tests — no local Docker daemon in this environment; per issue #74
 these are skipped locally and not part of F96's own verification commands.)
