[heavy-e2e-lock] 排到了，等了 0s
[stack-admission] load1=8.27 cores=10 perCore=0.83 running=0/2
[stack-admission] 排到了，等了 0s
[test-isolation] id=run-mtzy6y38-959ad11c-9572b6499f64 db=wsx_9572b6499f6473b55ba1 compose=wsx-9572b6499f6473b55ba1 pg=20953 redis=21953 api=24953 web=25953 sandbox=26953 model=27953 deep-agent=28953 asr=29953 vision=30953 loopback-sandbox=31953
[WebServer] (node:10692) Warning: The 'NO_COLOR' env is ignored due to the 'FORCE_COLOR' env being set.
[WebServer] (Use `node --trace-warnings ...` to show where the warning was created)
[WebServer] (node:10694) Warning: The 'NO_COLOR' env is ignored due to the 'FORCE_COLOR' env being set.
[WebServer] (Use `node --trace-warnings ...` to show where the warning was created)
[WebServer] (node:10700) Warning: The 'NO_COLOR' env is ignored due to the 'FORCE_COLOR' env being set.
[WebServer] (Use `node --trace-warnings ...` to show where the warning was created)
[WebServer] (node:10703) Warning: The 'NO_COLOR' env is ignored due to the 'FORCE_COLOR' env being set.
[WebServer] (Use `node --trace-warnings ...` to show where the warning was created)
[WebServer] (node:10704) Warning: The 'NO_COLOR' env is ignored due to the 'FORCE_COLOR' env being set.
[WebServer] (Use `node --trace-warnings ...` to show where the warning was created)
[WebServer] (node:10710) Warning: The 'NO_COLOR' env is ignored due to the 'FORCE_COLOR' env being set.
[WebServer] (Use `node --trace-warnings ...` to show where the warning was created)
[WebServer] (node:10734) Warning: The 'NO_COLOR' env is ignored due to the 'FORCE_COLOR' env being set.
[WebServer] (Use `node --trace-warnings ...` to show where the warning was created)
[WebServer] (node:10735) Warning: The 'NO_COLOR' env is ignored due to the 'FORCE_COLOR' env being set.
[WebServer] (Use `node --trace-warnings ...` to show where the warning was created)
[WebServer] (node:10741) Warning: The 'NO_COLOR' env is ignored due to the 'FORCE_COLOR' env being set.
[WebServer] (Use `node --trace-warnings ...` to show where the warning was created)
[WebServer] (node:10742) Warning: The 'NO_COLOR' env is ignored due to the 'FORCE_COLOR' env being set.
[WebServer] (Use `node --trace-warnings ...` to show where the warning was created)
[WebServer] (node:10743) Warning: The 'NO_COLOR' env is ignored due to the 'FORCE_COLOR' env being set.
[WebServer] (Use `node --trace-warnings ...` to show where the warning was created)
[WebServer] (node:10749) Warning: The 'NO_COLOR' env is ignored due to the 'FORCE_COLOR' env being set.
[WebServer] (Use `node --trace-warnings ...` to show where the warning was created)
[WebServer]  Network wsx-9572b6499f6473b55ba1_default Creating 
[WebServer]  Network wsx-9572b6499f6473b55ba1_default Created 
[WebServer]  Container wsx-9572b6499f6473b55ba1-redis-1 Creating 
[WebServer]  Container wsx-9572b6499f6473b55ba1-postgres-1 Creating 
[WebServer]  Container wsx-9572b6499f6473b55ba1-minio-1 Creating 
[WebServer]  Container wsx-9572b6499f6473b55ba1-postgres-1 Created 
[WebServer]  Container wsx-9572b6499f6473b55ba1-minio-1 Created 
[WebServer]  Container wsx-9572b6499f6473b55ba1-redis-1 Created 
[WebServer]  Container wsx-9572b6499f6473b55ba1-minio-1 Starting 
[WebServer]  Container wsx-9572b6499f6473b55ba1-redis-1 Starting 
[WebServer]  Container wsx-9572b6499f6473b55ba1-postgres-1 Starting 
[WebServer]  Container wsx-9572b6499f6473b55ba1-redis-1 Started 
[WebServer]  Container wsx-9572b6499f6473b55ba1-minio-1 Started 
[WebServer]  Container wsx-9572b6499f6473b55ba1-postgres-1 Started 
[WebServer]  Container wsx-9572b6499f6473b55ba1-redis-1 Waiting 
[WebServer]  Container wsx-9572b6499f6473b55ba1-postgres-1 Waiting 
[WebServer]  Container wsx-9572b6499f6473b55ba1-minio-1 Waiting 
[WebServer]  Container wsx-9572b6499f6473b55ba1-redis-1 Healthy 
[WebServer]  Container wsx-9572b6499f6473b55ba1-minio-1 Healthy 
[WebServer]  Container wsx-9572b6499f6473b55ba1-postgres-1 Healthy 
[WebServer] (node:10756) Warning: The 'NO_COLOR' env is ignored due to the 'FORCE_COLOR' env being set.
[WebServer] (Use `node --trace-warnings ...` to show where the warning was created)
[WebServer] (node:10759) Warning: The 'NO_COLOR' env is ignored due to the 'FORCE_COLOR' env being set.
[WebServer] (Use `node --trace-warnings ...` to show where the warning was created)
[WebServer] (node:10854) Warning: The 'NO_COLOR' env is ignored due to the 'FORCE_COLOR' env being set.
[WebServer] (Use `node --trace-warnings ...` to show where the warning was created)
[WebServer] (node:10869) Warning: The 'NO_COLOR' env is ignored due to the 'FORCE_COLOR' env being set.
[WebServer] (Use `node --trace-warnings ...` to show where the warning was created)
[WebServer] (node:10876) Warning: The 'NO_COLOR' env is ignored due to the 'FORCE_COLOR' env being set.
[WebServer] (Use `node --trace-warnings ...` to show where the warning was created)
[WebServer] (node:10907) Warning: The 'NO_COLOR' env is ignored due to the 'FORCE_COLOR' env being set.
[WebServer] (Use `node --trace-warnings ...` to show where the warning was created)
[WebServer] (node:11880) Warning: The 'NO_COLOR' env is ignored due to the 'FORCE_COLOR' env being set.
[WebServer] (Use `node --trace-warnings ...` to show where the warning was created)
[WebServer] (node:12021) Warning: The 'NO_COLOR' env is ignored due to the 'FORCE_COLOR' env being set.
[WebServer] (Use `node --trace-warnings ...` to show where the warning was created)
[WebServer] (node:12022) Warning: The 'NO_COLOR' env is ignored due to the 'FORCE_COLOR' env being set.
[WebServer] (Use `node --trace-warnings ...` to show where the warning was created)
[WebServer] (node:12033) Warning: The 'NO_COLOR' env is ignored due to the 'FORCE_COLOR' env being set.
[WebServer] (Use `node --trace-warnings ...` to show where the warning was created)
[WebServer] (node:12036) Warning: The 'NO_COLOR' env is ignored due to the 'FORCE_COLOR' env being set.
[WebServer] (Use `node --trace-warnings ...` to show where the warning was created)
[WebServer] (node:12032) Warning: The 'NO_COLOR' env is ignored due to the 'FORCE_COLOR' env being set.
[WebServer] (Use `node --trace-warnings ...` to show where the warning was created)
[WebServer] (node:12030) Warning: The 'NO_COLOR' env is ignored due to the 'FORCE_COLOR' env being set.
[WebServer] (Use `node --trace-warnings ...` to show where the warning was created)
[WebServer] (node:12037) Warning: The 'NO_COLOR' env is ignored due to the 'FORCE_COLOR' env being set.
[WebServer] (Use `node --trace-warnings ...` to show where the warning was created)
[WebServer] (node:12035) Warning: The 'NO_COLOR' env is ignored due to the 'FORCE_COLOR' env being set.
[WebServer] (Use `node --trace-warnings ...` to show where the warning was created)
[WebServer] (node:12031) Warning: The 'NO_COLOR' env is ignored due to the 'FORCE_COLOR' env being set.
[WebServer] (Use `node --trace-warnings ...` to show where the warning was created)
[WebServer] (node:12034) Warning: The 'NO_COLOR' env is ignored due to the 'FORCE_COLOR' env being set.
[WebServer] (Use `node --trace-warnings ...` to show where the warning was created)
[WebServer] (node:12038) Warning: The 'NO_COLOR' env is ignored due to the 'FORCE_COLOR' env being set.
[WebServer] (Use `node --trace-warnings ...` to show where the warning was created)
[WebServer] (node:12023) Warning: The 'NO_COLOR' env is ignored due to the 'FORCE_COLOR' env being set.
[WebServer] (Use `node --trace-warnings ...` to show where the warning was created)
[WebServer] (node:12024) Warning: The 'NO_COLOR' env is ignored due to the 'FORCE_COLOR' env being set.
[WebServer] (Use `node --trace-warnings ...` to show where the warning was created)
[WebServer] (node:12099) Warning: The 'NO_COLOR' env is ignored due to the 'FORCE_COLOR' env being set.
[WebServer] (Use `node --trace-warnings ...` to show where the warning was created)

Running 3 tests using 1 worker

(node:12113) Warning: The 'NO_COLOR' env is ignored due to the 'FORCE_COLOR' env being set.
(Use `node --trace-warnings ...` to show where the warning was created)
(node:12113) Warning: The 'NO_COLOR' env is ignored due to the 'FORCE_COLOR' env being set.
(Use `node --trace-warnings ...` to show where the warning was created)
[WebServer] (node:12099) [DEP0060] DeprecationWarning: The `util._extend` API is deprecated. Please use Object.assign() instead.
  ✓  1 [seeded] › e2e/core-journey-01-registration.spec.ts:62:7 › 旅程①邀请注册：t 激活后直接进入工作台，刷新仍保留正确身份 (9.7s)
  ✓  2 [seeded] › e2e/core-journey-01-registration.spec.ts:62:7 › 旅程①邀请注册：lt 激活后直接进入工作台，刷新仍保留正确身份 (10.7s)
  ✓  3 [seeded] › e2e/core-journey-01-registration.spec.ts:124:5 › 旅程①邀请注册：真实跨标签页锁保留先提交的密码登录会话 (11.6s)

  3 passed (7.9m)
[timing] pnpm --filter web exec playwright test --config playwright.fullstack-smoke.config.ts --project=seeded --no-deps core-journey-01-registration.spec.ts --grep 邀请注册
  等待重e2e互斥锁：0s
  环境预留：0s
  等待资源：0s
  命令执行：7m58s
  清理：1s
  总计：7m59s
