[stack-admission] load1=219.95 cores=10 perCore=21.99 running=0/2
[stack-admission] 排队中：机器每核负载 21.99（上限 2.5）—— 现在起栈只会让所有人一起变慢。已等 0s，5s 后重试。（这不是卡死，也不是你的代码有问题）
[stack-admission] 排队中：机器每核负载 21.88（上限 2.5）—— 现在起栈只会让所有人一起变慢。已等 5s，5s 后重试。（这不是卡死，也不是你的代码有问题）
[stack-admission] 排队中：机器每核负载 21.83（上限 2.5）—— 现在起栈只会让所有人一起变慢。已等 10s，5s 后重试。（这不是卡死，也不是你的代码有问题）
[stack-admission] 排队中：机器每核负载 21.55（上限 2.5）—— 现在起栈只会让所有人一起变慢。已等 15s，5s 后重试。（这不是卡死，也不是你的代码有问题）
[stack-admission] 排队中：机器每核负载 21.05（上限 2.5）—— 现在起栈只会让所有人一起变慢。已等 20s，5s 后重试。（这不是卡死，也不是你的代码有问题）
[stack-admission] 排队中：机器每核负载 21.08（上限 2.5）—— 现在起栈只会让所有人一起变慢。已等 25s，5s 后重试。（这不是卡死，也不是你的代码有问题）
[stack-admission] 排队中：机器每核负载 21.20（上限 2.5）—— 现在起栈只会让所有人一起变慢。已等 30s，5s 后重试。（这不是卡死，也不是你的代码有问题）
[stack-admission] 排队中：机器每核负载 21.20（上限 2.5）—— 现在起栈只会让所有人一起变慢。已等 35s，5s 后重试。（这不是卡死，也不是你的代码有问题）
[stack-admission] 排队中：机器每核负载 21.25（上限 2.5）—— 现在起栈只会让所有人一起变慢。已等 40s，5s 后重试。（这不是卡死，也不是你的代码有问题）
[stack-admission] 排队中：机器每核负载 21.15（上限 2.5）—— 现在起栈只会让所有人一起变慢。已等 45s，5s 后重试。（这不是卡死，也不是你的代码有问题）
[stack-admission] 排队中：机器每核负载 21.02（上限 2.5）—— 现在起栈只会让所有人一起变慢。已等 50s，5s 后重试。（这不是卡死，也不是你的代码有问题）
[stack-admission] 排队中：机器每核负载 20.59（上限 2.5）—— 现在起栈只会让所有人一起变慢。已等 55s，5s 后重试。（这不是卡死，也不是你的代码有问题）
[stack-admission] 排队中：机器每核负载 20.86（上限 2.5）—— 现在起栈只会让所有人一起变慢。已等 60s，5s 后重试。（这不是卡死，也不是你的代码有问题）
[stack-admission] 排队中：机器每核负载 20.81（上限 2.5）—— 现在起栈只会让所有人一起变慢。已等 65s，5s 后重试。（这不是卡死，也不是你的代码有问题）
[stack-admission] 排队中：机器每核负载 20.49（上限 2.5）—— 现在起栈只会让所有人一起变慢。已等 70s，5s 后重试。（这不是卡死，也不是你的代码有问题）
[stack-admission] 排队中：机器每核负载 20.59（上限 2.5）—— 现在起栈只会让所有人一起变慢。已等 75s，5s 后重试。（这不是卡死，也不是你的代码有问题）
[stack-admission] 排队中：机器每核负载 20.42（上限 2.5）—— 现在起栈只会让所有人一起变慢。已等 80s，5s 后重试。（这不是卡死，也不是你的代码有问题）
[stack-admission] 排队中：机器每核负载 20.68（上限 2.5）—— 现在起栈只会让所有人一起变慢。已等 85s，5s 后重试。（这不是卡死，也不是你的代码有问题）
[stack-admission] 排队中：机器每核负载 20.94（上限 2.5）—— 现在起栈只会让所有人一起变慢。已等 90s，5s 后重试。（这不是卡死，也不是你的代码有问题）
[stack-admission] 排队中：机器每核负载 20.83（上限 2.5）—— 现在起栈只会让所有人一起变慢。已等 95s，5s 后重试。（这不是卡死，也不是你的代码有问题）
[stack-admission] 排队中：机器每核负载 20.52（上限 2.5）—— 现在起栈只会让所有人一起变慢。已等 100s，5s 后重试。（这不是卡死，也不是你的代码有问题）
[stack-admission] 排队中：机器每核负载 20.29（上限 2.5）—— 现在起栈只会让所有人一起变慢。已等 105s，5s 后重试。（这不是卡死，也不是你的代码有问题）
[stack-admission] 排队中：机器每核负载 20.09（上限 2.5）—— 现在起栈只会让所有人一起变慢。已等 110s，5s 后重试。（这不是卡死，也不是你的代码有问题）
[stack-admission] 排队中：机器每核负载 20.10（上限 2.5）—— 现在起栈只会让所有人一起变慢。已等 115s，5s 后重试。（这不是卡死，也不是你的代码有问题）
[stack-admission] 排队中：机器每核负载 20.14（上限 2.5）—— 现在起栈只会让所有人一起变慢。已等 120s，5s 后重试。（这不是卡死，也不是你的代码有问题）
[stack-admission] 排队中：机器每核负载 20.33（上限 2.5）—— 现在起栈只会让所有人一起变慢。已等 125s，5s 后重试。（这不是卡死，也不是你的代码有问题）
[stack-admission] 排队中：机器每核负载 20.05（上限 2.5）—— 现在起栈只会让所有人一起变慢。已等 130s，5s 后重试。（这不是卡死，也不是你的代码有问题）
[stack-admission] 排队中：机器每核负载 19.95（上限 2.5）—— 现在起栈只会让所有人一起变慢。已等 135s，5s 后重试。（这不是卡死，也不是你的代码有问题）
[stack-admission] 排队中：机器每核负载 19.84（上限 2.5）—— 现在起栈只会让所有人一起变慢。已等 140s，5s 后重试。（这不是卡死，也不是你的代码有问题）
[stack-admission] 排队中：机器每核负载 19.85（上限 2.5）—— 现在起栈只会让所有人一起变慢。已等 145s，5s 后重试。（这不是卡死，也不是你的代码有问题）
[stack-admission] 排队中：机器每核负载 19.97（上限 2.5）—— 现在起栈只会让所有人一起变慢。已等 150s，5s 后重试。（这不是卡死，也不是你的代码有问题）
[stack-admission] 排队中：机器每核负载 19.88（上限 2.5）—— 现在起栈只会让所有人一起变慢。已等 155s，5s 后重试。（这不是卡死，也不是你的代码有问题）
[stack-admission] 排队中：机器每核负载 19.89（上限 2.5）—— 现在起栈只会让所有人一起变慢。已等 160s，5s 后重试。（这不是卡死，也不是你的代码有问题）
[stack-admission] 排队中：机器每核负载 19.34（上限 2.5）—— 现在起栈只会让所有人一起变慢。已等 165s，5s 后重试。（这不是卡死，也不是你的代码有问题）
[stack-admission] 排队中：机器每核负载 18.99（上限 2.5）—— 现在起栈只会让所有人一起变慢。已等 170s，5s 后重试。（这不是卡死，也不是你的代码有问题）
[stack-admission] 排队中：机器每核负载 18.87（上限 2.5）—— 现在起栈只会让所有人一起变慢。已等 175s，5s 后重试。（这不是卡死，也不是你的代码有问题）
[stack-admission] 排队中：机器每核负载 18.80（上限 2.5）—— 现在起栈只会让所有人一起变慢。已等 180s，5s 后重试。（这不是卡死，也不是你的代码有问题）
[stack-admission] 排队中：机器每核负载 18.58（上限 2.5）—— 现在起栈只会让所有人一起变慢。已等 185s，5s 后重试。（这不是卡死，也不是你的代码有问题）
[stack-admission] 排队中：机器每核负载 18.55（上限 2.5）—— 现在起栈只会让所有人一起变慢。已等 190s，5s 后重试。（这不是卡死，也不是你的代码有问题）
[stack-admission] 排队中：机器每核负载 18.73（上限 2.5）—— 现在起栈只会让所有人一起变慢。已等 195s，5s 后重试。（这不是卡死，也不是你的代码有问题）
[stack-admission] 排队中：机器每核负载 19.83（上限 2.5）—— 现在起栈只会让所有人一起变慢。已等 200s，5s 后重试。（这不是卡死，也不是你的代码有问题）
[stack-admission] 排队中：机器每核负载 19.80（上限 2.5）—— 现在起栈只会让所有人一起变慢。已等 205s，5s 后重试。（这不是卡死，也不是你的代码有问题）
[stack-admission] 排队中：机器每核负载 20.93（上限 2.5）—— 现在起栈只会让所有人一起变慢。已等 210s，5s 后重试。（这不是卡死，也不是你的代码有问题）
[stack-admission] 排队中：机器每核负载 21.95（上限 2.5）—— 现在起栈只会让所有人一起变慢。已等 215s，5s 后重试。（这不是卡死，也不是你的代码有问题）
[stack-admission] 排队中：机器每核负载 22.67（上限 2.5）—— 现在起栈只会让所有人一起变慢。已等 220s，5s 后重试。（这不是卡死，也不是你的代码有问题）
[stack-admission] 排队中：机器每核负载 23.22（上限 2.5）—— 现在起栈只会让所有人一起变慢。已等 225s，5s 后重试。（这不是卡死，也不是你的代码有问题）
[stack-admission] 排队中：机器每核负载 23.44（上限 2.5）—— 现在起栈只会让所有人一起变慢。已等 230s，5s 后重试。（这不是卡死，也不是你的代码有问题）
[stack-admission] 排队中：机器每核负载 23.58（上限 2.5）—— 现在起栈只会让所有人一起变慢。已等 235s，5s 后重试。（这不是卡死，也不是你的代码有问题）
[stack-admission] 排队中：机器每核负载 24.24（上限 2.5）—— 现在起栈只会让所有人一起变慢。已等 240s，5s 后重试。（这不是卡死，也不是你的代码有问题）
[stack-admission] 排队中：机器每核负载 24.56（上限 2.5）—— 现在起栈只会让所有人一起变慢。已等 245s，5s 后重试。（这不是卡死，也不是你的代码有问题）
[stack-admission] 排队中：机器每核负载 23.81（上限 2.5）—— 现在起栈只会让所有人一起变慢。已等 250s，5s 后重试。（这不是卡死，也不是你的代码有问题）
[stack-admission] 排队中：机器每核负载 23.65（上限 2.5）—— 现在起栈只会让所有人一起变慢。已等 255s，5s 后重试。（这不是卡死，也不是你的代码有问题）
[stack-admission] 排队中：机器每核负载 23.01（上限 2.5）—— 现在起栈只会让所有人一起变慢。已等 260s，5s 后重试。（这不是卡死，也不是你的代码有问题）
[stack-admission] 排队中：机器每核负载 22.87（上限 2.5）—— 现在起栈只会让所有人一起变慢。已等 265s，5s 后重试。（这不是卡死，也不是你的代码有问题）
[stack-admission] 排队中：机器每核负载 22.27（上限 2.5）—— 现在起栈只会让所有人一起变慢。已等 270s，5s 后重试。（这不是卡死，也不是你的代码有问题）
[stack-admission] 排队中：机器每核负载 22.25（上限 2.5）—— 现在起栈只会让所有人一起变慢。已等 275s，5s 后重试。（这不是卡死，也不是你的代码有问题）
[stack-admission] 排队中：机器每核负载 21.77（上限 2.5）—— 现在起栈只会让所有人一起变慢。已等 280s，5s 后重试。（这不是卡死，也不是你的代码有问题）
[stack-admission] 排队中：机器每核负载 21.79（上限 2.5）—— 现在起栈只会让所有人一起变慢。已等 285s，5s 后重试。（这不是卡死，也不是你的代码有问题）
[stack-admission] 排队中：机器每核负载 21.40（上限 2.5）—— 现在起栈只会让所有人一起变慢。已等 290s，5s 后重试。（这不是卡死，也不是你的代码有问题）
[stack-admission] 排队中：机器每核负载 21.30（上限 2.5）—— 现在起栈只会让所有人一起变慢。已等 295s，5s 后重试。（这不是卡死，也不是你的代码有问题）
[stack-admission] 排队中：机器每核负载 21.53（上限 2.5）—— 现在起栈只会让所有人一起变慢。已等 300s，5s 后重试。（这不是卡死，也不是你的代码有问题）
[stack-admission] 排队中：机器每核负载 21.73（上限 2.5）—— 现在起栈只会让所有人一起变慢。已等 305s，5s 后重试。（这不是卡死，也不是你的代码有问题）
[stack-admission] 排队中：机器每核负载 21.99（上限 2.5）—— 现在起栈只会让所有人一起变慢。已等 310s，5s 后重试。（这不是卡死，也不是你的代码有问题）
[stack-admission] 排队中：机器每核负载 21.98（上限 2.5）—— 现在起栈只会让所有人一起变慢。已等 315s，5s 后重试。（这不是卡死，也不是你的代码有问题）
[stack-admission] 排队中：机器每核负载 21.95（上限 2.5）—— 现在起栈只会让所有人一起变慢。已等 320s，5s 后重试。（这不是卡死，也不是你的代码有问题）
[stack-admission] 排队中：机器每核负载 21.74（上限 2.5）—— 现在起栈只会让所有人一起变慢。已等 325s，5s 后重试。（这不是卡死，也不是你的代码有问题）
[stack-admission] 排队中：机器每核负载 21.68（上限 2.5）—— 现在起栈只会让所有人一起变慢。已等 330s，5s 后重试。（这不是卡死，也不是你的代码有问题）
[stack-admission] 排队中：机器每核负载 21.57（上限 2.5）—— 现在起栈只会让所有人一起变慢。已等 335s，5s 后重试。（这不是卡死，也不是你的代码有问题）
[stack-admission] 排队中：机器每核负载 21.19（上限 2.5）—— 现在起栈只会让所有人一起变慢。已等 340s，5s 后重试。（这不是卡死，也不是你的代码有问题）
[stack-admission] 排队中：机器每核负载 20.99（上限 2.5）—— 现在起栈只会让所有人一起变慢。已等 345s，5s 后重试。（这不是卡死，也不是你的代码有问题）
[stack-admission] 排队中：机器每核负载 20.99（上限 2.5）—— 现在起栈只会让所有人一起变慢。已等 350s，5s 后重试。（这不是卡死，也不是你的代码有问题）
[stack-admission] 排队中：机器每核负载 20.71（上限 2.5）—— 现在起栈只会让所有人一起变慢。已等 355s，5s 后重试。（这不是卡死，也不是你的代码有问题）
[stack-admission] 排队中：机器每核负载 20.68（上限 2.5）—— 现在起栈只会让所有人一起变慢。已等 360s，5s 后重试。（这不是卡死，也不是你的代码有问题）
[stack-admission] 排队中：机器每核负载 20.77（上限 2.5）—— 现在起栈只会让所有人一起变慢。已等 365s，5s 后重试。（这不是卡死，也不是你的代码有问题）
[stack-admission] 排队中：机器每核负载 20.84（上限 2.5）—— 现在起栈只会让所有人一起变慢。已等 370s，5s 后重试。（这不是卡死，也不是你的代码有问题）
[stack-admission] 排队中：机器每核负载 21.08（上限 2.5）—— 现在起栈只会让所有人一起变慢。已等 375s，5s 后重试。（这不是卡死，也不是你的代码有问题）
[stack-admission] 排队中：机器每核负载 20.86（上限 2.5）—— 现在起栈只会让所有人一起变慢。已等 380s，5s 后重试。（这不是卡死，也不是你的代码有问题）
[stack-admission] 排队中：机器每核负载 20.47（上限 2.5）—— 现在起栈只会让所有人一起变慢。已等 385s，5s 后重试。（这不是卡死，也不是你的代码有问题）
[stack-admission] 排队中：机器每核负载 20.39（上限 2.5）—— 现在起栈只会让所有人一起变慢。已等 390s，5s 后重试。（这不是卡死，也不是你的代码有问题）
[stack-admission] 排队中：机器每核负载 20.23（上限 2.5）—— 现在起栈只会让所有人一起变慢。已等 395s，5s 后重试。（这不是卡死，也不是你的代码有问题）
[stack-admission] 排队中：机器每核负载 20.29（上限 2.5）—— 现在起栈只会让所有人一起变慢。已等 400s，5s 后重试。（这不是卡死，也不是你的代码有问题）
[stack-admission] 排队中：机器每核负载 20.15（上限 2.5）—— 现在起栈只会让所有人一起变慢。已等 405s，5s 后重试。（这不是卡死，也不是你的代码有问题）
[stack-admission] 排队中：机器每核负载 19.69（上限 2.5）—— 现在起栈只会让所有人一起变慢。已等 410s，5s 后重试。（这不是卡死，也不是你的代码有问题）
[stack-admission] 排队中：机器每核负载 19.94（上限 2.5）—— 现在起栈只会让所有人一起变慢。已等 415s，5s 后重试。（这不是卡死，也不是你的代码有问题）
[stack-admission] 排队中：机器每核负载 20.17（上限 2.5）—— 现在起栈只会让所有人一起变慢。已等 420s，5s 后重试。（这不是卡死，也不是你的代码有问题）
[stack-admission] 排队中：机器每核负载 20.07（上限 2.5）—— 现在起栈只会让所有人一起变慢。已等 425s，5s 后重试。（这不是卡死，也不是你的代码有问题）
[stack-admission] 排队中：机器每核负载 20.14（上限 2.5）—— 现在起栈只会让所有人一起变慢。已等 430s，5s 后重试。（这不是卡死，也不是你的代码有问题）
[stack-admission] 排队中：机器每核负载 20.09（上限 2.5）—— 现在起栈只会让所有人一起变慢。已等 435s，5s 后重试。（这不是卡死，也不是你的代码有问题）
[stack-admission] 排队中：机器每核负载 19.58（上限 2.5）—— 现在起栈只会让所有人一起变慢。已等 440s，5s 后重试。（这不是卡死，也不是你的代码有问题）
[stack-admission] 排队中：机器每核负载 19.04（上限 2.5）—— 现在起栈只会让所有人一起变慢。已等 445s，5s 后重试。（这不是卡死，也不是你的代码有问题）
[stack-admission] 排队中：机器每核负载 18.82（上限 2.5）—— 现在起栈只会让所有人一起变慢。已等 450s，5s 后重试。（这不是卡死，也不是你的代码有问题）
[stack-admission] 排队中：机器每核负载 18.98（上限 2.5）—— 现在起栈只会让所有人一起变慢。已等 455s，5s 后重试。（这不是卡死，也不是你的代码有问题）
[stack-admission] 排队中：机器每核负载 18.90（上限 2.5）—— 现在起栈只会让所有人一起变慢。已等 460s，5s 后重试。（这不是卡死，也不是你的代码有问题）
[stack-admission] 排队中：机器每核负载 18.74（上限 2.5）—— 现在起栈只会让所有人一起变慢。已等 465s，5s 后重试。（这不是卡死，也不是你的代码有问题）
[stack-admission] 排队中：机器每核负载 18.89（上限 2.5）—— 现在起栈只会让所有人一起变慢。已等 470s，5s 后重试。（这不是卡死，也不是你的代码有问题）
[stack-admission] 排队中：机器每核负载 18.95（上限 2.5）—— 现在起栈只会让所有人一起变慢。已等 475s，5s 后重试。（这不是卡死，也不是你的代码有问题）
[stack-admission] 排队中：机器每核负载 19.31（上限 2.5）—— 现在起栈只会让所有人一起变慢。已等 480s，5s 后重试。（这不是卡死，也不是你的代码有问题）
[stack-admission] 排队中：机器每核负载 19.16（上限 2.5）—— 现在起栈只会让所有人一起变慢。已等 485s，5s 后重试。（这不是卡死，也不是你的代码有问题）
[stack-admission] 排队中：机器每核负载 19.13（上限 2.5）—— 现在起栈只会让所有人一起变慢。已等 490s，5s 后重试。（这不是卡死，也不是你的代码有问题）
[stack-admission] 排队中：机器每核负载 18.93（上限 2.5）—— 现在起栈只会让所有人一起变慢。已等 495s，5s 后重试。（这不是卡死，也不是你的代码有问题）
[stack-admission] 排队中：机器每核负载 18.50（上限 2.5）—— 现在起栈只会让所有人一起变慢。已等 500s，5s 后重试。（这不是卡死，也不是你的代码有问题）
[stack-admission] 排队中：机器每核负载 18.15（上限 2.5）—— 现在起栈只会让所有人一起变慢。已等 505s，5s 后重试。（这不是卡死，也不是你的代码有问题）
[stack-admission] 排队中：机器每核负载 17.97（上限 2.5）—— 现在起栈只会让所有人一起变慢。已等 510s，5s 后重试。（这不是卡死，也不是你的代码有问题）
[stack-admission] 排队中：机器每核负载 17.55（上限 2.5）—— 现在起栈只会让所有人一起变慢。已等 515s，5s 后重试。（这不是卡死，也不是你的代码有问题）
[stack-admission] 排队中：机器每核负载 17.30（上限 2.5）—— 现在起栈只会让所有人一起变慢。已等 520s，5s 后重试。（这不是卡死，也不是你的代码有问题）
[stack-admission] 排队中：机器每核负载 17.12（上限 2.5）—— 现在起栈只会让所有人一起变慢。已等 525s，5s 后重试。（这不是卡死，也不是你的代码有问题）
[stack-admission] 排队中：机器每核负载 17.33（上限 2.5）—— 现在起栈只会让所有人一起变慢。已等 530s，5s 后重试。（这不是卡死，也不是你的代码有问题）
[stack-admission] 排队中：机器每核负载 17.38（上限 2.5）—— 现在起栈只会让所有人一起变慢。已等 535s，5s 后重试。（这不是卡死，也不是你的代码有问题）
[stack-admission] 排队中：机器每核负载 17.57（上限 2.5）—— 现在起栈只会让所有人一起变慢。已等 540s，5s 后重试。（这不是卡死，也不是你的代码有问题）
[stack-admission] 排队中：机器每核负载 17.92（上限 2.5）—— 现在起栈只会让所有人一起变慢。已等 545s，5s 后重试。（这不是卡死，也不是你的代码有问题）
[stack-admission] 排队中：机器每核负载 18.22（上限 2.5）—— 现在起栈只会让所有人一起变慢。已等 550s，5s 后重试。（这不是卡死，也不是你的代码有问题）
[stack-admission] 排队中：机器每核负载 18.19（上限 2.5）—— 现在起栈只会让所有人一起变慢。已等 555s，5s 后重试。（这不是卡死，也不是你的代码有问题）
[stack-admission] 排队中：机器每核负载 18.43（上限 2.5）—— 现在起栈只会让所有人一起变慢。已等 560s，5s 后重试。（这不是卡死，也不是你的代码有问题）
[stack-admission] 排队中：机器每核负载 18.72（上限 2.5）—— 现在起栈只会让所有人一起变慢。已等 565s，5s 后重试。（这不是卡死，也不是你的代码有问题）
[stack-admission] 排队中：机器每核负载 18.98（上限 2.5）—— 现在起栈只会让所有人一起变慢。已等 570s，5s 后重试。（这不是卡死，也不是你的代码有问题）
[stack-admission] 排队中：机器每核负载 19.01（上限 2.5）—— 现在起栈只会让所有人一起变慢。已等 575s，5s 后重试。（这不是卡死，也不是你的代码有问题）
[stack-admission] 排队中：机器每核负载 19.04（上限 2.5）—— 现在起栈只会让所有人一起变慢。已等 580s，5s 后重试。（这不是卡死，也不是你的代码有问题）
[stack-admission] 排队中：机器每核负载 18.93（上限 2.5）—— 现在起栈只会让所有人一起变慢。已等 585s，5s 后重试。（这不是卡死，也不是你的代码有问题）
[stack-admission] 排队中：机器每核负载 19.23（上限 2.5）—— 现在起栈只会让所有人一起变慢。已等 590s，5s 后重试。（这不是卡死，也不是你的代码有问题）
[stack-admission] 排队中：机器每核负载 19.45（上限 2.5）—— 现在起栈只会让所有人一起变慢。已等 595s，5s 后重试。（这不是卡死，也不是你的代码有问题）
! [stack-admission] 已排队 10 分钟仍未轮到（机器每核负载 19.76（上限 2.5）—— 现在起栈只会让所有人一起变慢）。放行以免把 CI 卡死，但机器确实在超额运行 —— 请减少并行度，别把这条当默认路径。
[test-isolation] id=run-mtvig65s-a7461cb9-4559ce4e4e82 db=wsx_4559ce4e4e8247ee9a90 compose=wsx-4559ce4e4e8247ee9a90 pg=20422 redis=21422 api=24422 web=25422 sandbox=26422 model=27422 deep-agent=28422 asr=29422 vision=30422 loopback-sandbox=31422

 RUN  v2.1.9 /private/tmp/workspacex-studio-home/apps/api

[db-isolation] db=wsx_4559ce4e4e8247ee9a90 capacity=100 current=6 required=32
{"level":"error","msg":"http exception","traceId":"3e4233a3-21b7-4f05-bcb9-1f6bda9dcec3","detail":{"name":"BadRequestException","message":"Bad Request","stack":"BadRequestException: Bad Request\n    at GuidedResearchController.updateMetadata (/private/tmp/workspacex-studio-home/apps/api/src/interface/controllers/guided-research.controller.ts:168:31)\n    at /private/tmp/workspacex-studio-home/node_modules/.pnpm/@nestjs+core@10.4.22_@nestjs+common@10.4.22_class-transformer@0.5.1_class-validator@0.14.4_re_wv7sonobpk6cc2m3n6ev6bfqdu/node_modules/@nestjs/core/router/router-execution-context.js:38:29\n    at processTicksAndRejections (node:internal/process/task_queues:105:5)\n    at /private/tmp/workspacex-studio-home/node_modules/.pnpm/@nestjs+core@10.4.22_@nestjs+common@10.4.22_class-transformer@0.5.1_class-validator@0.14.4_re_wv7sonobpk6cc2m3n6ev6bfqdu/node_modules/@nestjs/core/router/router-execution-context.js:46:28\n    at /private/tmp/workspacex-studio-home/node_modules/.pnpm/@nestjs+core@10.4.22_@nestjs+common@10.4.22_class-transformer@0.5.1_class-validator@0.14.4_re_wv7sonobpk6cc2m3n6ev6bfqdu/node_modules/@nestjs/core/router/router-proxy.js:9:17"}}
{"level":"error","msg":"http exception","traceId":"cc302ae7-83d9-4cba-ae58-742634200ea1","detail":{"name":"BadRequestException","message":"Bad Request","stack":"BadRequestException: Bad Request\n    at GuidedResearchController.updateMetadata (/private/tmp/workspacex-studio-home/apps/api/src/interface/controllers/guided-research.controller.ts:168:31)\n    at /private/tmp/workspacex-studio-home/node_modules/.pnpm/@nestjs+core@10.4.22_@nestjs+common@10.4.22_class-transformer@0.5.1_class-validator@0.14.4_re_wv7sonobpk6cc2m3n6ev6bfqdu/node_modules/@nestjs/core/router/router-execution-context.js:38:29\n    at processTicksAndRejections (node:internal/process/task_queues:105:5)\n    at /private/tmp/workspacex-studio-home/node_modules/.pnpm/@nestjs+core@10.4.22_@nestjs+common@10.4.22_class-transformer@0.5.1_class-validator@0.14.4_re_wv7sonobpk6cc2m3n6ev6bfqdu/node_modules/@nestjs/core/router/router-execution-context.js:46:28\n    at /private/tmp/workspacex-studio-home/node_modules/.pnpm/@nestjs+core@10.4.22_@nestjs+common@10.4.22_class-transformer@0.5.1_class-validator@0.14.4_re_wv7sonobpk6cc2m3n6ev6bfqdu/node_modules/@nestjs/core/router/router-proxy.js:9:17"}}
{"level":"error","msg":"http exception","traceId":"a5974d75-9d97-43dd-8d0b-75c7f2ceebf2","detail":{"name":"BadRequestException","message":"Bad Request","stack":"BadRequestException: Bad Request\n    at GuidedResearchController.updateMetadata (/private/tmp/workspacex-studio-home/apps/api/src/interface/controllers/guided-research.controller.ts:168:31)\n    at /private/tmp/workspacex-studio-home/node_modules/.pnpm/@nestjs+core@10.4.22_@nestjs+common@10.4.22_class-transformer@0.5.1_class-validator@0.14.4_re_wv7sonobpk6cc2m3n6ev6bfqdu/node_modules/@nestjs/core/router/router-execution-context.js:38:29\n    at processTicksAndRejections (node:internal/process/task_queues:105:5)\n    at /private/tmp/workspacex-studio-home/node_modules/.pnpm/@nestjs+core@10.4.22_@nestjs+common@10.4.22_class-transformer@0.5.1_class-validator@0.14.4_re_wv7sonobpk6cc2m3n6ev6bfqdu/node_modules/@nestjs/core/router/router-execution-context.js:46:28\n    at /private/tmp/workspacex-studio-home/node_modules/.pnpm/@nestjs+core@10.4.22_@nestjs+common@10.4.22_class-transformer@0.5.1_class-validator@0.14.4_re_wv7sonobpk6cc2m3n6ev6bfqdu/node_modules/@nestjs/core/router/router-proxy.js:9:17"}}
{"level":"error","msg":"http exception","traceId":"f03a369e-7c7e-4ae3-afc0-cf69036579b5","detail":{"name":"NotFoundException","message":"Not Found Exception","stack":"NotFoundException: Not Found Exception\n    at GuidedResearchController.updateMetadata (/private/tmp/workspacex-studio-home/apps/api/src/interface/controllers/guided-research.controller.ts:171:25)\n    at processTicksAndRejections (node:internal/process/task_queues:105:5)\n    at /private/tmp/workspacex-studio-home/node_modules/.pnpm/@nestjs+core@10.4.22_@nestjs+common@10.4.22_class-transformer@0.5.1_class-validator@0.14.4_re_wv7sonobpk6cc2m3n6ev6bfqdu/node_modules/@nestjs/core/router/router-execution-context.js:46:28\n    at /private/tmp/workspacex-studio-home/node_modules/.pnpm/@nestjs+core@10.4.22_@nestjs+common@10.4.22_class-transformer@0.5.1_class-validator@0.14.4_re_wv7sonobpk6cc2m3n6ev6bfqdu/node_modules/@nestjs/core/router/router-proxy.js:9:17"}}
{"level":"error","msg":"http exception","traceId":"7226ee54-9d8d-46dc-8b67-0e6db29e66fb","detail":{"name":"NotFoundException","message":"Not Found Exception","stack":"NotFoundException: Not Found Exception\n    at GuidedResearchController.current (/private/tmp/workspacex-studio-home/apps/api/src/interface/controllers/guided-research.controller.ts:210:23)\n    at processTicksAndRejections (node:internal/process/task_queues:105:5)\n    at GuidedResearchController.archive (/private/tmp/workspacex-studio-home/apps/api/src/interface/controllers/guided-research.controller.ts:180:5)\n    at /private/tmp/workspacex-studio-home/node_modules/.pnpm/@nestjs+core@10.4.22_@nestjs+common@10.4.22_class-transformer@0.5.1_class-validator@0.14.4_re_wv7sonobpk6cc2m3n6ev6bfqdu/node_modules/@nestjs/core/router/router-execution-context.js:46:28\n    at /private/tmp/workspacex-studio-home/node_modules/.pnpm/@nestjs+core@10.4.22_@nestjs+common@10.4.22_class-transformer@0.5.1_class-validator@0.14.4_re_wv7sonobpk6cc2m3n6ev6bfqdu/node_modules/@nestjs/core/router/router-proxy.js:9:17"}}
{"level":"error","msg":"http exception","traceId":"50a281c5-20e0-44ee-8502-e2fed1278970","detail":{"name":"NotFoundException","message":"Not Found Exception","stack":"NotFoundException: Not Found Exception\n    at GuidedResearchController.updateMetadata (/private/tmp/workspacex-studio-home/apps/api/src/interface/controllers/guided-research.controller.ts:171:25)\n    at processTicksAndRejections (node:internal/process/task_queues:105:5)\n    at /private/tmp/workspacex-studio-home/node_modules/.pnpm/@nestjs+core@10.4.22_@nestjs+common@10.4.22_class-transformer@0.5.1_class-validator@0.14.4_re_wv7sonobpk6cc2m3n6ev6bfqdu/node_modules/@nestjs/core/router/router-execution-context.js:46:28\n    at /private/tmp/workspacex-studio-home/node_modules/.pnpm/@nestjs+core@10.4.22_@nestjs+common@10.4.22_class-transformer@0.5.1_class-validator@0.14.4_re_wv7sonobpk6cc2m3n6ev6bfqdu/node_modules/@nestjs/core/router/router-proxy.js:9:17"}}
{"level":"error","msg":"http exception","traceId":"cc806ca1-d886-48e3-807c-3b47f6472786","detail":{"name":"NotFoundException","message":"Not Found Exception","stack":"NotFoundException: Not Found Exception\n    at GuidedResearchController.current (/private/tmp/workspacex-studio-home/apps/api/src/interface/controllers/guided-research.controller.ts:210:23)\n    at processTicksAndRejections (node:internal/process/task_queues:105:5)\n    at GuidedResearchController.archive (/private/tmp/workspacex-studio-home/apps/api/src/interface/controllers/guided-research.controller.ts:180:5)\n    at /private/tmp/workspacex-studio-home/node_modules/.pnpm/@nestjs+core@10.4.22_@nestjs+common@10.4.22_class-transformer@0.5.1_class-validator@0.14.4_re_wv7sonobpk6cc2m3n6ev6bfqdu/node_modules/@nestjs/core/router/router-execution-context.js:46:28\n    at /private/tmp/workspacex-studio-home/node_modules/.pnpm/@nestjs+core@10.4.22_@nestjs+common@10.4.22_class-transformer@0.5.1_class-validator@0.14.4_re_wv7sonobpk6cc2m3n6ev6bfqdu/node_modules/@nestjs/core/router/router-proxy.js:9:17"}}
{"level":"error","msg":"http exception","traceId":"bdb0aa6e-002b-46fd-84c3-cebd55790264","detail":{"name":"NotFoundException","message":"Not Found Exception","stack":"NotFoundException: Not Found Exception\n    at GuidedResearchController.updateMetadata (/private/tmp/workspacex-studio-home/apps/api/src/interface/controllers/guided-research.controller.ts:171:25)\n    at processTicksAndRejections (node:internal/process/task_queues:105:5)\n    at /private/tmp/workspacex-studio-home/node_modules/.pnpm/@nestjs+core@10.4.22_@nestjs+common@10.4.22_class-transformer@0.5.1_class-validator@0.14.4_re_wv7sonobpk6cc2m3n6ev6bfqdu/node_modules/@nestjs/core/router/router-execution-context.js:46:28\n    at /private/tmp/workspacex-studio-home/node_modules/.pnpm/@nestjs+core@10.4.22_@nestjs+common@10.4.22_class-transformer@0.5.1_class-validator@0.14.4_re_wv7sonobpk6cc2m3n6ev6bfqdu/node_modules/@nestjs/core/router/router-proxy.js:9:17"}}
{"level":"error","msg":"http exception","traceId":"92cf801c-1d96-426b-b1ea-f5e6580a2a99","detail":{"name":"NotFoundException","message":"Not Found Exception","stack":"NotFoundException: Not Found Exception\n    at GuidedResearchController.get (/private/tmp/workspacex-studio-home/apps/api/src/interface/controllers/guided-research.controller.ts:202:23)\n    at processTicksAndRejections (node:internal/process/task_queues:105:5)\n    at /private/tmp/workspacex-studio-home/node_modules/.pnpm/@nestjs+core@10.4.22_@nestjs+common@10.4.22_class-transformer@0.5.1_class-validator@0.14.4_re_wv7sonobpk6cc2m3n6ev6bfqdu/node_modules/@nestjs/core/router/router-execution-context.js:46:28\n    at /private/tmp/workspacex-studio-home/node_modules/.pnpm/@nestjs+core@10.4.22_@nestjs+common@10.4.22_class-transformer@0.5.1_class-validator@0.14.4_re_wv7sonobpk6cc2m3n6ev6bfqdu/node_modules/@nestjs/core/router/router-proxy.js:9:17"}}
{"level":"error","msg":"http exception","traceId":"dc8a90dc-dc80-4c12-b884-b5335b67ac85","detail":{"name":"BadRequestException","message":"Bad Request Exception","stack":"BadRequestException: Bad Request Exception\n    at GuidedResearchController.create (/private/tmp/workspacex-studio-home/apps/api/src/interface/controllers/guided-research.controller.ts:152:15)\n    at processTicksAndRejections (node:internal/process/task_queues:105:5)\n    at /private/tmp/workspacex-studio-home/node_modules/.pnpm/@nestjs+core@10.4.22_@nestjs+common@10.4.22_class-transformer@0.5.1_class-validator@0.14.4_re_wv7sonobpk6cc2m3n6ev6bfqdu/node_modules/@nestjs/core/router/router-execution-context.js:46:28\n    at /private/tmp/workspacex-studio-home/node_modules/.pnpm/@nestjs+core@10.4.22_@nestjs+common@10.4.22_class-transformer@0.5.1_class-validator@0.14.4_re_wv7sonobpk6cc2m3n6ev6bfqdu/node_modules/@nestjs/core/router/router-proxy.js:9:17"}}
{"level":"error","msg":"http exception","traceId":"3b73ceae-f0b7-4a13-af64-ad3ef0c94694","detail":{"name":"ConflictException","message":"Conflict Exception","stack":"ConflictException: Conflict Exception\n    at GuidedResearchController.create (/private/tmp/workspacex-studio-home/apps/api/src/interface/controllers/guided-research.controller.ts:155:15)\n    at processTicksAndRejections (node:internal/process/task_queues:105:5)\n    at /private/tmp/workspacex-studio-home/node_modules/.pnpm/@nestjs+core@10.4.22_@nestjs+common@10.4.22_class-transformer@0.5.1_class-validator@0.14.4_re_wv7sonobpk6cc2m3n6ev6bfqdu/node_modules/@nestjs/core/router/router-execution-context.js:46:28\n    at /private/tmp/workspacex-studio-home/node_modules/.pnpm/@nestjs+core@10.4.22_@nestjs+common@10.4.22_class-transformer@0.5.1_class-validator@0.14.4_re_wv7sonobpk6cc2m3n6ev6bfqdu/node_modules/@nestjs/core/router/router-proxy.js:9:17"}}
{"level":"error","msg":"http exception","traceId":"76978e86-6480-4611-add1-0aee7cacf556","detail":{"name":"ConflictException","message":"Conflict Exception","stack":"ConflictException: Conflict Exception\n    at GuidedResearchController.checkpointError (/private/tmp/workspacex-studio-home/apps/api/src/interface/controllers/guided-research.controller.ts:218:13)\n    at GuidedResearchController.complete (/private/tmp/workspacex-studio-home/apps/api/src/interface/controllers/guided-research.controller.ts:359:28)\n    at processTicksAndRejections (node:internal/process/task_queues:105:5)\n    at /private/tmp/workspacex-studio-home/node_modules/.pnpm/@nestjs+core@10.4.22_@nestjs+common@10.4.22_class-transformer@0.5.1_class-validator@0.14.4_re_wv7sonobpk6cc2m3n6ev6bfqdu/node_modules/@nestjs/core/router/router-execution-context.js:46:28\n    at /private/tmp/workspacex-studio-home/node_modules/.pnpm/@nestjs+core@10.4.22_@nestjs+common@10.4.22_class-transformer@0.5.1_class-validator@0.14.4_re_wv7sonobpk6cc2m3n6ev6bfqdu/node_modules/@nestjs/core/router/router-proxy.js:9:17"}}
{"level":"error","msg":"http exception","traceId":"021b8d69-0570-46af-9881-7daaead865ad","detail":{"name":"NotFoundException","message":"Not Found Exception","stack":"NotFoundException: Not Found Exception\n    at GuidedResearchController.confirmBrief (/private/tmp/workspacex-studio-home/apps/api/src/interface/controllers/guided-research.controller.ts:279:27)\n    at processTicksAndRejections (node:internal/process/task_queues:105:5)\n    at /private/tmp/workspacex-studio-home/node_modules/.pnpm/@nestjs+core@10.4.22_@nestjs+common@10.4.22_class-transformer@0.5.1_class-validator@0.14.4_re_wv7sonobpk6cc2m3n6ev6bfqdu/node_modules/@nestjs/core/router/router-execution-context.js:46:28\n    at /private/tmp/workspacex-studio-home/node_modules/.pnpm/@nestjs+core@10.4.22_@nestjs+common@10.4.22_class-transformer@0.5.1_class-validator@0.14.4_re_wv7sonobpk6cc2m3n6ev6bfqdu/node_modules/@nestjs/core/router/router-proxy.js:9:17"}}
{"level":"error","msg":"http exception","traceId":"4bfbe16c-369c-4fcf-98bc-e2ac31145689","detail":{"name":"ConflictException","message":"Conflict Exception","stack":"ConflictException: Conflict Exception\n    at GuidedResearchController.checkpointError (/private/tmp/workspacex-studio-home/apps/api/src/interface/controllers/guided-research.controller.ts:218:13)\n    at GuidedResearchController.confirmBrief (/private/tmp/workspacex-studio-home/apps/api/src/interface/controllers/guided-research.controller.ts:281:28)\n    at processTicksAndRejections (node:internal/process/task_queues:105:5)\n    at /private/tmp/workspacex-studio-home/node_modules/.pnpm/@nestjs+core@10.4.22_@nestjs+common@10.4.22_class-transformer@0.5.1_class-validator@0.14.4_re_wv7sonobpk6cc2m3n6ev6bfqdu/node_modules/@nestjs/core/router/router-execution-context.js:46:28\n    at /private/tmp/workspacex-studio-home/node_modules/.pnpm/@nestjs+core@10.4.22_@nestjs+common@10.4.22_class-transformer@0.5.1_class-validator@0.14.4_re_wv7sonobpk6cc2m3n6ev6bfqdu/node_modules/@nestjs/core/router/router-proxy.js:9:17"}}
 ✓ tests/research/guided-session-list-and-recovery.test.ts (10 tests) 76769ms
   ✓ F168 guided research session list and recovery > saves metadata across reload without rewriting the research brief 589ms
   ✓ F168 guided research session list and recovery > denies metadata and removal to unrelated org members and other tenants 846ms
   ✓ F168 guided research session list and recovery > removes a shared card without deleting evidence or letting in-flight completion restore it 997ms
   ✓ F168 guided research session list and recovery > creates once per owner idempotency key and resumes from the persisted stage 831ms
   ✓ F168 guided research session list and recovery > does not reveal an owner's private session to another member in the same org 822ms
   ✓ F168 guided research session list and recovery > lists and restores a session for an explicit collaborator 1044ms
   ✓ F168 guided research session list and recovery > rejects collaborator ids that are not members of the current organization 962ms
   ✓ F168 guided research session list and recovery > rejects an idempotency replay whose brief or collaborators differ 787ms
   ✓ F168 guided research session list and recovery > RLS also hides the session when queried under another tenant 842ms
   ✓ F168 guided research session list and recovery > persists the lifecycle and transactionally retracts completed checkpoints 1519ms
{"level":"error","msg":"http exception","traceId":"8684a95f-6cc7-4a62-8f65-d7b3a8383bc6","detail":{"name":"UnauthorizedException","message":"unauthenticated","stack":"UnauthorizedException: unauthenticated\n    at PrincipalGuard.canActivate (/private/tmp/workspacex-studio-home/apps/api/src/interface/guards/principal.guard.ts:54:27)\n    at processTicksAndRejections (node:internal/process/task_queues:105:5)"}}
{"level":"error","msg":"http exception","traceId":"93456d28-ec57-4f33-bfdf-780e4bb771ef","detail":{"name":"BadRequestException","message":"Bad Request","stack":"BadRequestException: Bad Request\n    at DigitalInterviewController.parse (/private/tmp/workspacex-studio-home/apps/api/src/interface/controllers/digital-interview.controller.ts:59:32)\n    at DigitalInterviewController.updateMetadata (/private/tmp/workspacex-studio-home/apps/api/src/interface/controllers/digital-interview.controller.ts:70:24)\n    at /private/tmp/workspacex-studio-home/node_modules/.pnpm/@nestjs+core@10.4.22_@nestjs+common@10.4.22_class-transformer@0.5.1_class-validator@0.14.4_re_wv7sonobpk6cc2m3n6ev6bfqdu/node_modules/@nestjs/core/router/router-execution-context.js:38:29\n    at processTicksAndRejections (node:internal/process/task_queues:105:5)\n    at /private/tmp/workspacex-studio-home/node_modules/.pnpm/@nestjs+core@10.4.22_@nestjs+common@10.4.22_class-transformer@0.5.1_class-validator@0.14.4_re_wv7sonobpk6cc2m3n6ev6bfqdu/node_modules/@nestjs/core/router/router-execution-context.js:46:28\n    at /private/tmp/workspacex-studio-home/node_modules/.pnpm/@nestjs+core@10.4.22_@nestjs+common@10.4.22_class-transformer@0.5.1_class-validator@0.14.4_re_wv7sonobpk6cc2m3n6ev6bfqdu/node_modules/@nestjs/core/router/router-proxy.js:9:17"}}
{"level":"error","msg":"http exception","traceId":"f1c4ae54-361f-4eea-beca-ee82c019454f","detail":{"name":"NotFoundException","message":"Not Found","stack":"NotFoundException: Not Found\n    at DigitalInterviewController.translate (/private/tmp/workspacex-studio-home/apps/api/src/interface/controllers/digital-interview.controller.ts:333:55)\n    at DigitalInterviewController.updateMetadata (/private/tmp/workspacex-studio-home/apps/api/src/interface/controllers/digital-interview.controller.ts:75:35)\n    at processTicksAndRejections (node:internal/process/task_queues:105:5)\n    at /private/tmp/workspacex-studio-home/node_modules/.pnpm/@nestjs+core@10.4.22_@nestjs+common@10.4.22_class-transformer@0.5.1_class-validator@0.14.4_re_wv7sonobpk6cc2m3n6ev6bfqdu/node_modules/@nestjs/core/router/router-execution-context.js:46:28\n    at /private/tmp/workspacex-studio-home/node_modules/.pnpm/@nestjs+core@10.4.22_@nestjs+common@10.4.22_class-transformer@0.5.1_class-validator@0.14.4_re_wv7sonobpk6cc2m3n6ev6bfqdu/node_modules/@nestjs/core/router/router-proxy.js:9:17"}}
{"level":"error","msg":"http exception","traceId":"1bb272ad-06f5-4dfa-a5ec-d3d66f06db0d","detail":{"name":"NotFoundException","message":"Not Found","stack":"NotFoundException: Not Found\n    at DigitalInterviewController.translate (/private/tmp/workspacex-studio-home/apps/api/src/interface/controllers/digital-interview.controller.ts:333:55)\n    at DigitalInterviewController.delete (/private/tmp/workspacex-studio-home/apps/api/src/interface/controllers/digital-interview.controller.ts:86:35)\n    at processTicksAndRejections (node:internal/process/task_queues:105:5)\n    at /private/tmp/workspacex-studio-home/node_modules/.pnpm/@nestjs+core@10.4.22_@nestjs+common@10.4.22_class-transformer@0.5.1_class-validator@0.14.4_re_wv7sonobpk6cc2m3n6ev6bfqdu/node_modules/@nestjs/core/router/router-execution-context.js:46:28\n    at /private/tmp/workspacex-studio-home/node_modules/.pnpm/@nestjs+core@10.4.22_@nestjs+common@10.4.22_class-transformer@0.5.1_class-validator@0.14.4_re_wv7sonobpk6cc2m3n6ev6bfqdu/node_modules/@nestjs/core/router/router-proxy.js:9:17"}}
{"level":"error","msg":"http exception","traceId":"56b9c986-9f08-4fa2-a71b-26a597a4d2e8","detail":{"name":"NotFoundException","message":"Not Found","stack":"NotFoundException: Not Found\n    at DigitalInterviewController.translate (/private/tmp/workspacex-studio-home/apps/api/src/interface/controllers/digital-interview.controller.ts:333:55)\n    at DigitalInterviewController.updateMetadata (/private/tmp/workspacex-studio-home/apps/api/src/interface/controllers/digital-interview.controller.ts:75:35)\n    at processTicksAndRejections (node:internal/process/task_queues:105:5)\n    at /private/tmp/workspacex-studio-home/node_modules/.pnpm/@nestjs+core@10.4.22_@nestjs+common@10.4.22_class-transformer@0.5.1_class-validator@0.14.4_re_wv7sonobpk6cc2m3n6ev6bfqdu/node_modules/@nestjs/core/router/router-execution-context.js:46:28\n    at /private/tmp/workspacex-studio-home/node_modules/.pnpm/@nestjs+core@10.4.22_@nestjs+common@10.4.22_class-transformer@0.5.1_class-validator@0.14.4_re_wv7sonobpk6cc2m3n6ev6bfqdu/node_modules/@nestjs/core/router/router-proxy.js:9:17"}}
{"level":"error","msg":"http exception","traceId":"63efbefe-1586-4efa-ac56-cb4f665c0d67","detail":{"name":"NotFoundException","message":"Not Found","stack":"NotFoundException: Not Found\n    at DigitalInterviewController.translate (/private/tmp/workspacex-studio-home/apps/api/src/interface/controllers/digital-interview.controller.ts:333:55)\n    at DigitalInterviewController.delete (/private/tmp/workspacex-studio-home/apps/api/src/interface/controllers/digital-interview.controller.ts:86:35)\n    at processTicksAndRejections (node:internal/process/task_queues:105:5)\n    at /private/tmp/workspacex-studio-home/node_modules/.pnpm/@nestjs+core@10.4.22_@nestjs+common@10.4.22_class-transformer@0.5.1_class-validator@0.14.4_re_wv7sonobpk6cc2m3n6ev6bfqdu/node_modules/@nestjs/core/router/router-execution-context.js:46:28\n    at /private/tmp/workspacex-studio-home/node_modules/.pnpm/@nestjs+core@10.4.22_@nestjs+common@10.4.22_class-transformer@0.5.1_class-validator@0.14.4_re_wv7sonobpk6cc2m3n6ev6bfqdu/node_modules/@nestjs/core/router/router-proxy.js:9:17"}}
{"level":"error","msg":"http exception","traceId":"cd67bf3b-5d91-44cf-83e0-db2a250463bd","detail":{"name":"NotFoundException","message":"Not Found","stack":"NotFoundException: Not Found\n    at DigitalInterviewController.translate (/private/tmp/workspacex-studio-home/apps/api/src/interface/controllers/digital-interview.controller.ts:333:55)\n    at DigitalInterviewController.updateMetadata (/private/tmp/workspacex-studio-home/apps/api/src/interface/controllers/digital-interview.controller.ts:75:35)\n    at processTicksAndRejections (node:internal/process/task_queues:105:5)\n    at /private/tmp/workspacex-studio-home/node_modules/.pnpm/@nestjs+core@10.4.22_@nestjs+common@10.4.22_class-transformer@0.5.1_class-validator@0.14.4_re_wv7sonobpk6cc2m3n6ev6bfqdu/node_modules/@nestjs/core/router/router-execution-context.js:46:28\n    at /private/tmp/workspacex-studio-home/node_modules/.pnpm/@nestjs+core@10.4.22_@nestjs+common@10.4.22_class-transformer@0.5.1_class-validator@0.14.4_re_wv7sonobpk6cc2m3n6ev6bfqdu/node_modules/@nestjs/core/router/router-proxy.js:9:17"}}
{"level":"error","msg":"http exception","traceId":"4245f5e4-643b-4d06-8e77-1bb76a553a71","detail":{"name":"NotFoundException","message":"Not Found","stack":"NotFoundException: Not Found\n    at DigitalInterviewController.translate (/private/tmp/workspacex-studio-home/apps/api/src/interface/controllers/digital-interview.controller.ts:333:55)\n    at DigitalInterviewController.delete (/private/tmp/workspacex-studio-home/apps/api/src/interface/controllers/digital-interview.controller.ts:86:35)\n    at processTicksAndRejections (node:internal/process/task_queues:105:5)\n    at /private/tmp/workspacex-studio-home/node_modules/.pnpm/@nestjs+core@10.4.22_@nestjs+common@10.4.22_class-transformer@0.5.1_class-validator@0.14.4_re_wv7sonobpk6cc2m3n6ev6bfqdu/node_modules/@nestjs/core/router/router-execution-context.js:46:28\n    at /private/tmp/workspacex-studio-home/node_modules/.pnpm/@nestjs+core@10.4.22_@nestjs+common@10.4.22_class-transformer@0.5.1_class-validator@0.14.4_re_wv7sonobpk6cc2m3n6ev6bfqdu/node_modules/@nestjs/core/router/router-proxy.js:9:17"}}
{"level":"error","msg":"http exception","traceId":"6982229a-90aa-4f8b-9f55-19c66d98db0d","detail":{"name":"UnauthorizedException","message":"unauthenticated","stack":"UnauthorizedException: unauthenticated\n    at PrincipalGuard.canActivate (/private/tmp/workspacex-studio-home/apps/api/src/interface/guards/principal.guard.ts:54:27)\n    at processTicksAndRejections (node:internal/process/task_queues:105:5)"}}
{"level":"error","msg":"http exception","traceId":"ddc22104-dc22-462d-9859-bec50649e9ce","detail":{"name":"NotFoundException","message":"Not Found","stack":"NotFoundException: Not Found\n    at DigitalInterviewController.translate (/private/tmp/workspacex-studio-home/apps/api/src/interface/controllers/digital-interview.controller.ts:333:55)\n    at DigitalInterviewController.updateMetadata (/private/tmp/workspacex-studio-home/apps/api/src/interface/controllers/digital-interview.controller.ts:75:35)\n    at processTicksAndRejections (node:internal/process/task_queues:105:5)\n    at /private/tmp/workspacex-studio-home/node_modules/.pnpm/@nestjs+core@10.4.22_@nestjs+common@10.4.22_class-transformer@0.5.1_class-validator@0.14.4_re_wv7sonobpk6cc2m3n6ev6bfqdu/node_modules/@nestjs/core/router/router-execution-context.js:46:28\n    at /private/tmp/workspacex-studio-home/node_modules/.pnpm/@nestjs+core@10.4.22_@nestjs+common@10.4.22_class-transformer@0.5.1_class-validator@0.14.4_re_wv7sonobpk6cc2m3n6ev6bfqdu/node_modules/@nestjs/core/router/router-proxy.js:9:17"}}
{"level":"error","msg":"http exception","traceId":"70965c97-e777-4efa-b95f-940c067b744d","detail":{"name":"NotFoundException","message":"Not Found","stack":"NotFoundException: Not Found\n    at DigitalInterviewController.translate (/private/tmp/workspacex-studio-home/apps/api/src/interface/controllers/digital-interview.controller.ts:333:55)\n    at DigitalInterviewController.delete (/private/tmp/workspacex-studio-home/apps/api/src/interface/controllers/digital-interview.controller.ts:86:35)\n    at processTicksAndRejections (node:internal/process/task_queues:105:5)\n    at /private/tmp/workspacex-studio-home/node_modules/.pnpm/@nestjs+core@10.4.22_@nestjs+common@10.4.22_class-transformer@0.5.1_class-validator@0.14.4_re_wv7sonobpk6cc2m3n6ev6bfqdu/node_modules/@nestjs/core/router/router-execution-context.js:46:28\n    at /private/tmp/workspacex-studio-home/node_modules/.pnpm/@nestjs+core@10.4.22_@nestjs+common@10.4.22_class-transformer@0.5.1_class-validator@0.14.4_re_wv7sonobpk6cc2m3n6ev6bfqdu/node_modules/@nestjs/core/router/router-proxy.js:9:17"}}
 ✓ tests/itv/digital-interview-controller.test.ts (9 tests) 19981ms
   ✓ F02 数字访谈首屏 HTTP > 历史列表只返回当前用户可见的数字访谈，并携带八态派生操作 489ms
   ✓ F02 数字访谈首屏 HTTP > 已发布 Agent 会获得明确的未分类 profile，不会在升级后从专家目录消失 796ms
   ✓ F02 数字访谈首屏 HTTP > 已发布 Agent 版本不冒充材料版本，领域筛选也不读取角色文案 968ms
   ✓ F02 数字访谈首屏 HTTP > 未认证请求明确返回 401，而不是成功空列表 875ms
   ✓ Studio history management (#3345) > persists trimmed metadata and empty tags without invalidating workflow versions 783ms
   ✓ Studio history management (#3345) > rejects invalid metadata and same-organization or cross-organization mutations 765ms
   ✓ Studio history management (#3345) > does not grant management rights to a visible collaborator 666ms
   ✓ Studio history management (#3345) > archives running batch history idempotently while retaining workflow data 900ms
   ✓ Studio history management (#3345) > manages quick interviews without dropping their messages or version 1936ms

 Test Files  2 passed (2)
      Tests  19 passed (19)
   Start at  20:45:39
   Duration  118.85s (transform 20.53s, setup 0ms, collect 6.07s, tests 96.75s, environment 0ms, prepare 406ms)

[db-isolation] db=wsx_4559ce4e4e8247ee9a90 peak_connections=5
[timing] pnpm --filter api exec vitest run tests/itv/digital-interview-controller.test.ts tests/research/guided-session-list-and-recovery.test.ts
  等待重e2e互斥锁：0s
  环境预留：0s
  等待资源：10m0s
  命令执行：2m2s
  清理：6s
  总计：12m8s
