[stack-admission] load1=235.62 cores=10 perCore=23.56 running=0/2
[stack-admission] 排队中：机器每核负载 23.56（上限 2.5）—— 现在起栈只会让所有人一起变慢。已等 0s，5s 后重试。（这不是卡死，也不是你的代码有问题）
[stack-admission] 排队中：机器每核负载 23.60（上限 2.5）—— 现在起栈只会让所有人一起变慢。已等 5s，5s 后重试。（这不是卡死，也不是你的代码有问题）
[stack-admission] 排队中：机器每核负载 22.75（上限 2.5）—— 现在起栈只会让所有人一起变慢。已等 10s，5s 后重试。（这不是卡死，也不是你的代码有问题）
[stack-admission] 排队中：机器每核负载 21.84（上限 2.5）—— 现在起栈只会让所有人一起变慢。已等 15s，5s 后重试。（这不是卡死，也不是你的代码有问题）
[stack-admission] 排队中：机器每核负载 22.04（上限 2.5）—— 现在起栈只会让所有人一起变慢。已等 20s，5s 后重试。（这不是卡死，也不是你的代码有问题）
[stack-admission] 排队中：机器每核负载 22.09（上限 2.5）—— 现在起栈只会让所有人一起变慢。已等 25s，5s 后重试。（这不是卡死，也不是你的代码有问题）
[stack-admission] 排队中：机器每核负载 21.92（上限 2.5）—— 现在起栈只会让所有人一起变慢。已等 30s，5s 后重试。（这不是卡死，也不是你的代码有问题）
[stack-admission] 排队中：机器每核负载 21.80（上限 2.5）—— 现在起栈只会让所有人一起变慢。已等 35s，5s 后重试。（这不是卡死，也不是你的代码有问题）
[stack-admission] 排队中：机器每核负载 22.31（上限 2.5）—— 现在起栈只会让所有人一起变慢。已等 40s，5s 后重试。（这不是卡死，也不是你的代码有问题）
[stack-admission] 排队中：机器每核负载 22.55（上限 2.5）—— 现在起栈只会让所有人一起变慢。已等 45s，5s 后重试。（这不是卡死，也不是你的代码有问题）
[stack-admission] 排队中：机器每核负载 22.98（上限 2.5）—— 现在起栈只会让所有人一起变慢。已等 50s，5s 后重试。（这不是卡死，也不是你的代码有问题）
[stack-admission] 排队中：机器每核负载 23.25（上限 2.5）—— 现在起栈只会让所有人一起变慢。已等 55s，5s 后重试。（这不是卡死，也不是你的代码有问题）
[stack-admission] 排队中：机器每核负载 23.33（上限 2.5）—— 现在起栈只会让所有人一起变慢。已等 60s，5s 后重试。（这不是卡死，也不是你的代码有问题）
[stack-admission] 排队中：机器每核负载 23.54（上限 2.5）—— 现在起栈只会让所有人一起变慢。已等 65s，5s 后重试。（这不是卡死，也不是你的代码有问题）
[stack-admission] 排队中：机器每核负载 23.57（上限 2.5）—— 现在起栈只会让所有人一起变慢。已等 70s，5s 后重试。（这不是卡死，也不是你的代码有问题）
[stack-admission] 排队中：机器每核负载 23.49（上限 2.5）—— 现在起栈只会让所有人一起变慢。已等 75s，5s 后重试。（这不是卡死，也不是你的代码有问题）
[stack-admission] 排队中：机器每核负载 23.19（上限 2.5）—— 现在起栈只会让所有人一起变慢。已等 80s，5s 后重试。（这不是卡死，也不是你的代码有问题）
[stack-admission] 排队中：机器每核负载 22.79（上限 2.5）—— 现在起栈只会让所有人一起变慢。已等 85s，5s 后重试。（这不是卡死，也不是你的代码有问题）
[stack-admission] 排队中：机器每核负载 21.46（上限 2.5）—— 现在起栈只会让所有人一起变慢。已等 90s，5s 后重试。（这不是卡死，也不是你的代码有问题）
[stack-admission] 排队中：机器每核负载 20.75（上限 2.5）—— 现在起栈只会让所有人一起变慢。已等 95s，5s 后重试。（这不是卡死，也不是你的代码有问题）
[stack-admission] 排队中：机器每核负载 19.96（上限 2.5）—— 现在起栈只会让所有人一起变慢。已等 100s，5s 后重试。（这不是卡死，也不是你的代码有问题）
[stack-admission] 排队中：机器每核负载 19.31（上限 2.5）—— 现在起栈只会让所有人一起变慢。已等 105s，5s 后重试。（这不是卡死，也不是你的代码有问题）
[stack-admission] 排队中：机器每核负载 18.75（上限 2.5）—— 现在起栈只会让所有人一起变慢。已等 110s，5s 后重试。（这不是卡死，也不是你的代码有问题）
[stack-admission] 排队中：机器每核负载 18.31（上限 2.5）—— 现在起栈只会让所有人一起变慢。已等 115s，5s 后重试。（这不是卡死，也不是你的代码有问题）
[stack-admission] 排队中：机器每核负载 17.65（上限 2.5）—— 现在起栈只会让所有人一起变慢。已等 120s，5s 后重试。（这不是卡死，也不是你的代码有问题）
[stack-admission] 排队中：机器每核负载 16.99（上限 2.5）—— 现在起栈只会让所有人一起变慢。已等 125s，5s 后重试。（这不是卡死，也不是你的代码有问题）
[stack-admission] 排队中：机器每核负载 16.47（上限 2.5）—— 现在起栈只会让所有人一起变慢。已等 130s，5s 后重试。（这不是卡死，也不是你的代码有问题）
[stack-admission] 排队中：机器每核负载 16.03（上限 2.5）—— 现在起栈只会让所有人一起变慢。已等 135s，5s 后重试。（这不是卡死，也不是你的代码有问题）
[stack-admission] 排队中：机器每核负载 14.88（上限 2.5）—— 现在起栈只会让所有人一起变慢。已等 140s，5s 后重试。（这不是卡死，也不是你的代码有问题）
[stack-admission] 排队中：机器每核负载 13.91（上限 2.5）—— 现在起栈只会让所有人一起变慢。已等 145s，5s 后重试。（这不是卡死，也不是你的代码有问题）
[stack-admission] 排队中：机器每核负载 13.47（上限 2.5）—— 现在起栈只会让所有人一起变慢。已等 150s，5s 后重试。（这不是卡死，也不是你的代码有问题）
[stack-admission] 排队中：机器每核负载 13.12（上限 2.5）—— 现在起栈只会让所有人一起变慢。已等 155s，5s 后重试。（这不是卡死，也不是你的代码有问题）
[stack-admission] 排队中：机器每核负载 12.30（上限 2.5）—— 现在起栈只会让所有人一起变慢。已等 160s，5s 后重试。（这不是卡死，也不是你的代码有问题）
[stack-admission] 排队中：机器每核负载 12.43（上限 2.5）—— 现在起栈只会让所有人一起变慢。已等 165s，5s 后重试。（这不是卡死，也不是你的代码有问题）
[stack-admission] 排队中：机器每核负载 12.82（上限 2.5）—— 现在起栈只会让所有人一起变慢。已等 170s，5s 后重试。（这不是卡死，也不是你的代码有问题）
[stack-admission] 排队中：机器每核负载 12.85（上限 2.5）—— 现在起栈只会让所有人一起变慢。已等 175s，5s 后重试。（这不是卡死，也不是你的代码有问题）
[stack-admission] 排队中：机器每核负载 12.83（上限 2.5）—— 现在起栈只会让所有人一起变慢。已等 180s，5s 后重试。（这不是卡死，也不是你的代码有问题）
[stack-admission] 排队中：机器每核负载 12.32（上限 2.5）—— 现在起栈只会让所有人一起变慢。已等 185s，5s 后重试。（这不是卡死，也不是你的代码有问题）
[stack-admission] 排队中：机器每核负载 11.83（上限 2.5）—— 现在起栈只会让所有人一起变慢。已等 190s，5s 后重试。（这不是卡死，也不是你的代码有问题）
[stack-admission] 排队中：机器每核负载 11.14（上限 2.5）—— 现在起栈只会让所有人一起变慢。已等 195s，5s 后重试。（这不是卡死，也不是你的代码有问题）
[stack-admission] 排队中：机器每核负载 11.04（上限 2.5）—— 现在起栈只会让所有人一起变慢。已等 200s，5s 后重试。（这不是卡死，也不是你的代码有问题）
[stack-admission] 排队中：机器每核负载 10.81（上限 2.5）—— 现在起栈只会让所有人一起变慢。已等 205s，5s 后重试。（这不是卡死，也不是你的代码有问题）
[stack-admission] 排队中：机器每核负载 10.74（上限 2.5）—— 现在起栈只会让所有人一起变慢。已等 210s，5s 后重试。（这不是卡死，也不是你的代码有问题）
[stack-admission] 排队中：机器每核负载 10.90（上限 2.5）—— 现在起栈只会让所有人一起变慢。已等 215s，5s 后重试。（这不是卡死，也不是你的代码有问题）
[stack-admission] 排队中：机器每核负载 11.04（上限 2.5）—— 现在起栈只会让所有人一起变慢。已等 220s，5s 后重试。（这不是卡死，也不是你的代码有问题）
[stack-admission] 排队中：机器每核负载 10.85（上限 2.5）—— 现在起栈只会让所有人一起变慢。已等 225s，5s 后重试。（这不是卡死，也不是你的代码有问题）
[stack-admission] 排队中：机器每核负载 10.87（上限 2.5）—— 现在起栈只会让所有人一起变慢。已等 230s，5s 后重试。（这不是卡死，也不是你的代码有问题）
[stack-admission] 排队中：机器每核负载 11.30（上限 2.5）—— 现在起栈只会让所有人一起变慢。已等 235s，5s 后重试。（这不是卡死，也不是你的代码有问题）
[stack-admission] 排队中：机器每核负载 11.51（上限 2.5）—— 现在起栈只会让所有人一起变慢。已等 240s，5s 后重试。（这不是卡死，也不是你的代码有问题）
[stack-admission] 排队中：机器每核负载 11.80（上限 2.5）—— 现在起栈只会让所有人一起变慢。已等 245s，5s 后重试。（这不是卡死，也不是你的代码有问题）
[stack-admission] 排队中：机器每核负载 11.56（上限 2.5）—— 现在起栈只会让所有人一起变慢。已等 250s，5s 后重试。（这不是卡死，也不是你的代码有问题）
[stack-admission] 排队中：机器每核负载 12.08（上限 2.5）—— 现在起栈只会让所有人一起变慢。已等 255s，5s 后重试。（这不是卡死，也不是你的代码有问题）
[stack-admission] 排队中：机器每核负载 12.42（上限 2.5）—— 现在起栈只会让所有人一起变慢。已等 260s，5s 后重试。（这不是卡死，也不是你的代码有问题）
[stack-admission] 排队中：机器每核负载 12.74（上限 2.5）—— 现在起栈只会让所有人一起变慢。已等 265s，5s 后重试。（这不是卡死，也不是你的代码有问题）
[stack-admission] 排队中：机器每核负载 12.46（上限 2.5）—— 现在起栈只会让所有人一起变慢。已等 270s，5s 后重试。（这不是卡死，也不是你的代码有问题）
[stack-admission] 排队中：机器每核负载 12.69（上限 2.5）—— 现在起栈只会让所有人一起变慢。已等 275s，5s 后重试。（这不是卡死，也不是你的代码有问题）
[stack-admission] 排队中：机器每核负载 13.33（上限 2.5）—— 现在起栈只会让所有人一起变慢。已等 280s，5s 后重试。（这不是卡死，也不是你的代码有问题）
[stack-admission] 排队中：机器每核负载 13.76（上限 2.5）—— 现在起栈只会让所有人一起变慢。已等 285s，5s 后重试。（这不是卡死，也不是你的代码有问题）
[stack-admission] 排队中：机器每核负载 14.02（上限 2.5）—— 现在起栈只会让所有人一起变慢。已等 290s，5s 后重试。（这不是卡死，也不是你的代码有问题）
[stack-admission] 排队中：机器每核负载 14.50（上限 2.5）—— 现在起栈只会让所有人一起变慢。已等 295s，5s 后重试。（这不是卡死，也不是你的代码有问题）
[stack-admission] 排队中：机器每核负载 14.46（上限 2.5）—— 现在起栈只会让所有人一起变慢。已等 300s，5s 后重试。（这不是卡死，也不是你的代码有问题）
[stack-admission] 排队中：机器每核负载 15.20（上限 2.5）—— 现在起栈只会让所有人一起变慢。已等 305s，5s 后重试。（这不是卡死，也不是你的代码有问题）
[stack-admission] 排队中：机器每核负载 14.94（上限 2.5）—— 现在起栈只会让所有人一起变慢。已等 310s，5s 后重试。（这不是卡死，也不是你的代码有问题）
[stack-admission] 排队中：机器每核负载 14.30（上限 2.5）—— 现在起栈只会让所有人一起变慢。已等 315s，5s 后重试。（这不是卡死，也不是你的代码有问题）
[stack-admission] 排队中：机器每核负载 14.30（上限 2.5）—— 现在起栈只会让所有人一起变慢。已等 320s，5s 后重试。（这不是卡死，也不是你的代码有问题）
[stack-admission] 排队中：机器每核负载 14.05（上限 2.5）—— 现在起栈只会让所有人一起变慢。已等 325s，5s 后重试。（这不是卡死，也不是你的代码有问题）
[stack-admission] 排队中：机器每核负载 14.08（上限 2.5）—— 现在起栈只会让所有人一起变慢。已等 330s，5s 后重试。（这不是卡死，也不是你的代码有问题）
[stack-admission] 排队中：机器每核负载 13.93（上限 2.5）—— 现在起栈只会让所有人一起变慢。已等 335s，5s 后重试。（这不是卡死，也不是你的代码有问题）
[stack-admission] 排队中：机器每核负载 13.54（上限 2.5）—— 现在起栈只会让所有人一起变慢。已等 340s，5s 后重试。（这不是卡死，也不是你的代码有问题）
[stack-admission] 排队中：机器每核负载 12.82（上限 2.5）—— 现在起栈只会让所有人一起变慢。已等 345s，5s 后重试。（这不是卡死，也不是你的代码有问题）
[stack-admission] 排队中：机器每核负载 12.68（上限 2.5）—— 现在起栈只会让所有人一起变慢。已等 350s，5s 后重试。（这不是卡死，也不是你的代码有问题）
[stack-admission] 排队中：机器每核负载 12.77（上限 2.5）—— 现在起栈只会让所有人一起变慢。已等 355s，5s 后重试。（这不是卡死，也不是你的代码有问题）
[stack-admission] 排队中：机器每核负载 12.75（上限 2.5）—— 现在起栈只会让所有人一起变慢。已等 360s，5s 后重试。（这不是卡死，也不是你的代码有问题）
[stack-admission] 排队中：机器每核负载 12.98（上限 2.5）—— 现在起栈只会让所有人一起变慢。已等 365s，5s 后重试。（这不是卡死，也不是你的代码有问题）
[stack-admission] 排队中：机器每核负载 13.05（上限 2.5）—— 现在起栈只会让所有人一起变慢。已等 370s，5s 后重试。（这不是卡死，也不是你的代码有问题）
[stack-admission] 排队中：机器每核负载 13.26（上限 2.5）—— 现在起栈只会让所有人一起变慢。已等 375s，5s 后重试。（这不是卡死，也不是你的代码有问题）
[stack-admission] 排队中：机器每核负载 13.42（上限 2.5）—— 现在起栈只会让所有人一起变慢。已等 380s，5s 后重试。（这不是卡死，也不是你的代码有问题）
[stack-admission] 排队中：机器每核负载 13.70（上限 2.5）—— 现在起栈只会让所有人一起变慢。已等 385s，5s 后重试。（这不是卡死，也不是你的代码有问题）
[stack-admission] 排队中：机器每核负载 13.60（上限 2.5）—— 现在起栈只会让所有人一起变慢。已等 390s，5s 后重试。（这不是卡死，也不是你的代码有问题）
[stack-admission] 排队中：机器每核负载 12.92（上限 2.5）—— 现在起栈只会让所有人一起变慢。已等 395s，5s 后重试。（这不是卡死，也不是你的代码有问题）
[stack-admission] 排队中：机器每核负载 13.08（上限 2.5）—— 现在起栈只会让所有人一起变慢。已等 400s，5s 后重试。（这不是卡死，也不是你的代码有问题）
[stack-admission] 排队中：机器每核负载 13.09（上限 2.5）—— 现在起栈只会让所有人一起变慢。已等 405s，5s 后重试。（这不是卡死，也不是你的代码有问题）
[stack-admission] 排队中：机器每核负载 12.84（上限 2.5）—— 现在起栈只会让所有人一起变慢。已等 410s，5s 后重试。（这不是卡死，也不是你的代码有问题）
[stack-admission] 排队中：机器每核负载 13.22（上限 2.5）—— 现在起栈只会让所有人一起变慢。已等 415s，5s 后重试。（这不是卡死，也不是你的代码有问题）
[stack-admission] 排队中：机器每核负载 13.78（上限 2.5）—— 现在起栈只会让所有人一起变慢。已等 420s，5s 后重试。（这不是卡死，也不是你的代码有问题）
[stack-admission] 排队中：机器每核负载 14.46（上限 2.5）—— 现在起栈只会让所有人一起变慢。已等 425s，5s 后重试。（这不是卡死，也不是你的代码有问题）
[stack-admission] 排队中：机器每核负载 14.31（上限 2.5）—— 现在起栈只会让所有人一起变慢。已等 430s，5s 后重试。（这不是卡死，也不是你的代码有问题）
[stack-admission] 排队中：机器每核负载 14.46（上限 2.5）—— 现在起栈只会让所有人一起变慢。已等 435s，5s 后重试。（这不是卡死，也不是你的代码有问题）
[stack-admission] 排队中：机器每核负载 14.42（上限 2.5）—— 现在起栈只会让所有人一起变慢。已等 440s，5s 后重试。（这不是卡死，也不是你的代码有问题）
[stack-admission] 排队中：机器每核负载 13.89（上限 2.5）—— 现在起栈只会让所有人一起变慢。已等 445s，5s 后重试。（这不是卡死，也不是你的代码有问题）
[stack-admission] 排队中：机器每核负载 13.27（上限 2.5）—— 现在起栈只会让所有人一起变慢。已等 450s，5s 后重试。（这不是卡死，也不是你的代码有问题）
[stack-admission] 排队中：机器每核负载 12.43（上限 2.5）—— 现在起栈只会让所有人一起变慢。已等 455s，5s 后重试。（这不是卡死，也不是你的代码有问题）
[stack-admission] 排队中：机器每核负载 12.43（上限 2.5）—— 现在起栈只会让所有人一起变慢。已等 460s，5s 后重试。（这不是卡死，也不是你的代码有问题）
[stack-admission] 排队中：机器每核负载 11.81（上限 2.5）—— 现在起栈只会让所有人一起变慢。已等 465s，5s 后重试。（这不是卡死，也不是你的代码有问题）
[stack-admission] 排队中：机器每核负载 11.60（上限 2.5）—— 现在起栈只会让所有人一起变慢。已等 470s，5s 后重试。（这不是卡死，也不是你的代码有问题）
[stack-admission] 排队中：机器每核负载 11.64（上限 2.5）—— 现在起栈只会让所有人一起变慢。已等 475s，5s 后重试。（这不是卡死，也不是你的代码有问题）
[stack-admission] 排队中：机器每核负载 11.44（上限 2.5）—— 现在起栈只会让所有人一起变慢。已等 480s，5s 后重试。（这不是卡死，也不是你的代码有问题）
[stack-admission] 排队中：机器每核负载 11.50（上限 2.5）—— 现在起栈只会让所有人一起变慢。已等 485s，5s 后重试。（这不是卡死，也不是你的代码有问题）
[stack-admission] 排队中：机器每核负载 10.92（上限 2.5）—— 现在起栈只会让所有人一起变慢。已等 490s，5s 后重试。（这不是卡死，也不是你的代码有问题）
[stack-admission] 排队中：机器每核负载 10.38（上限 2.5）—— 现在起栈只会让所有人一起变慢。已等 495s，5s 后重试。（这不是卡死，也不是你的代码有问题）
[stack-admission] 排队中：机器每核负载 10.07（上限 2.5）—— 现在起栈只会让所有人一起变慢。已等 500s，5s 后重试。（这不是卡死，也不是你的代码有问题）
[stack-admission] 排队中：机器每核负载 10.10（上限 2.5）—— 现在起栈只会让所有人一起变慢。已等 505s，5s 后重试。（这不是卡死，也不是你的代码有问题）
[stack-admission] 排队中：机器每核负载 10.15（上限 2.5）—— 现在起栈只会让所有人一起变慢。已等 510s，5s 后重试。（这不是卡死，也不是你的代码有问题）
[stack-admission] 排队中：机器每核负载 10.11（上限 2.5）—— 现在起栈只会让所有人一起变慢。已等 515s，5s 后重试。（这不是卡死，也不是你的代码有问题）
[stack-admission] 排队中：机器每核负载 9.82（上限 2.5）—— 现在起栈只会让所有人一起变慢。已等 520s，5s 后重试。（这不是卡死，也不是你的代码有问题）
[stack-admission] 排队中：机器每核负载 9.10（上限 2.5）—— 现在起栈只会让所有人一起变慢。已等 525s，5s 后重试。（这不是卡死，也不是你的代码有问题）
[stack-admission] 排队中：机器每核负载 8.61（上限 2.5）—— 现在起栈只会让所有人一起变慢。已等 530s，5s 后重试。（这不是卡死，也不是你的代码有问题）
[stack-admission] 排队中：机器每核负载 8.45（上限 2.5）—— 现在起栈只会让所有人一起变慢。已等 535s，5s 后重试。（这不是卡死，也不是你的代码有问题）
[stack-admission] 排队中：机器每核负载 8.59（上限 2.5）—— 现在起栈只会让所有人一起变慢。已等 540s，5s 后重试。（这不是卡死，也不是你的代码有问题）
[stack-admission] 排队中：机器每核负载 8.75（上限 2.5）—— 现在起栈只会让所有人一起变慢。已等 545s，5s 后重试。（这不是卡死，也不是你的代码有问题）
[stack-admission] 排队中：机器每核负载 8.19（上限 2.5）—— 现在起栈只会让所有人一起变慢。已等 550s，5s 后重试。（这不是卡死，也不是你的代码有问题）
[stack-admission] 排队中：机器每核负载 7.97（上限 2.5）—— 现在起栈只会让所有人一起变慢。已等 555s，5s 后重试。（这不是卡死，也不是你的代码有问题）
[stack-admission] 排队中：机器每核负载 7.90（上限 2.5）—— 现在起栈只会让所有人一起变慢。已等 560s，5s 后重试。（这不是卡死，也不是你的代码有问题）
[stack-admission] 排队中：机器每核负载 7.39（上限 2.5）—— 现在起栈只会让所有人一起变慢。已等 565s，5s 后重试。（这不是卡死，也不是你的代码有问题）
[stack-admission] 排队中：机器每核负载 6.98（上限 2.5）—— 现在起栈只会让所有人一起变慢。已等 570s，5s 后重试。（这不是卡死，也不是你的代码有问题）
[stack-admission] 排队中：机器每核负载 7.11（上限 2.5）—— 现在起栈只会让所有人一起变慢。已等 575s，5s 后重试。（这不是卡死，也不是你的代码有问题）
[stack-admission] 排队中：机器每核负载 6.61（上限 2.5）—— 现在起栈只会让所有人一起变慢。已等 580s，5s 后重试。（这不是卡死，也不是你的代码有问题）
[stack-admission] 排队中：机器每核负载 6.18（上限 2.5）—— 现在起栈只会让所有人一起变慢。已等 585s，5s 后重试。（这不是卡死，也不是你的代码有问题）
[stack-admission] 排队中：机器每核负载 6.04（上限 2.5）—— 现在起栈只会让所有人一起变慢。已等 590s，5s 后重试。（这不是卡死，也不是你的代码有问题）
[stack-admission] 排队中：机器每核负载 5.72（上限 2.5）—— 现在起栈只会让所有人一起变慢。已等 595s，5s 后重试。（这不是卡死，也不是你的代码有问题）
! [stack-admission] 已排队 10 分钟仍未轮到（机器每核负载 5.71（上限 2.5）—— 现在起栈只会让所有人一起变慢）。放行以免把 CI 卡死，但机器确实在超额运行 —— 请减少并行度，别把这条当默认路径。
[test-isolation] id=run-mtvk2bal-e974c92d-58416a4305f2 db=wsx_58416a4305f2354b4fb5 compose=wsx-58416a4305f2354b4fb5 pg=20051 redis=21051 api=24051 web=25051 sandbox=26051 model=27051 deep-agent=28051 asr=29051 vision=30051 loopback-sandbox=31051

> @repo/api@0.0.0 migrate:check /private/tmp/workspacex-studio-home/apps/api
> ./scripts/verify-migrations.sh

 Network wsx-58416a4305f2354b4fb5_default Creating 
 Network wsx-58416a4305f2354b4fb5_default Created 
 Container wsx-58416a4305f2354b4fb5-postgres-1 Creating 
 Container wsx-58416a4305f2354b4fb5-postgres-1 Created 
 Container wsx-58416a4305f2354b4fb5-postgres-1 Starting 
 Container wsx-58416a4305f2354b4fb5-postgres-1 Started 
NOTICE:  database "wsx_58416a4305f2354b4fb5" does not exist, skipping
  applied 248 migration(s) to an empty database
  ✓ force replay re-ran every file (not silently skipped by the version table)
  ✓ schema digest identical after replay
  ✓ populated database data identical after replay
  ✓ populated replay fixture survived
  ✓ legacy prototype version survived replay byte-for-byte
  ✓ prototype version remains append-only after replay
  ✓ every file in migrations/ is recorded in the version table
  (migrations dir: /private/tmp/workspacex-studio-home/apps/api/migrations/)
✅ migrate:check: migrations rebuild from empty and are individually replayable
[timing] pnpm --filter @repo/api migrate:check
  等待重e2e互斥锁：0s
  环境预留：0s
  等待资源：10m0s
  命令执行：18s
  清理：1s
  总计：10m20s
