$ pnpm --filter api run typecheck
[exit 0]

> @repo/api@0.0.0 typecheck /Users/shenyanbin/Documents/workspacex/apps/api
> tsc --noEmit



$ pnpm --filter api run lint
[exit 0]

> @repo/api@0.0.0 lint /Users/shenyanbin/Documents/workspacex/apps/api
> node scripts/lint-error-leak.mjs && node scripts/lint-permission-paths.mjs && node scripts/lint-no-builtin-capabilities.mjs && node ../../.harness/scripts/lint-arch-deps.mjs apps/api/src

✅ lint-error-leak: 14 files in the interface layer, no error detail reaches a response
scanned=14
✅ lint-permission-paths: every tenant-table read goes through the guarded read path
scanned=91 tenant-tables=22 allowlisted=5
· [debt] apps/web/lib/mock/admin.ts:186  built-in capability entry `Ava`
· [debt] apps/web/lib/mock/admin.ts:187  built-in capability entry `Scout`
· [debt] apps/web/lib/mock/admin.ts:188  built-in capability entry `Echo`
· [debt] apps/web/lib/mock/admin.ts:189  built-in capability entry `Ledger`
· [debt] apps/web/lib/mock/chat.ts:44  built-in capability entry `Ava`
· [debt] apps/web/lib/mock/chat.ts:45  built-in capability entry `Atlas`
· [debt] apps/web/lib/mock/chat.ts:46  built-in capability entry `Scout`
· [debt] apps/web/lib/mock/chat.ts:47  built-in capability entry `Ledger`
· [debt] apps/web/lib/mock/chat.ts:48  built-in capability entry `Warden`
· [debt] apps/web/lib/mock/chat.ts:49  built-in capability entry `Echo`
· [debt] apps/web/lib/mock/chat.ts:336  built-in capability entry `Ava`
· [debt] apps/web/lib/mock/chat.ts:374  built-in capability entry `Ava`
· [debt] apps/web/lib/mock/chat.ts:383  built-in capability entry `Scout`
· [debt] apps/web/lib/mock/chat.ts:411  built-in capability entry `Ava`
· [debt] apps/web/lib/mock/chat.ts:445  built-in capability entry `Scout`
· [debt] apps/web/lib/mock/chat.ts:446  list-shaped constant `models` with 4 entries
· [debt] apps/web/lib/mock/chat.ts:471  built-in capability entry `Scout`
· [debt] apps/web/lib/mock/chat.ts:521  built-in capability entry `Ledger`
· [debt] apps/web/lib/mock/tasks.ts:158  built-in capability entry `Ledger`
· [debt] apps/web/lib/mock/tasks.ts:168  built-in capability entry `Scout`
✅ lint-no-builtin-capabilities: no built-in capability list in product code
scanned=237 violations=0 debt=20 migrations=11
✅ lint-arch-deps: 89 files, all dependencies point inward
scanned=89


$ pnpm --filter api exec vitest run tests/kernel/admin-boundary-deny.test.ts
[exit 0]

 RUN  v2.1.9 /Users/shenyanbin/Documents/workspacex/apps/api

{"level":"error","msg":"http exception","traceId":"c0165d61-7113-41e6-a222-f79fbcd2a2d7","detail":{"name":"ForbiddenException","message":"Forbidden Exception","stack":"ForbiddenException: Forbidden Exception\n    at IdentityController.readContent (/Users/shenyanbin/Documents/workspacex/apps/api/src/interface/controllers/identity.controller.ts:176:15)\n    at processTicksAndRejections (node:internal/process/task_queues:103:5)\n    at /Users/shenyanbin/Documents/workspacex/node_modules/.pnpm/@nestjs+core@10.4.22_@nestjs+common@10.4.22_reflect-metadata@0.2.2_rxjs@7.8.2__@nestjs+platfo_7kfmsha4ldy5jexczco62bentu/node_modules/@nestjs/core/router/router-execution-context.js:46:28\n    at /Users/shenyanbin/Documents/workspacex/node_modules/.pnpm/@nestjs+core@10.4.22_@nestjs+common@10.4.22_reflect-metadata@0.2.2_rxjs@7.8.2__@nestjs+platfo_7kfmsha4ldy5jexczco62bentu/node_modules/@nestjs/core/router/router-proxy.js:9:17"}}
{"level":"error","msg":"http exception","traceId":"04d529e8-772f-468c-a826-07578bd1dc50","detail":{"name":"ForbiddenException","message":"Forbidden Exception","stack":"ForbiddenException: Forbidden Exception\n    at IdentityController.readContent (/Users/shenyanbin/Documents/workspacex/apps/api/src/interface/controllers/identity.controller.ts:176:15)\n    at processTicksAndRejections (node:internal/process/task_queues:103:5)\n    at /Users/shenyanbin/Documents/workspacex/node_modules/.pnpm/@nestjs+core@10.4.22_@nestjs+common@10.4.22_reflect-metadata@0.2.2_rxjs@7.8.2__@nestjs+platfo_7kfmsha4ldy5jexczco62bentu/node_modules/@nestjs/core/router/router-execution-context.js:46:28\n    at /Users/shenyanbin/Documents/workspacex/node_modules/.pnpm/@nestjs+core@10.4.22_@nestjs+common@10.4.22_reflect-metadata@0.2.2_rxjs@7.8.2__@nestjs+platfo_7kfmsha4ldy5jexczco62bentu/node_modules/@nestjs/core/router/router-proxy.js:9:17"}}
{"level":"error","msg":"http exception","traceId":"9a0ab99f-8b3a-45e4-9620-e5d62163ca61","detail":{"name":"ForbiddenException","message":"Forbidden Exception","stack":"ForbiddenException: Forbidden Exception\n    at IdentityController.readContent (/Users/shenyanbin/Documents/workspacex/apps/api/src/interface/controllers/identity.controller.ts:176:15)\n    at processTicksAndRejections (node:internal/process/task_queues:103:5)\n    at /Users/shenyanbin/Documents/workspacex/node_modules/.pnpm/@nestjs+core@10.4.22_@nestjs+common@10.4.22_reflect-metadata@0.2.2_rxjs@7.8.2__@nestjs+platfo_7kfmsha4ldy5jexczco62bentu/node_modules/@nestjs/core/router/router-execution-context.js:46:28\n    at /Users/shenyanbin/Documents/workspacex/node_modules/.pnpm/@nestjs+core@10.4.22_@nestjs+common@10.4.22_reflect-metadata@0.2.2_rxjs@7.8.2__@nestjs+platfo_7kfmsha4ldy5jexczco62bentu/node_modules/@nestjs/core/router/router-proxy.js:9:17"}}
{"level":"error","msg":"http exception","traceId":"437da384-0745-4069-ac6e-4f2fd3a4592f","detail":{"name":"ForbiddenException","message":"Forbidden Exception","stack":"ForbiddenException: Forbidden Exception\n    at IdentityController.readContent (/Users/shenyanbin/Documents/workspacex/apps/api/src/interface/controllers/identity.controller.ts:176:15)\n    at processTicksAndRejections (node:internal/process/task_queues:103:5)\n    at /Users/shenyanbin/Documents/workspacex/node_modules/.pnpm/@nestjs+core@10.4.22_@nestjs+common@10.4.22_reflect-metadata@0.2.2_rxjs@7.8.2__@nestjs+platfo_7kfmsha4ldy5jexczco62bentu/node_modules/@nestjs/core/router/router-execution-context.js:46:28\n    at /Users/shenyanbin/Documents/workspacex/node_modules/.pnpm/@nestjs+core@10.4.22_@nestjs+common@10.4.22_reflect-metadata@0.2.2_rxjs@7.8.2__@nestjs+platfo_7kfmsha4ldy5jexczco62bentu/node_modules/@nestjs/core/router/router-proxy.js:9:17"}}
{"level":"error","msg":"http exception","traceId":"2ca0b7a2-621a-4e49-9561-fcbe591f8e3e","detail":{"name":"ForbiddenException","message":"Forbidden Exception","stack":"ForbiddenException: Forbidden Exception\n    at IdentityController.readContent (/Users/shenyanbin/Documents/workspacex/apps/api/src/interface/controllers/identity.controller.ts:176:15)\n    at processTicksAndRejections (node:internal/process/task_queues:103:5)\n    at /Users/shenyanbin/Documents/workspacex/node_modules/.pnpm/@nestjs+core@10.4.22_@nestjs+common@10.4.22_reflect-metadata@0.2.2_rxjs@7.8.2__@nestjs+platfo_7kfmsha4ldy5jexczco62bentu/node_modules/@nestjs/core/router/router-execution-context.js:46:28\n    at /Users/shenyanbin/Documents/workspacex/node_modules/.pnpm/@nestjs+core@10.4.22_@nestjs+common@10.4.22_reflect-metadata@0.2.2_rxjs@7.8.2__@nestjs+platfo_7kfmsha4ldy5jexczco62bentu/node_modules/@nestjs/core/router/router-proxy.js:9:17"}}
{"level":"error","msg":"http exception","traceId":"745f18a4-d7f5-4de2-86a2-4d0e7492e9a5","detail":{"name":"ForbiddenException","message":"Forbidden Exception","stack":"ForbiddenException: Forbidden Exception\n    at IdentityController.readContent (/Users/shenyanbin/Documents/workspacex/apps/api/src/interface/controllers/identity.controller.ts:176:15)\n    at processTicksAndRejections (node:internal/process/task_queues:103:5)\n    at /Users/shenyanbin/Documents/workspacex/node_modules/.pnpm/@nestjs+core@10.4.22_@nestjs+common@10.4.22_reflect-metadata@0.2.2_rxjs@7.8.2__@nestjs+platfo_7kfmsha4ldy5jexczco62bentu/node_modules/@nestjs/core/router/router-execution-context.js:46:28\n    at /Users/shenyanbin/Documents/workspacex/node_modules/.pnpm/@nestjs+core@10.4.22_@nestjs+common@10.4.22_reflect-metadata@0.2.2_rxjs@7.8.2__@nestjs+platfo_7kfmsha4ldy5jexczco62bentu/node_modules/@nestjs/core/router/router-proxy.js:9:17"}}
{"level":"error","msg":"http exception","traceId":"1143e6e8-e18d-4322-ab47-8aa87817b10d","detail":{"name":"NotFoundException","message":"Not Found","stack":"NotFoundException: Not Found\n    at IdentityController.readContent (/Users/shenyanbin/Documents/workspacex/apps/api/src/interface/controllers/identity.controller.ts:170:52)\n    at processTicksAndRejections (node:internal/process/task_queues:103:5)\n    at /Users/shenyanbin/Documents/workspacex/node_modules/.pnpm/@nestjs+core@10.4.22_@nestjs+common@10.4.22_reflect-metadata@0.2.2_rxjs@7.8.2__@nestjs+platfo_7kfmsha4ldy5jexczco62bentu/node_modules/@nestjs/core/router/router-execution-context.js:46:28\n    at /Users/shenyanbin/Documents/workspacex/node_modules/.pnpm/@nestjs+core@10.4.22_@nestjs+common@10.4.22_reflect-metadata@0.2.2_rxjs@7.8.2__@nestjs+platfo_7kfmsha4ldy5jexczco62bentu/node_modules/@nestjs/core/router/router-proxy.js:9:17"}}
{"level":"error","msg":"http exception","traceId":"868d2d90-3264-4018-af45-a501d0b6878b","detail":{"name":"NotFoundException","message":"Not Found","stack":"NotFoundException: Not Found\n    at IdentityController.readContent (/Users/shenyanbin/Documents/workspacex/apps/api/src/interface/controllers/identity.controller.ts:170:52)\n    at processTicksAndRejections (node:internal/process/task_queues:103:5)\n    at /Users/shenyanbin/Documents/workspacex/node_modules/.pnpm/@nestjs+core@10.4.22_@nestjs+common@10.4.22_reflect-metadata@0.2.2_rxjs@7.8.2__@nestjs+platfo_7kfmsha4ldy5jexczco62bentu/node_modules/@nestjs/core/router/router-execution-context.js:46:28\n    at /Users/shenyanbin/Documents/workspacex/node_modules/.pnpm/@nestjs+core@10.4.22_@nestjs+common@10.4.22_reflect-metadata@0.2.2_rxjs@7.8.2__@nestjs+platfo_7kfmsha4ldy5jexczco62bentu/node_modules/@nestjs/core/router/router-proxy.js:9:17"}}
{"level":"error","msg":"http exception","traceId":"3d092044-a326-4b08-94c4-25391912a10e","detail":{"name":"NotFoundException","message":"Not Found","stack":"NotFoundException: Not Found\n    at IdentityController.readContent (/Users/shenyanbin/Documents/workspacex/apps/api/src/interface/controllers/identity.controller.ts:170:52)\n    at processTicksAndRejections (node:internal/process/task_queues:103:5)\n    at /Users/shenyanbin/Documents/workspacex/node_modules/.pnpm/@nestjs+core@10.4.22_@nestjs+common@10.4.22_reflect-metadata@0.2.2_rxjs@7.8.2__@nestjs+platfo_7kfmsha4ldy5jexczco62bentu/node_modules/@nestjs/core/router/router-execution-context.js:46:28\n    at /Users/shenyanbin/Documents/workspacex/node_modules/.pnpm/@nestjs+core@10.4.22_@nestjs+common@10.4.22_reflect-metadata@0.2.2_rxjs@7.8.2__@nestjs+platfo_7kfmsha4ldy5jexczco62bentu/node_modules/@nestjs/core/router/router-proxy.js:9:17"}}
{"level":"error","msg":"http exception","traceId":"0584c6f7-75c9-4e6a-8760-62afedd78617","detail":{"name":"NotFoundException","message":"Not Found","stack":"NotFoundException: Not Found\n    at IdentityController.readContent (/Users/shenyanbin/Documents/workspacex/apps/api/src/interface/controllers/identity.controller.ts:172:57)\n    at processTicksAndRejections (node:internal/process/task_queues:103:5)\n    at /Users/shenyanbin/Documents/workspacex/node_modules/.pnpm/@nestjs+core@10.4.22_@nestjs+common@10.4.22_reflect-metadata@0.2.2_rxjs@7.8.2__@nestjs+platfo_7kfmsha4ldy5jexczco62bentu/node_modules/@nestjs/core/router/router-execution-context.js:46:28\n    at /Users/shenyanbin/Documents/workspacex/node_modules/.pnpm/@nestjs+core@10.4.22_@nestjs+common@10.4.22_reflect-metadata@0.2.2_rxjs@7.8.2__@nestjs+platfo_7kfmsha4ldy5jexczco62bentu/node_modules/@nestjs/core/router/router-proxy.js:9:17"}}
 ✓ tests/kernel/admin-boundary-deny.test.ts (12 tests) 1071ms

 Test Files  1 passed (1)
      Tests  12 passed (12)
   Start at  19:54:52
   Duration  1.30s (transform 134ms, setup 0ms, collect 73ms, tests 1.07s, environment 0ms, prepare 36ms)



$ pnpm --filter api exec vitest run tests/kernel/admin-personal-layer-count-only.test.ts
[exit 0]

 RUN  v2.1.9 /Users/shenyanbin/Documents/workspacex/apps/api

{"level":"error","msg":"http exception","traceId":"4c51deaf-f41e-4f70-874a-c9023871c12f","detail":{"name":"ForbiddenException","message":"Forbidden Exception","stack":"ForbiddenException: Forbidden Exception\n    at IdentityController.readContent (/Users/shenyanbin/Documents/workspacex/apps/api/src/interface/controllers/identity.controller.ts:176:15)\n    at processTicksAndRejections (node:internal/process/task_queues:103:5)\n    at /Users/shenyanbin/Documents/workspacex/node_modules/.pnpm/@nestjs+core@10.4.22_@nestjs+common@10.4.22_reflect-metadata@0.2.2_rxjs@7.8.2__@nestjs+platfo_7kfmsha4ldy5jexczco62bentu/node_modules/@nestjs/core/router/router-execution-context.js:46:28\n    at /Users/shenyanbin/Documents/workspacex/node_modules/.pnpm/@nestjs+core@10.4.22_@nestjs+common@10.4.22_reflect-metadata@0.2.2_rxjs@7.8.2__@nestjs+platfo_7kfmsha4ldy5jexczco62bentu/node_modules/@nestjs/core/router/router-proxy.js:9:17"}}
{"level":"error","msg":"http exception","traceId":"2f8e73e7-f572-4217-930c-10efb81be4cc","detail":{"name":"ForbiddenException","message":"Forbidden Exception","stack":"ForbiddenException: Forbidden Exception\n    at IdentityController.readContent (/Users/shenyanbin/Documents/workspacex/apps/api/src/interface/controllers/identity.controller.ts:176:15)\n    at processTicksAndRejections (node:internal/process/task_queues:103:5)\n    at /Users/shenyanbin/Documents/workspacex/node_modules/.pnpm/@nestjs+core@10.4.22_@nestjs+common@10.4.22_reflect-metadata@0.2.2_rxjs@7.8.2__@nestjs+platfo_7kfmsha4ldy5jexczco62bentu/node_modules/@nestjs/core/router/router-execution-context.js:46:28\n    at /Users/shenyanbin/Documents/workspacex/node_modules/.pnpm/@nestjs+core@10.4.22_@nestjs+common@10.4.22_reflect-metadata@0.2.2_rxjs@7.8.2__@nestjs+platfo_7kfmsha4ldy5jexczco62bentu/node_modules/@nestjs/core/router/router-proxy.js:9:17"}}
{"level":"error","msg":"http exception","traceId":"4792b0d4-a57e-4bf1-811a-e906552550e4","detail":{"name":"ForbiddenException","message":"Forbidden Exception","stack":"ForbiddenException: Forbidden Exception\n    at IdentityController.readContent (/Users/shenyanbin/Documents/workspacex/apps/api/src/interface/controllers/identity.controller.ts:176:15)\n    at processTicksAndRejections (node:internal/process/task_queues:103:5)\n    at /Users/shenyanbin/Documents/workspacex/node_modules/.pnpm/@nestjs+core@10.4.22_@nestjs+common@10.4.22_reflect-metadata@0.2.2_rxjs@7.8.2__@nestjs+platfo_7kfmsha4ldy5jexczco62bentu/node_modules/@nestjs/core/router/router-execution-context.js:46:28\n    at /Users/shenyanbin/Documents/workspacex/node_modules/.pnpm/@nestjs+core@10.4.22_@nestjs+common@10.4.22_reflect-metadata@0.2.2_rxjs@7.8.2__@nestjs+platfo_7kfmsha4ldy5jexczco62bentu/node_modules/@nestjs/core/router/router-proxy.js:9:17"}}
 ✓ tests/kernel/admin-personal-layer-count-only.test.ts (10 tests) 877ms

 Test Files  1 passed (1)
      Tests  10 passed (10)
   Start at  19:54:54
   Duration  1.10s (transform 129ms, setup 0ms, collect 69ms, tests 877ms, environment 0ms, prepare 37ms)



$ pnpm --filter api exec vitest run tests/kernel/admin-audit-access-visible-to-lead.test.ts
[exit 0]

 RUN  v2.1.9 /Users/shenyanbin/Documents/workspacex/apps/api

{"level":"error","msg":"http exception","traceId":"d0ca1120-b72d-43cf-94ad-bdce811a0fc8","detail":{"name":"ForbiddenException","message":"Forbidden Exception","stack":"ForbiddenException: Forbidden Exception\n    at IdentityController.readContent (/Users/shenyanbin/Documents/workspacex/apps/api/src/interface/controllers/identity.controller.ts:176:15)\n    at processTicksAndRejections (node:internal/process/task_queues:103:5)\n    at /Users/shenyanbin/Documents/workspacex/node_modules/.pnpm/@nestjs+core@10.4.22_@nestjs+common@10.4.22_reflect-metadata@0.2.2_rxjs@7.8.2__@nestjs+platfo_7kfmsha4ldy5jexczco62bentu/node_modules/@nestjs/core/router/router-execution-context.js:46:28\n    at /Users/shenyanbin/Documents/workspacex/node_modules/.pnpm/@nestjs+core@10.4.22_@nestjs+common@10.4.22_reflect-metadata@0.2.2_rxjs@7.8.2__@nestjs+platfo_7kfmsha4ldy5jexczco62bentu/node_modules/@nestjs/core/router/router-proxy.js:9:17"}}
{"level":"error","msg":"http exception","traceId":"9d17aece-1670-4ddb-bb36-73481d0d4e1d","detail":{"name":"ForbiddenException","message":"Forbidden Exception","stack":"ForbiddenException: Forbidden Exception\n    at ProvenanceController.query (/Users/shenyanbin/Documents/workspacex/apps/api/src/interface/controllers/provenance.controller.ts:81:15)\n    at processTicksAndRejections (node:internal/process/task_queues:103:5)\n    at /Users/shenyanbin/Documents/workspacex/node_modules/.pnpm/@nestjs+core@10.4.22_@nestjs+common@10.4.22_reflect-metadata@0.2.2_rxjs@7.8.2__@nestjs+platfo_7kfmsha4ldy5jexczco62bentu/node_modules/@nestjs/core/router/router-execution-context.js:46:28\n    at /Users/shenyanbin/Documents/workspacex/node_modules/.pnpm/@nestjs+core@10.4.22_@nestjs+common@10.4.22_reflect-metadata@0.2.2_rxjs@7.8.2__@nestjs+platfo_7kfmsha4ldy5jexczco62bentu/node_modules/@nestjs/core/router/router-proxy.js:9:17"}}
{"level":"error","msg":"http exception","traceId":"194e7a39-4a10-4dc1-8a44-f774e24a4130","detail":{"name":"NotFoundException","message":"Not Found","stack":"NotFoundException: Not Found\n    at ProvenanceController.query (/Users/shenyanbin/Documents/workspacex/apps/api/src/interface/controllers/provenance.controller.ts:78:52)\n    at processTicksAndRejections (node:internal/process/task_queues:103:5)\n    at /Users/shenyanbin/Documents/workspacex/node_modules/.pnpm/@nestjs+core@10.4.22_@nestjs+common@10.4.22_reflect-metadata@0.2.2_rxjs@7.8.2__@nestjs+platfo_7kfmsha4ldy5jexczco62bentu/node_modules/@nestjs/core/router/router-execution-context.js:46:28\n    at /Users/shenyanbin/Documents/workspacex/node_modules/.pnpm/@nestjs+core@10.4.22_@nestjs+common@10.4.22_reflect-metadata@0.2.2_rxjs@7.8.2__@nestjs+platfo_7kfmsha4ldy5jexczco62bentu/node_modules/@nestjs/core/router/router-proxy.js:9:17"}}
{"level":"error","msg":"unhandled exception","traceId":"3ac8336f-a379-447a-904a-848f8594b2ad","detail":{"name":"error","message":"permission denied for table provenance_events","stack":"error: permission denied for table provenance_events\n    at /Users/shenyanbin/Documents/workspacex/node_modules/.pnpm/pg@8.22.0/node_modules/pg/lib/client.js:652:17\n    at processTicksAndRejections (node:internal/process/task_queues:103:5)\n    at Object.query (/Users/shenyanbin/Documents/workspacex/apps/api/src/infrastructure/db/pg-database.ts:33:21)\n    at /Users/shenyanbin/Documents/workspacex/apps/api/src/infrastructure/provenance/pg-provenance-repository.ts:69:17\n    at PgDatabase.inTx (/Users/shenyanbin/Documents/workspacex/apps/api/src/infrastructure/db/pg-database.ts:37:19)\n    at Module.readContent (/Users/shenyanbin/Documents/workspacex/apps/api/src/application/identity/read-content.ts:120:25)\n    at IdentityController.readContent (/Users/shenyanbin/Documents/workspacex/apps/api/src/interface/controllers/identity.controller.ts:159:14)\n    at /Users/shenyanbin/Documents/workspacex/node_modules/.pnpm/@nestjs+core@10.4.22_@nestjs+common@10.4.22_reflect-metadata@0.2.2_rxjs@7.8.2__@nestjs+platfo_7kfmsha4ldy5jexczco62bentu/node_modules/@nestjs/core/router/router-execution-context.js:46:28\n    at /Users/shenyanbin/Documents/workspacex/node_modules/.pnpm/@nestjs+core@10.4.22_@nestjs+common@10.4.22_reflect-metadata@0.2.2_rxjs@7.8.2__@nestjs+platfo_7kfmsha4ldy5jexczco62bentu/node_modules/@nestjs/core/router/router-proxy.js:9:17"}}
 ✓ tests/kernel/admin-audit-access-visible-to-lead.test.ts (14 tests) 995ms

 Test Files  1 passed (1)
      Tests  14 passed (14)
   Start at  19:54:55
   Duration  1.22s (transform 132ms, setup 0ms, collect 69ms, tests 995ms, environment 0ms, prepare 37ms)



$ node .harness/scripts/lint-contract-source.mjs
[exit 0]
✅ lint-contract-source: generated files match the contract, no hand-written copies (63 contract types)
scanned-dirs=apps/web/lib,apps/api/src

[harness-verify v1 sha256=d09339a48901235b739084d907e4c8fe3dab4a8c8a52ea89cdb7a55217e469af commit=6055802f4dc8031c176d44b0a2cb976e77550265 at=2026-07-29T11:54:57.376Z]