$ pnpm --filter api run typecheck
[exit 0]

> @repo/api@0.0.0 typecheck /Users/shenyanbin/Documents/workspacex/apps/api
> tsc --noEmit



$ pnpm --filter api run lint
[exit 0]

> @repo/api@0.0.0 lint /Users/shenyanbin/Documents/workspacex/apps/api
> node scripts/lint-error-leak.mjs && node scripts/lint-permission-paths.mjs && node scripts/lint-no-builtin-capabilities.mjs && node ../../.harness/scripts/lint-arch-deps.mjs apps/api/src

✅ lint-error-leak: 14 files in the interface layer, no error detail reaches a response
scanned=14
✅ lint-permission-paths: every tenant-table read goes through the guarded read path
scanned=91 tenant-tables=22 allowlisted=5
· [debt] apps/web/lib/mock/admin.ts:186  built-in capability entry `Ava`
· [debt] apps/web/lib/mock/admin.ts:187  built-in capability entry `Scout`
· [debt] apps/web/lib/mock/admin.ts:188  built-in capability entry `Echo`
· [debt] apps/web/lib/mock/admin.ts:189  built-in capability entry `Ledger`
· [debt] apps/web/lib/mock/chat.ts:44  built-in capability entry `Ava`
· [debt] apps/web/lib/mock/chat.ts:45  built-in capability entry `Atlas`
· [debt] apps/web/lib/mock/chat.ts:46  built-in capability entry `Scout`
· [debt] apps/web/lib/mock/chat.ts:47  built-in capability entry `Ledger`
· [debt] apps/web/lib/mock/chat.ts:48  built-in capability entry `Warden`
· [debt] apps/web/lib/mock/chat.ts:49  built-in capability entry `Echo`
· [debt] apps/web/lib/mock/chat.ts:336  built-in capability entry `Ava`
· [debt] apps/web/lib/mock/chat.ts:374  built-in capability entry `Ava`
· [debt] apps/web/lib/mock/chat.ts:383  built-in capability entry `Scout`
· [debt] apps/web/lib/mock/chat.ts:411  built-in capability entry `Ava`
· [debt] apps/web/lib/mock/chat.ts:445  built-in capability entry `Scout`
· [debt] apps/web/lib/mock/chat.ts:446  list-shaped constant `models` with 4 entries
· [debt] apps/web/lib/mock/chat.ts:471  built-in capability entry `Scout`
· [debt] apps/web/lib/mock/chat.ts:521  built-in capability entry `Ledger`
· [debt] apps/web/lib/mock/tasks.ts:158  built-in capability entry `Ledger`
· [debt] apps/web/lib/mock/tasks.ts:168  built-in capability entry `Scout`
✅ lint-no-builtin-capabilities: no built-in capability list in product code
scanned=237 violations=0 debt=20 migrations=11
✅ lint-arch-deps: 89 files, all dependencies point inward
scanned=89


$ pnpm --filter api exec vitest run tests/kernel/snapshot-immutable-roundtrip.test.ts
[exit 0]

 RUN  v2.1.9 /Users/shenyanbin/Documents/workspacex/apps/api

 ✓ tests/kernel/snapshot-immutable-roundtrip.test.ts (5 tests) 232ms

 Test Files  1 passed (1)
      Tests  5 passed (5)
   Start at  19:55:07
   Duration  544ms (transform 74ms, setup 0ms, collect 90ms, tests 232ms, environment 0ms, prepare 65ms)



$ pnpm --filter api exec vitest run tests/kernel/snapshot-concurrent-single-version.test.ts
[exit 0]

 RUN  v2.1.9 /Users/shenyanbin/Documents/workspacex/apps/api

 ✓ tests/kernel/snapshot-concurrent-single-version.test.ts (10 tests) 407ms

 Test Files  1 passed (1)
      Tests  10 passed (10)
   Start at  19:55:07
   Duration  689ms (transform 54ms, setup 0ms, collect 74ms, tests 407ms, environment 0ms, prepare 36ms)



$ pnpm --filter api exec vitest run tests/kernel/snapshot-no-edit-no-delete.test.ts
[exit 0]

 RUN  v2.1.9 /Users/shenyanbin/Documents/workspacex/apps/api

 ✓ tests/kernel/snapshot-no-edit-no-delete.test.ts (14 tests) 599ms

 Test Files  1 passed (1)
      Tests  14 passed (14)
   Start at  19:55:08
   Duration  866ms (transform 65ms, setup 0ms, collect 91ms, tests 599ms, environment 0ms, prepare 35ms)



$ apps/api/scripts/verify-rls.sh
[exit 0]
== bringing up postgres, resetting to an empty database ==
== applying migrations as the owner ==
applied 11 migration(s), skipped 0
  + 0001-kernel-roles.sql
  + 0002-rls-probe.sql
  + 0003-identity.sql
  + 0004-f02-tenant-isolation-audit.sql
  + 0005-f03-admin-boundary.sql
  + 0006-f04-artifact-model.sql
  + 0007-f05-snapshot-immutability.sql
  + 0008-f06-binding-modes.sql
  + 0008-f15-capability-listings.sql
  + 0009-f10-retrieval-index.sql
  + 0010-f19-auth-registration.sql

== 1-4: role and table properties ==
  ✓ app_rw owns no table (= 0)
  ✓ app_rw does not have BYPASSRLS (= f)
  ✓ app_rw cannot run DDL in public (= f)
  ✓ every RLS-enabled table is FORCEd (= 0)
  ✓ every tenant-carrying table is ENABLE+FORCE RLS with a tenant policy (catalog-derived) (= 0)
  ✓ audit is not idle: 22 tenant tables classified ok
  ✓ no table is readable by the runtime role without either a tenant key or a written exemption (= 0)
  ✓ rls_probe exists (assertion 8: the evidence table is a kernel asset) (= 1)

== 5-7: cross-tenant reads as app_rw, no application-level filter ==
  ✓ 5. as org-a, zero rows belong to org-b
  ✓ 6. as org-b, own rows ARE visible (isolation, not paralysis)
  ✓ 7. with no tenant context, zero rows (fail-closed, not fail-open)
  ✓    (fixture sanity) org-a sees exactly its own two rows
RLS-ASSERT-OK

✅ verify-rls: RLS is enforced -- app_rw is not an owner, EVERY tenant-carrying table (derived from the catalog, not a list) is ENABLE+FORCE with a tenant policy, cross-tenant reads return 0 rows, own-tenant reads work, no tenant context is fail-closed
 Container workspacex-kernel-postgres-1 Running 


$ pnpm --filter api run migrate:check
[exit 0]

> @repo/api@0.0.0 migrate:check /Users/shenyanbin/Documents/workspacex/apps/api
> ./scripts/verify-migrations.sh

  applied 11 migration(s) to an empty database
  ✓ force replay re-ran every file (not silently skipped by the version table)
  ✓ schema digest identical after replay
  ✓ every file in migrations/ is recorded in the version table
  (migrations dir: /Users/shenyanbin/Documents/workspacex/apps/api/migrations/)
✅ migrate:check: migrations rebuild from empty and are individually replayable
 Container workspacex-kernel-postgres-1 Running 


$ pnpm --filter @repo/contracts run test
[exit 0]

> @repo/contracts@0.0.0 test /Users/shenyanbin/Documents/workspacex/packages/contracts
> vitest run


 RUN  v2.1.9 /Users/shenyanbin/Documents/workspacex/packages/contracts

 ✓ tests/pending-thresholds.test.ts (6 tests) 24ms
 ✓ tests/no-forbidden-routes.test.ts (6 tests) 2ms
 ✓ tests/contract-shape.test.ts (17 tests) 5ms
 ✓ tests/out-schemas-strict.test.ts (2 tests) 2ms

 Test Files  4 passed (4)
      Tests  31 passed (31)
   Start at  19:55:12
   Duration  250ms (transform 94ms, setup 0ms, collect 197ms, tests 32ms, environment 0ms, prepare 201ms)


[harness-verify v1 sha256=679d2ec67eb1a821e610115827f3be7743cee80eb312df6e531d415726146d4b commit=6055802f4dc8031c176d44b0a2cb976e77550265 at=2026-07-29T11:55:12.614Z]