$ pnpm --filter api run typecheck
[exit 0]

> @repo/api@0.0.0 typecheck /Users/shenyanbin/Documents/workspacex/apps/api
> tsc --noEmit



$ pnpm --filter api run lint
[exit 0]

> @repo/api@0.0.0 lint /Users/shenyanbin/Documents/workspacex/apps/api
> node scripts/lint-error-leak.mjs && node scripts/lint-permission-paths.mjs && node scripts/lint-no-builtin-capabilities.mjs && node ../../.harness/scripts/lint-arch-deps.mjs apps/api/src

✅ lint-error-leak: 13 files in the interface layer, no error detail reaches a response
scanned=13
✅ lint-permission-paths: every tenant-table read goes through the guarded read path
scanned=75 tenant-tables=17 allowlisted=4
· [debt] apps/web/lib/mock/admin.ts:186  built-in capability entry `Ava`
· [debt] apps/web/lib/mock/admin.ts:187  built-in capability entry `Scout`
· [debt] apps/web/lib/mock/admin.ts:188  built-in capability entry `Echo`
· [debt] apps/web/lib/mock/admin.ts:189  built-in capability entry `Ledger`
· [debt] apps/web/lib/mock/chat.ts:44  built-in capability entry `Ava`
· [debt] apps/web/lib/mock/chat.ts:45  built-in capability entry `Atlas`
· [debt] apps/web/lib/mock/chat.ts:46  built-in capability entry `Scout`
· [debt] apps/web/lib/mock/chat.ts:47  built-in capability entry `Ledger`
· [debt] apps/web/lib/mock/chat.ts:48  built-in capability entry `Warden`
· [debt] apps/web/lib/mock/chat.ts:49  built-in capability entry `Echo`
· [debt] apps/web/lib/mock/chat.ts:336  built-in capability entry `Ava`
· [debt] apps/web/lib/mock/chat.ts:374  built-in capability entry `Ava`
· [debt] apps/web/lib/mock/chat.ts:383  built-in capability entry `Scout`
· [debt] apps/web/lib/mock/chat.ts:411  built-in capability entry `Ava`
· [debt] apps/web/lib/mock/chat.ts:445  built-in capability entry `Scout`
· [debt] apps/web/lib/mock/chat.ts:446  list-shaped constant `models` with 4 entries
· [debt] apps/web/lib/mock/chat.ts:471  built-in capability entry `Scout`
· [debt] apps/web/lib/mock/chat.ts:521  built-in capability entry `Ledger`
· [debt] apps/web/lib/mock/tasks.ts:158  built-in capability entry `Ledger`
· [debt] apps/web/lib/mock/tasks.ts:168  built-in capability entry `Scout`
✅ lint-no-builtin-capabilities: no built-in capability list in product code
scanned=220 violations=0 debt=20 migrations=9
✅ lint-arch-deps: 73 files, all dependencies point inward
scanned=73


$ pnpm --filter api exec vitest run tests/kernel/binding-three-modes.test.ts
[exit 0]

 RUN  v2.1.9 /Users/shenyanbin/Documents/workspacex/apps/api

 ✓ tests/kernel/binding-three-modes.test.ts (14 tests) 1314ms

 Test Files  1 passed (1)
      Tests  14 passed (14)
   Start at  17:23:02
   Duration  1.63s (transform 77ms, setup 0ms, collect 121ms, tests 1.31s, environment 0ms, prepare 54ms)



$ pnpm --filter api exec vitest run tests/kernel/backflow-list-fields.test.ts
[exit 0]

 RUN  v2.1.9 /Users/shenyanbin/Documents/workspacex/apps/api

{"level":"error","msg":"http exception","traceId":"71896100-a272-4735-99a5-63d35c11603e","detail":{"name":"ForbiddenException","message":"Forbidden Exception","stack":"ForbiddenException: Forbidden Exception\n    at ArtifactBindingController.run (/Users/shenyanbin/Documents/workspacex/apps/api/src/interface/controllers/artifact-binding.controller.ts:202:15)\n    at processTicksAndRejections (node:internal/process/task_queues:103:5)\n    at /Users/shenyanbin/Documents/workspacex/node_modules/.pnpm/@nestjs+core@10.4.22_@nestjs+common@10.4.22_reflect-metadata@0.2.2_rxjs@7.8.2__@nestjs+platfo_7kfmsha4ldy5jexczco62bentu/node_modules/@nestjs/core/router/router-execution-context.js:46:28\n    at /Users/shenyanbin/Documents/workspacex/node_modules/.pnpm/@nestjs+core@10.4.22_@nestjs+common@10.4.22_reflect-metadata@0.2.2_rxjs@7.8.2__@nestjs+platfo_7kfmsha4ldy5jexczco62bentu/node_modules/@nestjs/core/router/router-proxy.js:9:17"}}
 ✓ tests/kernel/backflow-list-fields.test.ts (13 tests) 1460ms

 Test Files  1 passed (1)
      Tests  13 passed (13)
   Start at  17:23:04
   Duration  1.75s (transform 122ms, setup 0ms, collect 103ms, tests 1.46s, environment 0ms, prepare 43ms)



$ pnpm --filter api exec vitest run tests/kernel/mode-upgrade-no-downgrade.test.ts
[exit 0]

 RUN  v2.1.9 /Users/shenyanbin/Documents/workspacex/apps/api

{"level":"error","msg":"http exception","traceId":"95137372-4add-4836-9afc-224efe783c1c","detail":{"name":"ConflictException","message":"cannot_downgrade","stack":"ConflictException: cannot_downgrade\n    at ArtifactBindingController.run (/Users/shenyanbin/Documents/workspacex/apps/api/src/interface/controllers/artifact-binding.controller.ts:207:52)\n    at processTicksAndRejections (node:internal/process/task_queues:103:5)\n    at /Users/shenyanbin/Documents/workspacex/node_modules/.pnpm/@nestjs+core@10.4.22_@nestjs+common@10.4.22_reflect-metadata@0.2.2_rxjs@7.8.2__@nestjs+platfo_7kfmsha4ldy5jexczco62bentu/node_modules/@nestjs/core/router/router-execution-context.js:46:28\n    at /Users/shenyanbin/Documents/workspacex/node_modules/.pnpm/@nestjs+core@10.4.22_@nestjs+common@10.4.22_reflect-metadata@0.2.2_rxjs@7.8.2__@nestjs+platfo_7kfmsha4ldy5jexczco62bentu/node_modules/@nestjs/core/router/router-proxy.js:9:17"}}
{"level":"error","msg":"http exception","traceId":"e7d37c2f-eac7-4ce2-a064-2699f4e130c3","detail":{"name":"ConflictException","message":"version_changed","stack":"ConflictException: version_changed\n    at ArtifactBindingController.run (/Users/shenyanbin/Documents/workspacex/apps/api/src/interface/controllers/artifact-binding.controller.ts:208:51)\n    at processTicksAndRejections (node:internal/process/task_queues:103:5)\n    at /Users/shenyanbin/Documents/workspacex/node_modules/.pnpm/@nestjs+core@10.4.22_@nestjs+common@10.4.22_reflect-metadata@0.2.2_rxjs@7.8.2__@nestjs+platfo_7kfmsha4ldy5jexczco62bentu/node_modules/@nestjs/core/router/router-execution-context.js:46:28\n    at /Users/shenyanbin/Documents/workspacex/node_modules/.pnpm/@nestjs+core@10.4.22_@nestjs+common@10.4.22_reflect-metadata@0.2.2_rxjs@7.8.2__@nestjs+platfo_7kfmsha4ldy5jexczco62bentu/node_modules/@nestjs/core/router/router-proxy.js:9:17"}}
{"level":"error","msg":"http exception","traceId":"47fe7857-e20f-44a6-bbd0-0912e777cef5","detail":{"name":"ForbiddenException","message":"Forbidden Exception","stack":"ForbiddenException: Forbidden Exception\n    at ArtifactBindingController.run (/Users/shenyanbin/Documents/workspacex/apps/api/src/interface/controllers/artifact-binding.controller.ts:205:15)\n    at processTicksAndRejections (node:internal/process/task_queues:103:5)\n    at /Users/shenyanbin/Documents/workspacex/node_modules/.pnpm/@nestjs+core@10.4.22_@nestjs+common@10.4.22_reflect-metadata@0.2.2_rxjs@7.8.2__@nestjs+platfo_7kfmsha4ldy5jexczco62bentu/node_modules/@nestjs/core/router/router-execution-context.js:46:28\n    at /Users/shenyanbin/Documents/workspacex/node_modules/.pnpm/@nestjs+core@10.4.22_@nestjs+common@10.4.22_reflect-metadata@0.2.2_rxjs@7.8.2__@nestjs+platfo_7kfmsha4ldy5jexczco62bentu/node_modules/@nestjs/core/router/router-proxy.js:9:17"}}
{"level":"error","msg":"http exception","traceId":"680e87e1-ce76-43c5-b694-45b691fb753e","detail":{"name":"NotFoundException","message":"not_found","stack":"NotFoundException: not_found\n    at ArtifactBindingController.run (/Users/shenyanbin/Documents/workspacex/apps/api/src/interface/controllers/artifact-binding.controller.ts:200:53)\n    at processTicksAndRejections (node:internal/process/task_queues:103:5)\n    at /Users/shenyanbin/Documents/workspacex/node_modules/.pnpm/@nestjs+core@10.4.22_@nestjs+common@10.4.22_reflect-metadata@0.2.2_rxjs@7.8.2__@nestjs+platfo_7kfmsha4ldy5jexczco62bentu/node_modules/@nestjs/core/router/router-execution-context.js:46:28\n    at /Users/shenyanbin/Documents/workspacex/node_modules/.pnpm/@nestjs+core@10.4.22_@nestjs+common@10.4.22_reflect-metadata@0.2.2_rxjs@7.8.2__@nestjs+platfo_7kfmsha4ldy5jexczco62bentu/node_modules/@nestjs/core/router/router-proxy.js:9:17"}}
{"level":"error","msg":"contract validation failed","traceId":"9a47c474-a5dc-44df-b66c-454874fce53f","detail":{"name":"ContractValidationError","message":"validation_failed","stack":"ContractValidationError: validation_failed\n    at ZodBodyPipe.transform (/Users/shenyanbin/Documents/workspacex/apps/api/src/interface/pipes/zod-body.pipe.ts:41:11)\n    at /Users/shenyanbin/Documents/workspacex/node_modules/.pnpm/@nestjs+core@10.4.22_@nestjs+common@10.4.22_reflect-metadata@0.2.2_rxjs@7.8.2__@nestjs+platfo_7kfmsha4ldy5jexczco62bentu/node_modules/@nestjs/core/pipes/pipes-consumer.js:16:33\n    at processTicksAndRejections (node:internal/process/task_queues:103:5)"}}
 ✓ tests/kernel/mode-upgrade-no-downgrade.test.ts (14 tests) 1342ms

 Test Files  1 passed (1)
      Tests  14 passed (14)
   Start at  17:23:06
   Duration  1.63s (transform 133ms, setup 0ms, collect 108ms, tests 1.34s, environment 0ms, prepare 49ms)



$ apps/api/scripts/verify-rls.sh
[exit 0]
== bringing up postgres, resetting to an empty database ==
== applying migrations as the owner ==
applied 9 migration(s), skipped 0
  + 0001-kernel-roles.sql
  + 0002-rls-probe.sql
  + 0003-identity.sql
  + 0004-f02-tenant-isolation-audit.sql
  + 0005-f03-admin-boundary.sql
  + 0006-f04-artifact-model.sql
  + 0007-f05-snapshot-immutability.sql
  + 0008-f06-binding-modes.sql
  + 0008-f15-capability-listings.sql

== 1-4: role and table properties ==
  ✓ app_rw owns no table (= 0)
  ✓ app_rw does not have BYPASSRLS (= f)
  ✓ app_rw cannot run DDL in public (= f)
  ✓ every RLS-enabled table is FORCEd (= 0)
  ✓ every tenant-carrying table is ENABLE+FORCE RLS with a tenant policy (catalog-derived) (= 0)
  ✓ audit is not idle: 17 tenant tables classified ok
  ✓ no table is readable by the runtime role without either a tenant key or a written exemption (= 0)
  ✓ rls_probe exists (assertion 8: the evidence table is a kernel asset) (= 1)

== 5-7: cross-tenant reads as app_rw, no application-level filter ==
  ✓ 5. as org-a, zero rows belong to org-b
  ✓ 6. as org-b, own rows ARE visible (isolation, not paralysis)
  ✓ 7. with no tenant context, zero rows (fail-closed, not fail-open)
  ✓    (fixture sanity) org-a sees exactly its own two rows
RLS-ASSERT-OK

✅ verify-rls: RLS is enforced -- app_rw is not an owner, EVERY tenant-carrying table (derived from the catalog, not a list) is ENABLE+FORCE with a tenant policy, cross-tenant reads return 0 rows, own-tenant reads work, no tenant context is fail-closed
 Container workspacex-kernel-postgres-1 Running 


$ pnpm --filter api run migrate:check
[exit 0]

> @repo/api@0.0.0 migrate:check /Users/shenyanbin/Documents/workspacex/apps/api
> ./scripts/verify-migrations.sh

  applied 9 migration(s) to an empty database
  ✓ force replay re-ran every file (not silently skipped by the version table)
  ✓ schema digest identical after replay
  ✓ every file in migrations/ is recorded in the version table
  (migrations dir: /Users/shenyanbin/Documents/workspacex/apps/api/migrations/)
✅ migrate:check: migrations rebuild from empty and are individually replayable
 Container workspacex-kernel-postgres-1 Running 


$ pnpm --filter @repo/contracts run test
[exit 0]

> @repo/contracts@0.0.0 test /Users/shenyanbin/Documents/workspacex/packages/contracts
> vitest run


 RUN  v2.1.9 /Users/shenyanbin/Documents/workspacex/packages/contracts

 ✓ tests/pending-thresholds.test.ts (6 tests) 25ms
 ✓ tests/no-forbidden-routes.test.ts (6 tests) 2ms
 ✓ tests/contract-shape.test.ts (17 tests) 5ms

 Test Files  3 passed (3)
      Tests  29 passed (29)
   Start at  17:23:10
   Duration  288ms (transform 91ms, setup 0ms, collect 153ms, tests 33ms, environment 0ms, prepare 168ms)




[BASE VERIFY] $ pnpm -w run verify:base
[exit 0]

> agentic-harness-template@ verify:base /Users/shenyanbin/Documents/workspacex
> turbo run typecheck lint test


   • Packages in scope: @repo/api, @repo/contracts, @repo/coord-protocol, web
   • Running typecheck, lint, test in 4 packages
   • Remote caching disabled

@repo/contracts:lint: cache miss, executing 03f3bb0508082df0
@repo/contracts:typecheck: cache miss, executing 740b54b5927ff711
@repo/contracts:test: cache miss, executing 539d5449fa577968
@repo/api:test: cache miss, executing b8425ccf15507e7e
@repo/api:typecheck: cache miss, executing 6c6de23a152c7e95
@repo/coord-protocol:test: cache hit, replaying logs 616d8fc852c45dce
@repo/api:lint: cache miss, executing 7322ceb50d646c6e
@repo/coord-protocol:typecheck: cache hit, replaying logs fb4312bed24eb065
@repo/coord-protocol:lint: cache hit, replaying logs ad540133c575347c
@repo/coord-protocol:test: 
@repo/coord-protocol:test: > @repo/coord-protocol@0.1.0 test /Users/shenyanbin/Documents/workspacex/packages/coord-protocol
@repo/coord-protocol:lint: 
@repo/coord-protocol:lint: > @repo/coord-protocol@0.1.0 lint /Users/shenyanbin/Documents/workspacex/packages/coord-protocol
@repo/coord-protocol:lint: > echo 'lint: ok'
@repo/coord-protocol:lint: 
@repo/coord-protocol:lint: lint: ok
web:lint: cache miss, executing 2f6318aa3a82c1d6
@repo/coord-protocol:typecheck: 
@repo/coord-protocol:typecheck: > @repo/coord-protocol@0.1.0 typecheck /Users/shenyanbin/Documents/workspacex/packages/coord-protocol
@repo/coord-protocol:typecheck: > tsc --noEmit
@repo/coord-protocol:typecheck: 
@repo/coord-protocol:test: > vitest run
@repo/coord-protocol:test: 
@repo/coord-protocol:test: 
@repo/coord-protocol:test:  RUN  v2.1.9 /Users/shenyanbin/Documents/workspacex/packages/coord-protocol
@repo/coord-protocol:test: 
@repo/coord-protocol:test:  ✓ test/protocol.test.ts (19 tests) 4ms
@repo/coord-protocol:test:  ✓ test/client.test.ts (20 tests) 7ms
@repo/coord-protocol:test: 
@repo/coord-protocol:test:  Test Files  2 passed (2)
@repo/coord-protocol:test:       Tests  39 passed (39)
@repo/coord-protocol:test:    Start at  15:13:42
@repo/coord-protocol:test:    Duration  457ms (transform 382ms, setup 0ms, collect 407ms, tests 11ms, environment 0ms, prepare 70ms)
@repo/coord-protocol:test: 
web:typecheck: cache miss, executing a0540c960700c7a6
web:test: cache miss, executing 27e4713a901b2d4c
@repo/contracts:lint: 
@repo/contracts:lint: > @repo/contracts@0.0.0 lint /Users/shenyanbin/Documents/workspacex/packages/contracts
@repo/contracts:lint: > echo '(contracts: 由 lint-contract-source 门控)'
@repo/contracts:lint: 
@repo/contracts:typecheck: 
@repo/contracts:typecheck: > @repo/contracts@0.0.0 typecheck /Users/shenyanbin/Documents/workspacex/packages/contracts
@repo/contracts:typecheck: > tsc --noEmit
@repo/contracts:typecheck: 
@repo/contracts:test: 
@repo/contracts:test: > @repo/contracts@0.0.0 test /Users/shenyanbin/Documents/workspacex/packages/contracts
@repo/contracts:test: > vitest run
@repo/contracts:test: 
web:typecheck: 
web:typecheck: > web@0.1.0 typecheck /Users/shenyanbin/Documents/workspacex/apps/web
web:typecheck: > tsc --noEmit
web:typecheck: 
@repo/contracts:lint: (contracts: 由 lint-contract-source 门控)
@repo/api:lint: 
@repo/api:lint: > @repo/api@0.0.0 lint /Users/shenyanbin/Documents/workspacex/apps/api
@repo/api:lint: > node scripts/lint-error-leak.mjs && node scripts/lint-permission-paths.mjs && node scripts/lint-no-builtin-capabilities.mjs && node ../../.harness/scripts/lint-arch-deps.mjs apps/api/src
@repo/api:lint: 
@repo/api:test: 
@repo/api:test: > @repo/api@0.0.0 test /Users/shenyanbin/Documents/workspacex/apps/api
@repo/api:test: > vitest run
@repo/api:test: 
@repo/api:typecheck: 
@repo/api:typecheck: > @repo/api@0.0.0 typecheck /Users/shenyanbin/Documents/workspacex/apps/api
@repo/api:typecheck: > tsc --noEmit
@repo/api:typecheck: 
web:test: 
web:test: > web@0.1.0 test /Users/shenyanbin/Documents/workspacex/apps/web
web:test: > vitest run
web:test: 
web:lint: 
web:lint: > web@0.1.0 lint /Users/shenyanbin/Documents/workspacex/apps/web
web:lint: > next lint --max-warnings 0 && ./scripts/lint-design.sh
web:lint: 
@repo/api:lint: ✅ lint-error-leak: 13 files in the interface layer, no error detail reaches a response
@repo/api:lint: scanned=13
@repo/api:lint: ✅ lint-permission-paths: every tenant-table read goes through the guarded read path
@repo/api:lint: scanned=75 tenant-tables=17 allowlisted=4
@repo/api:lint: · [debt] apps/web/lib/mock/admin.ts:186  built-in capability entry `Ava`
@repo/api:lint: · [debt] apps/web/lib/mock/admin.ts:187  built-in capability entry `Scout`
@repo/api:lint: · [debt] apps/web/lib/mock/admin.ts:188  built-in capability entry `Echo`
@repo/api:lint: · [debt] apps/web/lib/mock/admin.ts:189  built-in capability entry `Ledger`
@repo/api:lint: · [debt] apps/web/lib/mock/chat.ts:44  built-in capability entry `Ava`
@repo/api:lint: · [debt] apps/web/lib/mock/chat.ts:45  built-in capability entry `Atlas`
@repo/api:lint: · [debt] apps/web/lib/mock/chat.ts:46  built-in capability entry `Scout`
@repo/api:lint: · [debt] apps/web/lib/mock/chat.ts:47  built-in capability entry `Ledger`
@repo/api:lint: · [debt] apps/web/lib/mock/chat.ts:48  built-in capability entry `Warden`
@repo/api:lint: · [debt] apps/web/lib/mock/chat.ts:49  built-in capability entry `Echo`
@repo/api:lint: · [debt] apps/web/lib/mock/chat.ts:336  built-in capability entry `Ava`
@repo/api:lint: · [debt] apps/web/lib/mock/chat.ts:374  built-in capability entry `Ava`
@repo/api:lint: · [debt] apps/web/lib/mock/chat.ts:383  built-in capability entry `Scout`
@repo/api:lint: · [debt] apps/web/lib/mock/chat.ts:411  built-in capability entry `Ava`
@repo/api:lint: · [debt] apps/web/lib/mock/chat.ts:445  built-in capability entry `Scout`
@repo/api:lint: · [debt] apps/web/lib/mock/chat.ts:446  list-shaped constant `models` with 4 entries
@repo/api:lint: · [debt] apps/web/lib/mock/chat.ts:471  built-in capability entry `Scout`
@repo/api:lint: · [debt] apps/web/lib/mock/chat.ts:521  built-in capability entry `Ledger`
@repo/api:lint: · [debt] apps/web/lib/mock/tasks.ts:158  built-in capability entry `Ledger`
@repo/api:lint: · [debt] apps/web/lib/mock/tasks.ts:168  built-in capability entry `Scout`
@repo/api:lint: ✅ lint-no-builtin-capabilities: no built-in capability list in product code
@repo/api:lint: scanned=220 violations=0 debt=20 migrations=9
@repo/api:lint: ✅ lint-arch-deps: 73 files, all dependencies point inward
@repo/api:lint: scanned=73
@repo/api:test: 
@repo/api:test:  RUN  v2.1.9 /Users/shenyanbin/Documents/workspacex/apps/api
@repo/api:test: 
@repo/contracts:test: 
@repo/contracts:test:  RUN  v2.1.9 /Users/shenyanbin/Documents/workspacex/packages/contracts
@repo/contracts:test: 
web:test: [33mThe CJS build of Vite's Node API is deprecated. See https://vite.dev/guide/troubleshooting.html#vite-cjs-node-api-deprecated for more details.[39m
web:test: 
web:test:  RUN  v2.1.9 /Users/shenyanbin/Documents/workspacex/apps/web
web:test: 
@repo/contracts:test:  ✓ tests/pending-thresholds.test.ts (6 tests) 28ms
@repo/contracts:test:  ✓ tests/no-forbidden-routes.test.ts (6 tests) 3ms
@repo/contracts:test:  ✓ tests/contract-shape.test.ts (17 tests) 16ms
@repo/contracts:test: 
@repo/contracts:test:  Test Files  3 passed (3)
@repo/contracts:test:       Tests  29 passed (29)
@repo/contracts:test:    Start at  17:23:11
@repo/contracts:test:    Duration  769ms (transform 160ms, setup 0ms, collect 326ms, tests 47ms, environment 0ms, prepare 541ms)
@repo/contracts:test: 
@repo/api:test:  ✓ tests/kernel/context-pack-schema.test.ts (24 tests) 10ms
web:test:  ✓ tests/single-source-of-truth.test.ts (7 tests) 3ms
web:test:  ✓ tests/lint-design-gate.test.ts (12 tests) 172ms
web:test: 
web:test:  Test Files  2 passed (2)
web:test:       Tests  19 passed (19)
web:test:    Start at  17:23:12
web:test:    Duration  1.62s (transform 41ms, setup 0ms, collect 501ms, tests 175ms, environment 1ms, prepare 229ms)
web:test: 
web:lint: ✔ No ESLint warnings or errors
@repo/api:test:  ✓ tests/kernel/snapshot-concurrent-single-version.test.ts (10 tests) 1999ms
@repo/api:test:    ✓ the three loser paths, provoked one at a time > path 1 -- a stale expectedHeadVersion is refused before anything is written 345ms
web:lint: 
web:lint: ✅ lint-design：全部通过（扫描 app components lib）
@repo/api:test:  ✓ tests/kernel/file-first-materialization.test.ts (21 tests) 2644ms
@repo/api:test: {"level":"error","msg":"contract validation failed","traceId":"59f09b9d-1b0b-4813-b8ae-9967e29889cf","detail":{"name":"ContractValidationError","message":"validation_failed","stack":"ContractValidationError: validation_failed\n    at ZodBodyPipe.transform (/Users/shenyanbin/Documents/workspacex/apps/api/src/interface/pipes/zod-body.pipe.ts:41:11)\n    at /Users/shenyanbin/Documents/workspacex/node_modules/.pnpm/@nestjs+core@10.4.22_@nestjs+common@10.4.22_reflect-metadata@0.2.2_rxjs@7.8.2__@nestjs+platfo_7kfmsha4ldy5jexczco62bentu/node_modules/@nestjs/core/pipes/pipes-consumer.js:16:33\n    at processTicksAndRejections (node:internal/process/task_queues:103:5)"}}
@repo/api:test: {"level":"error","msg":"http exception","traceId":"fa28dd43-9a5b-4eb0-b319-cc2513b70e22","detail":{"name":"ForbiddenException","message":"Forbidden Exception","stack":"ForbiddenException: Forbidden Exception\n    at CapabilityController.mutate (/Users/shenyanbin/Documents/workspacex/apps/api/src/interface/controllers/capability.controller.ts:154:15)\n    at processTicksAndRejections (node:internal/process/task_queues:103:5)\n    at /Users/shenyanbin/Documents/workspacex/node_modules/.pnpm/@nestjs+core@10.4.22_@nestjs+common@10.4.22_reflect-metadata@0.2.2_rxjs@7.8.2__@nestjs+platfo_7kfmsha4ldy5jexczco62bentu/node_modules/@nestjs/core/router/router-execution-context.js:46:28\n    at /Users/shenyanbin/Documents/workspacex/node_modules/.pnpm/@nestjs+core@10.4.22_@nestjs+common@10.4.22_reflect-metadata@0.2.2_rxjs@7.8.2__@nestjs+platfo_7kfmsha4ldy5jexczco62bentu/node_modules/@nestjs/core/router/router-proxy.js:9:17"}}
@repo/api:test:  ✓ tests/kernel/rbac-two-layer.test.ts (21 tests) 3250ms
@repo/api:test:    ✓ R4 E3: a team-scoped denial says it came from the ORG layer > a facilitator outside the owning team is still denied 340ms
@repo/api:test: {"level":"error","msg":"http exception","traceId":"36290a87-3ab9-4bf9-a942-099170883f36","detail":{"name":"ForbiddenException","message":"Forbidden Exception","stack":"ForbiddenException: Forbidden Exception\n    at CapabilityController.mutate (/Users/shenyanbin/Documents/workspacex/apps/api/src/interface/controllers/capability.controller.ts:154:15)\n    at processTicksAndRejections (node:internal/process/task_queues:103:5)\n    at /Users/shenyanbin/Documents/workspacex/node_modules/.pnpm/@nestjs+core@10.4.22_@nestjs+common@10.4.22_reflect-metadata@0.2.2_rxjs@7.8.2__@nestjs+platfo_7kfmsha4ldy5jexczco62bentu/node_modules/@nestjs/core/router/router-execution-context.js:46:28\n    at /Users/shenyanbin/Documents/workspacex/node_modules/.pnpm/@nestjs+core@10.4.22_@nestjs+common@10.4.22_reflect-metadata@0.2.2_rxjs@7.8.2__@nestjs+platfo_7kfmsha4ldy5jexczco62bentu/node_modules/@nestjs/core/router/router-proxy.js:9:17"}}
@repo/api:test: {"level":"error","msg":"http exception","traceId":"cc01408d-628d-42ea-aadd-be7cd82cb961","detail":{"name":"ForbiddenException","message":"Forbidden Exception","stack":"ForbiddenException: Forbidden Exception\n    at CapabilityController.mutate (/Users/shenyanbin/Documents/workspacex/apps/api/src/interface/controllers/capability.controller.ts:154:15)\n    at processTicksAndRejections (node:internal/process/task_queues:103:5)\n    at /Users/shenyanbin/Documents/workspacex/node_modules/.pnpm/@nestjs+core@10.4.22_@nestjs+common@10.4.22_reflect-metadata@0.2.2_rxjs@7.8.2__@nestjs+platfo_7kfmsha4ldy5jexczco62bentu/node_modules/@nestjs/core/router/router-execution-context.js:46:28\n    at /Users/shenyanbin/Documents/workspacex/node_modules/.pnpm/@nestjs+core@10.4.22_@nestjs+common@10.4.22_reflect-metadata@0.2.2_rxjs@7.8.2__@nestjs+platfo_7kfmsha4ldy5jexczco62bentu/node_modules/@nestjs/core/router/router-proxy.js:9:17"}}
@repo/api:test: {"level":"error","msg":"http exception","traceId":"d0841120-918e-499f-b69e-e25aaffd775b","detail":{"name":"NotFoundException","message":"Not Found","stack":"NotFoundException: Not Found\n    at CapabilityController.mutate (/Users/shenyanbin/Documents/workspacex/apps/api/src/interface/controllers/capability.controller.ts:149:52)\n    at processTicksAndRejections (node:internal/process/task_queues:103:5)\n    at /Users/shenyanbin/Documents/workspacex/node_modules/.pnpm/@nestjs+core@10.4.22_@nestjs+common@10.4.22_reflect-metadata@0.2.2_rxjs@7.8.2__@nestjs+platfo_7kfmsha4ldy5jexczco62bentu/node_modules/@nestjs/core/router/router-execution-context.js:46:28\n    at /Users/shenyanbin/Documents/workspacex/node_modules/.pnpm/@nestjs+core@10.4.22_@nestjs+common@10.4.22_reflect-metadata@0.2.2_rxjs@7.8.2__@nestjs+platfo_7kfmsha4ldy5jexczco62bentu/node_modules/@nestjs/core/router/router-proxy.js:9:17"}}
@repo/api:test: {"level":"error","msg":"contract validation failed","traceId":"4f9ba516-1662-4a3c-8ed8-808cbddb0497","detail":{"name":"ContractValidationError","message":"validation_failed","stack":"ContractValidationError: validation_failed\n    at CapabilityController.mutate (/Users/shenyanbin/Documents/workspacex/apps/api/src/interface/controllers/capability.controller.ts:161:15)\n    at processTicksAndRejections (node:internal/process/task_queues:103:5)\n    at /Users/shenyanbin/Documents/workspacex/node_modules/.pnpm/@nestjs+core@10.4.22_@nestjs+common@10.4.22_reflect-metadata@0.2.2_rxjs@7.8.2__@nestjs+platfo_7kfmsha4ldy5jexczco62bentu/node_modules/@nestjs/core/router/router-execution-context.js:46:28\n    at /Users/shenyanbin/Documents/workspacex/node_modules/.pnpm/@nestjs+core@10.4.22_@nestjs+common@10.4.22_reflect-metadata@0.2.2_rxjs@7.8.2__@nestjs+platfo_7kfmsha4ldy5jexczco62bentu/node_modules/@nestjs/core/router/router-proxy.js:9:17"}}
@repo/api:test: {"level":"error","msg":"contract validation failed","traceId":"9d520b51-a752-4913-9751-3b5292108b4c","detail":{"name":"ContractValidationError","message":"validation_failed","stack":"ContractValidationError: validation_failed\n    at CapabilityController.mutate (/Users/shenyanbin/Documents/workspacex/apps/api/src/interface/controllers/capability.controller.ts:161:15)\n    at processTicksAndRejections (node:internal/process/task_queues:103:5)\n    at /Users/shenyanbin/Documents/workspacex/node_modules/.pnpm/@nestjs+core@10.4.22_@nestjs+common@10.4.22_reflect-metadata@0.2.2_rxjs@7.8.2__@nestjs+platfo_7kfmsha4ldy5jexczco62bentu/node_modules/@nestjs/core/router/router-execution-context.js:46:28\n    at /Users/shenyanbin/Documents/workspacex/node_modules/.pnpm/@nestjs+core@10.4.22_@nestjs+common@10.4.22_reflect-metadata@0.2.2_rxjs@7.8.2__@nestjs+platfo_7kfmsha4ldy5jexczco62bentu/node_modules/@nestjs/core/router/router-proxy.js:9:17"}}
@repo/api:test:  ✓ tests/kernel/capability-change-provenance.test.ts (19 tests) 3022ms
@repo/api:test:  ✓ tests/kernel/artifact-schema-six-tables.test.ts (33 tests) 3679ms
@repo/api:test:  ✓ tests/kernel/snapshot-no-edit-no-delete.test.ts (14 tests) 1363ms
@repo/api:test: {"level":"error","msg":"http exception","traceId":"9e15971b-716d-4f6b-8018-e550eb6b8e41","detail":{"name":"NotFoundException","message":"Not Found","stack":"NotFoundException: Not Found\n    at CapabilityController.list (/Users/shenyanbin/Documents/workspacex/apps/api/src/interface/controllers/capability.controller.ts:115:52)\n    at processTicksAndRejections (node:internal/process/task_queues:103:5)\n    at /Users/shenyanbin/Documents/workspacex/node_modules/.pnpm/@nestjs+core@10.4.22_@nestjs+common@10.4.22_reflect-metadata@0.2.2_rxjs@7.8.2__@nestjs+platfo_7kfmsha4ldy5jexczco62bentu/node_modules/@nestjs/core/router/router-execution-context.js:46:28\n    at /Users/shenyanbin/Documents/workspacex/node_modules/.pnpm/@nestjs+core@10.4.22_@nestjs+common@10.4.22_reflect-metadata@0.2.2_rxjs@7.8.2__@nestjs+platfo_7kfmsha4ldy5jexczco62bentu/node_modules/@nestjs/core/router/router-proxy.js:9:17"}}
@repo/api:test: {"level":"error","msg":"http exception","traceId":"0844d341-4de5-4aee-b468-6eb8ec100d92","detail":{"name":"ConflictException","message":"cannot_downgrade","stack":"ConflictException: cannot_downgrade\n    at ArtifactBindingController.run (/Users/shenyanbin/Documents/workspacex/apps/api/src/interface/controllers/artifact-binding.controller.ts:207:52)\n    at processTicksAndRejections (node:internal/process/task_queues:103:5)\n    at /Users/shenyanbin/Documents/workspacex/node_modules/.pnpm/@nestjs+core@10.4.22_@nestjs+common@10.4.22_reflect-metadata@0.2.2_rxjs@7.8.2__@nestjs+platfo_7kfmsha4ldy5jexczco62bentu/node_modules/@nestjs/core/router/router-execution-context.js:46:28\n    at /Users/shenyanbin/Documents/workspacex/node_modules/.pnpm/@nestjs+core@10.4.22_@nestjs+common@10.4.22_reflect-metadata@0.2.2_rxjs@7.8.2__@nestjs+platfo_7kfmsha4ldy5jexczco62bentu/node_modules/@nestjs/core/router/router-proxy.js:9:17"}}
@repo/api:test: {"level":"error","msg":"http exception","traceId":"84023553-b7c1-4e00-b2a5-9266f831d40d","detail":{"name":"ConflictException","message":"version_changed","stack":"ConflictException: version_changed\n    at ArtifactBindingController.run (/Users/shenyanbin/Documents/workspacex/apps/api/src/interface/controllers/artifact-binding.controller.ts:208:51)\n    at processTicksAndRejections (node:internal/process/task_queues:103:5)\n    at /Users/shenyanbin/Documents/workspacex/node_modules/.pnpm/@nestjs+core@10.4.22_@nestjs+common@10.4.22_reflect-metadata@0.2.2_rxjs@7.8.2__@nestjs+platfo_7kfmsha4ldy5jexczco62bentu/node_modules/@nestjs/core/router/router-execution-context.js:46:28\n    at /Users/shenyanbin/Documents/workspacex/node_modules/.pnpm/@nestjs+core@10.4.22_@nestjs+common@10.4.22_reflect-metadata@0.2.2_rxjs@7.8.2__@nestjs+platfo_7kfmsha4ldy5jexczco62bentu/node_modules/@nestjs/core/router/router-proxy.js:9:17"}}
@repo/api:test: {"level":"error","msg":"http exception","traceId":"9e38cb78-3e73-4773-a951-1fd300687e73","detail":{"name":"ForbiddenException","message":"Forbidden Exception","stack":"ForbiddenException: Forbidden Exception\n    at ArtifactBindingController.run (/Users/shenyanbin/Documents/workspacex/apps/api/src/interface/controllers/artifact-binding.controller.ts:205:15)\n    at processTicksAndRejections (node:internal/process/task_queues:103:5)\n    at /Users/shenyanbin/Documents/workspacex/node_modules/.pnpm/@nestjs+core@10.4.22_@nestjs+common@10.4.22_reflect-metadata@0.2.2_rxjs@7.8.2__@nestjs+platfo_7kfmsha4ldy5jexczco62bentu/node_modules/@nestjs/core/router/router-execution-context.js:46:28\n    at /Users/shenyanbin/Documents/workspacex/node_modules/.pnpm/@nestjs+core@10.4.22_@nestjs+common@10.4.22_reflect-metadata@0.2.2_rxjs@7.8.2__@nestjs+platfo_7kfmsha4ldy5jexczco62bentu/node_modules/@nestjs/core/router/router-proxy.js:9:17"}}
@repo/api:test: {"level":"error","msg":"http exception","traceId":"17b0e810-fb54-48f3-a35c-9e5174a9983a","detail":{"name":"NotFoundException","message":"not_found","stack":"NotFoundException: not_found\n    at ArtifactBindingController.run (/Users/shenyanbin/Documents/workspacex/apps/api/src/interface/controllers/artifact-binding.controller.ts:200:53)\n    at processTicksAndRejections (node:internal/process/task_queues:103:5)\n    at /Users/shenyanbin/Documents/workspacex/node_modules/.pnpm/@nestjs+core@10.4.22_@nestjs+common@10.4.22_reflect-metadata@0.2.2_rxjs@7.8.2__@nestjs+platfo_7kfmsha4ldy5jexczco62bentu/node_modules/@nestjs/core/router/router-execution-context.js:46:28\n    at /Users/shenyanbin/Documents/workspacex/node_modules/.pnpm/@nestjs+core@10.4.22_@nestjs+common@10.4.22_reflect-metadata@0.2.2_rxjs@7.8.2__@nestjs+platfo_7kfmsha4ldy5jexczco62bentu/node_modules/@nestjs/core/router/router-proxy.js:9:17"}}
@repo/api:test: {"level":"error","msg":"contract validation failed","traceId":"8b350c7f-8e63-4db5-8c8f-acef858d0e38","detail":{"name":"ContractValidationError","message":"validation_failed","stack":"ContractValidationError: validation_failed\n    at ZodBodyPipe.transform (/Users/shenyanbin/Documents/workspacex/apps/api/src/interface/pipes/zod-body.pipe.ts:41:11)\n    at /Users/shenyanbin/Documents/workspacex/node_modules/.pnpm/@nestjs+core@10.4.22_@nestjs+common@10.4.22_reflect-metadata@0.2.2_rxjs@7.8.2__@nestjs+platfo_7kfmsha4ldy5jexczco62bentu/node_modules/@nestjs/core/pipes/pipes-consumer.js:16:33\n    at processTicksAndRejections (node:internal/process/task_queues:103:5)"}}
@repo/api:test:  ✓ tests/kernel/anchor-back-to-origin.test.ts (11 tests) 1410ms
@repo/api:test: {"level":"error","msg":"http exception","traceId":"b805d914-7ea2-49f9-be32-b3505e1639ee","detail":{"name":"ForbiddenException","message":"Forbidden Exception","stack":"ForbiddenException: Forbidden Exception\n    at ArtifactBindingController.run (/Users/shenyanbin/Documents/workspacex/apps/api/src/interface/controllers/artifact-binding.controller.ts:202:15)\n    at processTicksAndRejections (node:internal/process/task_queues:103:5)\n    at /Users/shenyanbin/Documents/workspacex/node_modules/.pnpm/@nestjs+core@10.4.22_@nestjs+common@10.4.22_reflect-metadata@0.2.2_rxjs@7.8.2__@nestjs+platfo_7kfmsha4ldy5jexczco62bentu/node_modules/@nestjs/core/router/router-execution-context.js:46:28\n    at /Users/shenyanbin/Documents/workspacex/node_modules/.pnpm/@nestjs+core@10.4.22_@nestjs+common@10.4.22_reflect-metadata@0.2.2_rxjs@7.8.2__@nestjs+platfo_7kfmsha4ldy5jexczco62bentu/node_modules/@nestjs/core/router/router-proxy.js:9:17"}}
@repo/api:test:  ✓ tests/kernel/mode-upgrade-no-downgrade.test.ts (14 tests) 4202ms
@repo/api:test:    ✓ A2: an upgrade really upgrades > live -> pinned freezes at the head the caller declared, and the badge changes 465ms
@repo/api:test:    ✓ A2: an upgrade really upgrades > draft -> pinned is also an upgrade, and draft -> live is the only way to publish 358ms
@repo/api:test:    ✓ E4/V6: upgrading against a stale head is refused, not silently retargeted > a caller that thinks the head is 1 while it is 2 gets VERSION_CHANGED and nothing moves 320ms
@repo/api:test:    ✓ A3 / I-11: a pinned binding never goes back > live -> draft is refused too, and so is re-pointing a pinned binding at a newer version 351ms
@repo/api:test: {"level":"error","msg":"http exception","traceId":"5bef06f1-0a30-4725-b962-e37254e3d6b1","detail":{"name":"ForbiddenException","message":"Forbidden Exception","stack":"ForbiddenException: Forbidden Exception\n    at IdentityController.readContent (/Users/shenyanbin/Documents/workspacex/apps/api/src/interface/controllers/identity.controller.ts:176:15)\n    at processTicksAndRejections (node:internal/process/task_queues:103:5)\n    at /Users/shenyanbin/Documents/workspacex/node_modules/.pnpm/@nestjs+core@10.4.22_@nestjs+common@10.4.22_reflect-metadata@0.2.2_rxjs@7.8.2__@nestjs+platfo_7kfmsha4ldy5jexczco62bentu/node_modules/@nestjs/core/router/router-execution-context.js:46:28\n    at /Users/shenyanbin/Documents/workspacex/node_modules/.pnpm/@nestjs+core@10.4.22_@nestjs+common@10.4.22_reflect-metadata@0.2.2_rxjs@7.8.2__@nestjs+platfo_7kfmsha4ldy5jexczco62bentu/node_modules/@nestjs/core/router/router-proxy.js:9:17"}}
@repo/api:test:  ✓ tests/kernel/backflow-list-fields.test.ts (13 tests) 4321ms
@repo/api:test:    ✓ V3: every row carries mode / version / pinnedBy / pinnedAt, none of them empty > both modes fill all four, from different places 474ms
@repo/api:test:    ✓ V3: every row carries mode / version / pinnedBy / pinnedAt, none of them empty > the four fields track WHAT MOVED: live re-reads the head, pinned does not 456ms
@repo/api:test:    ✓ V5: an empty project returns [], and no invented rows > empty is empty -- and the same call is non-empty once something is bound 404ms
@repo/api:test:    ✓ V5: an empty project returns [], and no invented rows > stepId narrows to one step, and to nothing for a step with no bindings 379ms
@repo/api:test:  ✓ tests/kernel/binding-three-modes.test.ts (14 tests) 4394ms
@repo/api:test:    ✓ the three modes are the contract's three modes > artifact_bindings.mode enumerates exactly BindingMode 465ms
@repo/api:test:    ✓ the three modes are the contract's three modes > closedness, not the count: an undeclared mode is refused by BOTH the schema and the table 481ms
@repo/api:test:    ✓ I-8: pinned means frozen to a version, and only pinned does > a binding cannot pin another artifact's version 377ms
@repo/api:test:    ✓ draft: private to its author, on nobody's project side > the row exists and names its author, and NO requester sees it in the list 482ms
@repo/api:test:    ✓ draft: private to its author, on nobody's project side > counter-proof: the SAME binding appears the moment it stops being a draft 430ms
@repo/api:test: {"level":"error","msg":"http exception","traceId":"122b2805-eb87-4c65-a9df-783c566459aa","detail":{"name":"ForbiddenException","message":"Forbidden Exception","stack":"ForbiddenException: Forbidden Exception\n    at IdentityController.readContent (/Users/shenyanbin/Documents/workspacex/apps/api/src/interface/controllers/identity.controller.ts:176:15)\n    at processTicksAndRejections (node:internal/process/task_queues:103:5)\n    at /Users/shenyanbin/Documents/workspacex/node_modules/.pnpm/@nestjs+core@10.4.22_@nestjs+common@10.4.22_reflect-metadata@0.2.2_rxjs@7.8.2__@nestjs+platfo_7kfmsha4ldy5jexczco62bentu/node_modules/@nestjs/core/router/router-execution-context.js:46:28\n    at /Users/shenyanbin/Documents/workspacex/node_modules/.pnpm/@nestjs+core@10.4.22_@nestjs+common@10.4.22_reflect-metadata@0.2.2_rxjs@7.8.2__@nestjs+platfo_7kfmsha4ldy5jexczco62bentu/node_modules/@nestjs/core/router/router-proxy.js:9:17"}}
@repo/api:test: {"level":"error","msg":"http exception","traceId":"694cbf71-65c7-42a5-b2b9-8378cd741921","detail":{"name":"ForbiddenException","message":"Forbidden Exception","stack":"ForbiddenException: Forbidden Exception\n    at ProvenanceController.query (/Users/shenyanbin/Documents/workspacex/apps/api/src/interface/controllers/provenance.controller.ts:81:15)\n    at processTicksAndRejections (node:internal/process/task_queues:103:5)\n    at /Users/shenyanbin/Documents/workspacex/node_modules/.pnpm/@nestjs+core@10.4.22_@nestjs+common@10.4.22_reflect-metadata@0.2.2_rxjs@7.8.2__@nestjs+platfo_7kfmsha4ldy5jexczco62bentu/node_modules/@nestjs/core/router/router-execution-context.js:46:28\n    at /Users/shenyanbin/Documents/workspacex/node_modules/.pnpm/@nestjs+core@10.4.22_@nestjs+common@10.4.22_reflect-metadata@0.2.2_rxjs@7.8.2__@nestjs+platfo_7kfmsha4ldy5jexczco62bentu/node_modules/@nestjs/core/router/router-proxy.js:9:17"}}
@repo/api:test: {"level":"error","msg":"http exception","traceId":"53bcf989-a427-4ff1-b3c3-cf5fa07bfe5f","detail":{"name":"NotFoundException","message":"Not Found","stack":"NotFoundException: Not Found\n    at ProvenanceController.query (/Users/shenyanbin/Documents/workspacex/apps/api/src/interface/controllers/provenance.controller.ts:78:52)\n    at processTicksAndRejections (node:internal/process/task_queues:103:5)\n    at /Users/shenyanbin/Documents/workspacex/node_modules/.pnpm/@nestjs+core@10.4.22_@nestjs+common@10.4.22_reflect-metadata@0.2.2_rxjs@7.8.2__@nestjs+platfo_7kfmsha4ldy5jexczco62bentu/node_modules/@nestjs/core/router/router-execution-context.js:46:28\n    at /Users/shenyanbin/Documents/workspacex/node_modules/.pnpm/@nestjs+core@10.4.22_@nestjs+common@10.4.22_reflect-metadata@0.2.2_rxjs@7.8.2__@nestjs+platfo_7kfmsha4ldy5jexczco62bentu/node_modules/@nestjs/core/router/router-proxy.js:9:17"}}
@repo/api:test: {"level":"error","msg":"http exception","traceId":"7d9e8c35-dd10-41b8-b3df-83925f96690f","detail":{"name":"ForbiddenException","message":"Forbidden Exception","stack":"ForbiddenException: Forbidden Exception\n    at IdentityController.readContent (/Users/shenyanbin/Documents/workspacex/apps/api/src/interface/controllers/identity.controller.ts:176:15)\n    at processTicksAndRejections (node:internal/process/task_queues:103:5)\n    at /Users/shenyanbin/Documents/workspacex/node_modules/.pnpm/@nestjs+core@10.4.22_@nestjs+common@10.4.22_reflect-metadata@0.2.2_rxjs@7.8.2__@nestjs+platfo_7kfmsha4ldy5jexczco62bentu/node_modules/@nestjs/core/router/router-execution-context.js:46:28\n    at /Users/shenyanbin/Documents/workspacex/node_modules/.pnpm/@nestjs+core@10.4.22_@nestjs+common@10.4.22_reflect-metadata@0.2.2_rxjs@7.8.2__@nestjs+platfo_7kfmsha4ldy5jexczco62bentu/node_modules/@nestjs/core/router/router-proxy.js:9:17"}}
@repo/api:test: {"level":"error","msg":"http exception","traceId":"b327e1c5-4871-45e3-82c9-3ccbe5f05d83","detail":{"name":"ForbiddenException","message":"Forbidden Exception","stack":"ForbiddenException: Forbidden Exception\n    at IdentityController.readContent (/Users/shenyanbin/Documents/workspacex/apps/api/src/interface/controllers/identity.controller.ts:176:15)\n    at processTicksAndRejections (node:internal/process/task_queues:103:5)\n    at /Users/shenyanbin/Documents/workspacex/node_modules/.pnpm/@nestjs+core@10.4.22_@nestjs+common@10.4.22_reflect-metadata@0.2.2_rxjs@7.8.2__@nestjs+platfo_7kfmsha4ldy5jexczco62bentu/node_modules/@nestjs/core/router/router-execution-context.js:46:28\n    at /Users/shenyanbin/Documents/workspacex/node_modules/.pnpm/@nestjs+core@10.4.22_@nestjs+common@10.4.22_reflect-metadata@0.2.2_rxjs@7.8.2__@nestjs+platfo_7kfmsha4ldy5jexczco62bentu/node_modules/@nestjs/core/router/router-proxy.js:9:17"}}
@repo/api:test:  ✓ tests/kernel/snapshot-immutable-roundtrip.test.ts (5 tests) 491ms
@repo/api:test:  ✓ tests/kernel/rls-force-nonowner.test.ts (13 tests) 385ms
@repo/api:test:  ✓ tests/kernel/permission-propagation-six-paths.test.ts (29 tests) 5280ms
@repo/api:test:    ✓ the registry is the coverage claim, so it is asserted first > names exactly the six paths UC-0.3 R12 V10 lists 394ms
@repo/api:test:    ✓ the registry is the coverage claim, so it is asserted first > every path that is not live names who builds it -- 'later' has to have an owner 309ms
@repo/api:test:    ✓ the registry is the coverage claim, so it is asserted first > a seventh path cannot be invented by writing a seventh module 363ms
@repo/api:test: {"level":"error","msg":"http exception","traceId":"f6823870-a0b7-4506-b4ba-48cea24ad2ed","detail":{"name":"ForbiddenException","message":"Forbidden Exception","stack":"ForbiddenException: Forbidden Exception\n    at IdentityController.readContent (/Users/shenyanbin/Documents/workspacex/apps/api/src/interface/controllers/identity.controller.ts:176:15)\n    at processTicksAndRejections (node:internal/process/task_queues:103:5)\n    at /Users/shenyanbin/Documents/workspacex/node_modules/.pnpm/@nestjs+core@10.4.22_@nestjs+common@10.4.22_reflect-metadata@0.2.2_rxjs@7.8.2__@nestjs+platfo_7kfmsha4ldy5jexczco62bentu/node_modules/@nestjs/core/router/router-execution-context.js:46:28\n    at /Users/shenyanbin/Documents/workspacex/node_modules/.pnpm/@nestjs+core@10.4.22_@nestjs+common@10.4.22_reflect-metadata@0.2.2_rxjs@7.8.2__@nestjs+platfo_7kfmsha4ldy5jexczco62bentu/node_modules/@nestjs/core/router/router-proxy.js:9:17"}}
@repo/api:test:  ✓ tests/kernel/context-pack-six-tuple.test.ts (33 tests) 5ms
@repo/api:test: {"level":"error","msg":"http exception","traceId":"a9b51a2b-fbef-4f44-bf23-8145b20319f6","detail":{"name":"ForbiddenException","message":"Forbidden Exception","stack":"ForbiddenException: Forbidden Exception\n    at IdentityController.readContent (/Users/shenyanbin/Documents/workspacex/apps/api/src/interface/controllers/identity.controller.ts:176:15)\n    at processTicksAndRejections (node:internal/process/task_queues:103:5)\n    at /Users/shenyanbin/Documents/workspacex/node_modules/.pnpm/@nestjs+core@10.4.22_@nestjs+common@10.4.22_reflect-metadata@0.2.2_rxjs@7.8.2__@nestjs+platfo_7kfmsha4ldy5jexczco62bentu/node_modules/@nestjs/core/router/router-execution-context.js:46:28\n    at /Users/shenyanbin/Documents/workspacex/node_modules/.pnpm/@nestjs+core@10.4.22_@nestjs+common@10.4.22_reflect-metadata@0.2.2_rxjs@7.8.2__@nestjs+platfo_7kfmsha4ldy5jexczco62bentu/node_modules/@nestjs/core/router/router-proxy.js:9:17"}}
@repo/api:test: {"level":"error","msg":"contract validation failed","traceId":"5d6985b8-7175-43f6-807a-fb72a1054f40","detail":{"name":"ContractValidationError","message":"validation_failed","stack":"ContractValidationError: validation_failed\n    at ZodBodyPipe.transform (/Users/shenyanbin/Documents/workspacex/apps/api/src/interface/pipes/zod-body.pipe.ts:41:11)\n    at /Users/shenyanbin/Documents/workspacex/node_modules/.pnpm/@nestjs+core@10.4.22_@nestjs+common@10.4.22_reflect-metadata@0.2.2_rxjs@7.8.2__@nestjs+platfo_7kfmsha4ldy5jexczco62bentu/node_modules/@nestjs/core/pipes/pipes-consumer.js:16:33\n    at processTicksAndRejections (node:internal/process/task_queues:103:5)"}}
@repo/api:test:  ✓ tests/kernel/no-builtin-capability-lists.test.ts (11 tests) 1802ms
@repo/api:test:  ✓ tests/kernel/org-scoped-capabilities.test.ts (14 tests) 2274ms
@repo/api:test: {"level":"error","msg":"http exception","traceId":"0e1e80dc-ab43-4f6f-a6cd-86669b3ee68f","detail":{"name":"ForbiddenException","message":"Forbidden Exception","stack":"ForbiddenException: Forbidden Exception\n    at IdentityController.readContent (/Users/shenyanbin/Documents/workspacex/apps/api/src/interface/controllers/identity.controller.ts:176:15)\n    at processTicksAndRejections (node:internal/process/task_queues:103:5)\n    at /Users/shenyanbin/Documents/workspacex/node_modules/.pnpm/@nestjs+core@10.4.22_@nestjs+common@10.4.22_reflect-metadata@0.2.2_rxjs@7.8.2__@nestjs+platfo_7kfmsha4ldy5jexczco62bentu/node_modules/@nestjs/core/router/router-execution-context.js:46:28\n    at /Users/shenyanbin/Documents/workspacex/node_modules/.pnpm/@nestjs+core@10.4.22_@nestjs+common@10.4.22_reflect-metadata@0.2.2_rxjs@7.8.2__@nestjs+platfo_7kfmsha4ldy5jexczco62bentu/node_modules/@nestjs/core/router/router-proxy.js:9:17"}}
@repo/api:test: {"level":"error","msg":"unhandled exception","traceId":"cee162ca-b675-4143-ac1b-3aa2121fb268","detail":{"name":"error","message":"permission denied for table provenance_events","stack":"error: permission denied for table provenance_events\n    at /Users/shenyanbin/Documents/workspacex/node_modules/.pnpm/pg@8.22.0/node_modules/pg/lib/client.js:652:17\n    at processTicksAndRejections (node:internal/process/task_queues:103:5)\n    at Object.query (/Users/shenyanbin/Documents/workspacex/apps/api/src/infrastructure/db/pg-database.ts:33:21)\n    at /Users/shenyanbin/Documents/workspacex/apps/api/src/infrastructure/provenance/pg-provenance-repository.ts:69:17\n    at PgDatabase.inTx (/Users/shenyanbin/Documents/workspacex/apps/api/src/infrastructure/db/pg-database.ts:37:19)\n    at Module.readContent (/Users/shenyanbin/Documents/workspacex/apps/api/src/application/identity/read-content.ts:120:25)\n    at IdentityController.readContent (/Users/shenyanbin/Documents/workspacex/apps/api/src/interface/controllers/identity.controller.ts:159:14)\n    at /Users/shenyanbin/Documents/workspacex/node_modules/.pnpm/@nestjs+core@10.4.22_@nestjs+common@10.4.22_reflect-metadata@0.2.2_rxjs@7.8.2__@nestjs+platfo_7kfmsha4ldy5jexczco62bentu/node_modules/@nestjs/core/router/router-execution-context.js:46:28\n    at /Users/shenyanbin/Documents/workspacex/node_modules/.pnpm/@nestjs+core@10.4.22_@nestjs+common@10.4.22_reflect-metadata@0.2.2_rxjs@7.8.2__@nestjs+platfo_7kfmsha4ldy5jexczco62bentu/node_modules/@nestjs/core/router/router-proxy.js:9:17"}}
@repo/api:test: {"level":"error","msg":"http exception","traceId":"50c4ef44-4127-4738-8684-264420678317","detail":{"name":"NotFoundException","message":"Not Found","stack":"NotFoundException: Not Found\n    at IdentityController.me (/Users/shenyanbin/Documents/workspacex/apps/api/src/interface/controllers/identity.controller.ts:223:52)\n    at processTicksAndRejections (node:internal/process/task_queues:103:5)\n    at /Users/shenyanbin/Documents/workspacex/node_modules/.pnpm/@nestjs+core@10.4.22_@nestjs+common@10.4.22_reflect-metadata@0.2.2_rxjs@7.8.2__@nestjs+platfo_7kfmsha4ldy5jexczco62bentu/node_modules/@nestjs/core/router/router-execution-context.js:46:28\n    at /Users/shenyanbin/Documents/workspacex/node_modules/.pnpm/@nestjs+core@10.4.22_@nestjs+common@10.4.22_reflect-metadata@0.2.2_rxjs@7.8.2__@nestjs+platfo_7kfmsha4ldy5jexczco62bentu/node_modules/@nestjs/core/router/router-proxy.js:9:17"}}
@repo/api:test: {"level":"error","msg":"http exception","traceId":"851da2a2-c51e-46dd-b0fc-03664dfd6f17","detail":{"name":"NotFoundException","message":"Not Found","stack":"NotFoundException: Not Found\n    at IdentityController.readContent (/Users/shenyanbin/Documents/workspacex/apps/api/src/interface/controllers/identity.controller.ts:170:52)\n    at processTicksAndRejections (node:internal/process/task_queues:103:5)\n    at /Users/shenyanbin/Documents/workspacex/node_modules/.pnpm/@nestjs+core@10.4.22_@nestjs+common@10.4.22_reflect-metadata@0.2.2_rxjs@7.8.2__@nestjs+platfo_7kfmsha4ldy5jexczco62bentu/node_modules/@nestjs/core/router/router-execution-context.js:46:28\n    at /Users/shenyanbin/Documents/workspacex/node_modules/.pnpm/@nestjs+core@10.4.22_@nestjs+common@10.4.22_reflect-metadata@0.2.2_rxjs@7.8.2__@nestjs+platfo_7kfmsha4ldy5jexczco62bentu/node_modules/@nestjs/core/router/router-proxy.js:9:17"}}
@repo/api:test: {"level":"error","msg":"http exception","traceId":"2be47ae4-be3e-4021-a956-95f390037a3e","detail":{"name":"NotFoundException","message":"Not Found","stack":"NotFoundException: Not Found\n    at IdentityController.switchOrg (/Users/shenyanbin/Documents/workspacex/apps/api/src/interface/controllers/identity.controller.ts:248:52)\n    at processTicksAndRejections (node:internal/process/task_queues:103:5)\n    at /Users/shenyanbin/Documents/workspacex/node_modules/.pnpm/@nestjs+core@10.4.22_@nestjs+common@10.4.22_reflect-metadata@0.2.2_rxjs@7.8.2__@nestjs+platfo_7kfmsha4ldy5jexczco62bentu/node_modules/@nestjs/core/router/router-execution-context.js:46:28\n    at /Users/shenyanbin/Documents/workspacex/node_modules/.pnpm/@nestjs+core@10.4.22_@nestjs+common@10.4.22_reflect-metadata@0.2.2_rxjs@7.8.2__@nestjs+platfo_7kfmsha4ldy5jexczco62bentu/node_modules/@nestjs/core/router/router-proxy.js:9:17"}}
@repo/api:test:  ✓ tests/kernel/admin-audit-access-visible-to-lead.test.ts (14 tests) 2087ms
@repo/api:test: {"level":"error","msg":"http exception","traceId":"ea1a5eec-bc88-4e7a-a7fa-52ddadf8a1a8","detail":{"name":"NotFoundException","message":"Not Found","stack":"NotFoundException: Not Found\n    at IdentityController.readContent (/Users/shenyanbin/Documents/workspacex/apps/api/src/interface/controllers/identity.controller.ts:170:52)\n    at processTicksAndRejections (node:internal/process/task_queues:103:5)\n    at /Users/shenyanbin/Documents/workspacex/node_modules/.pnpm/@nestjs+core@10.4.22_@nestjs+common@10.4.22_reflect-metadata@0.2.2_rxjs@7.8.2__@nestjs+platfo_7kfmsha4ldy5jexczco62bentu/node_modules/@nestjs/core/router/router-execution-context.js:46:28\n    at /Users/shenyanbin/Documents/workspacex/node_modules/.pnpm/@nestjs+core@10.4.22_@nestjs+common@10.4.22_reflect-metadata@0.2.2_rxjs@7.8.2__@nestjs+platfo_7kfmsha4ldy5jexczco62bentu/node_modules/@nestjs/core/router/router-proxy.js:9:17"}}
@repo/api:test: {"level":"error","msg":"http exception","traceId":"8d069a21-8035-4f84-b51a-b53e02a28381","detail":{"name":"NotFoundException","message":"Not Found","stack":"NotFoundException: Not Found\n    at IdentityController.readContent (/Users/shenyanbin/Documents/workspacex/apps/api/src/interface/controllers/identity.controller.ts:170:52)\n    at processTicksAndRejections (node:internal/process/task_queues:103:5)\n    at /Users/shenyanbin/Documents/workspacex/node_modules/.pnpm/@nestjs+core@10.4.22_@nestjs+common@10.4.22_reflect-metadata@0.2.2_rxjs@7.8.2__@nestjs+platfo_7kfmsha4ldy5jexczco62bentu/node_modules/@nestjs/core/router/router-execution-context.js:46:28\n    at /Users/shenyanbin/Documents/workspacex/node_modules/.pnpm/@nestjs+core@10.4.22_@nestjs+common@10.4.22_reflect-metadata@0.2.2_rxjs@7.8.2__@nestjs+platfo_7kfmsha4ldy5jexczco62bentu/node_modules/@nestjs/core/router/router-proxy.js:9:17"}}
@repo/api:test: {"level":"error","msg":"http exception","traceId":"37fe69e7-2b2b-4bce-90a9-39109f75c4a6","detail":{"name":"NotFoundException","message":"Not Found","stack":"NotFoundException: Not Found\n    at IdentityController.modelConstraint (/Users/shenyanbin/Documents/workspacex/apps/api/src/interface/controllers/identity.controller.ts:278:52)\n    at processTicksAndRejections (node:internal/process/task_queues:103:5)\n    at /Users/shenyanbin/Documents/workspacex/node_modules/.pnpm/@nestjs+core@10.4.22_@nestjs+common@10.4.22_reflect-metadata@0.2.2_rxjs@7.8.2__@nestjs+platfo_7kfmsha4ldy5jexczco62bentu/node_modules/@nestjs/core/router/router-execution-context.js:46:28\n    at /Users/shenyanbin/Documents/workspacex/node_modules/.pnpm/@nestjs+core@10.4.22_@nestjs+common@10.4.22_reflect-metadata@0.2.2_rxjs@7.8.2__@nestjs+platfo_7kfmsha4ldy5jexczco62bentu/node_modules/@nestjs/core/router/router-proxy.js:9:17"}}
@repo/api:test:  ✓ tests/kernel/org-model-policy.test.ts (15 tests) 2455ms
@repo/api:test: {"level":"error","msg":"http exception","traceId":"74d7dffd-47ca-4ef6-8ca2-90a17e48b1c9","detail":{"name":"NotFoundException","message":"Not Found","stack":"NotFoundException: Not Found\n    at IdentityController.readContent (/Users/shenyanbin/Documents/workspacex/apps/api/src/interface/controllers/identity.controller.ts:172:57)\n    at processTicksAndRejections (node:internal/process/task_queues:103:5)\n    at /Users/shenyanbin/Documents/workspacex/node_modules/.pnpm/@nestjs+core@10.4.22_@nestjs+common@10.4.22_reflect-metadata@0.2.2_rxjs@7.8.2__@nestjs+platfo_7kfmsha4ldy5jexczco62bentu/node_modules/@nestjs/core/router/router-execution-context.js:46:28\n    at /Users/shenyanbin/Documents/workspacex/node_modules/.pnpm/@nestjs+core@10.4.22_@nestjs+common@10.4.22_reflect-metadata@0.2.2_rxjs@7.8.2__@nestjs+platfo_7kfmsha4ldy5jexczco62bentu/node_modules/@nestjs/core/router/router-proxy.js:9:17"}}
@repo/api:test:  ✓ tests/kernel/admin-boundary-deny.test.ts (12 tests) 1886ms
@repo/api:test:  ✓ tests/kernel/context-pack-items-from-disclosure.test.ts (6 tests) 1010ms
@repo/api:test:  ✓ tests/arch-gate.test.ts (7 tests) 251ms
@repo/api:test: {"level":"error","msg":"http exception","traceId":"3078a526-6afe-4e36-af3a-027017e7315e","detail":{"name":"UnauthorizedException","message":"unauthenticated","stack":"UnauthorizedException: unauthenticated\n    at PrincipalGuard.canActivate (/Users/shenyanbin/Documents/workspacex/apps/api/src/interface/guards/principal.guard.ts:54:27)\n    at processTicksAndRejections (node:internal/process/task_queues:103:5)"}}
@repo/api:test: {"level":"error","msg":"http exception","traceId":"60aa0b38-34b8-49d5-82b1-2545e7fd8de6","detail":{"name":"ForbiddenException","message":"Forbidden Exception","stack":"ForbiddenException: Forbidden Exception\n    at IdentityController.readContent (/Users/shenyanbin/Documents/workspacex/apps/api/src/interface/controllers/identity.controller.ts:176:15)\n    at processTicksAndRejections (node:internal/process/task_queues:103:5)\n    at /Users/shenyanbin/Documents/workspacex/node_modules/.pnpm/@nestjs+core@10.4.22_@nestjs+common@10.4.22_reflect-metadata@0.2.2_rxjs@7.8.2__@nestjs+platfo_7kfmsha4ldy5jexczco62bentu/node_modules/@nestjs/core/router/router-execution-context.js:46:28\n    at /Users/shenyanbin/Documents/workspacex/node_modules/.pnpm/@nestjs+core@10.4.22_@nestjs+common@10.4.22_reflect-metadata@0.2.2_rxjs@7.8.2__@nestjs+platfo_7kfmsha4ldy5jexczco62bentu/node_modules/@nestjs/core/router/router-proxy.js:9:17"}}
@repo/api:test: {"level":"error","msg":"http exception","traceId":"c7d56c9e-7899-4b44-b2b2-87d62c6a0a1b","detail":{"name":"ForbiddenException","message":"Forbidden Exception","stack":"ForbiddenException: Forbidden Exception\n    at IdentityController.readContent (/Users/shenyanbin/Documents/workspacex/apps/api/src/interface/controllers/identity.controller.ts:176:15)\n    at processTicksAndRejections (node:internal/process/task_queues:103:5)\n    at /Users/shenyanbin/Documents/workspacex/node_modules/.pnpm/@nestjs+core@10.4.22_@nestjs+common@10.4.22_reflect-metadata@0.2.2_rxjs@7.8.2__@nestjs+platfo_7kfmsha4ldy5jexczco62bentu/node_modules/@nestjs/core/router/router-execution-context.js:46:28\n    at /Users/shenyanbin/Documents/workspacex/node_modules/.pnpm/@nestjs+core@10.4.22_@nestjs+common@10.4.22_reflect-metadata@0.2.2_rxjs@7.8.2__@nestjs+platfo_7kfmsha4ldy5jexczco62bentu/node_modules/@nestjs/core/router/router-proxy.js:9:17"}}
@repo/api:test: {"level":"error","msg":"contract validation failed","traceId":"4cfdac8d-9d59-41a8-aae9-9b0bf51ef036","detail":{"name":"ContractValidationError","message":"validation_failed","stack":"ContractValidationError: validation_failed\n    at ZodBodyPipe.transform (/Users/shenyanbin/Documents/workspacex/apps/api/src/interface/pipes/zod-body.pipe.ts:41:11)\n    at /Users/shenyanbin/Documents/workspacex/node_modules/.pnpm/@nestjs+core@10.4.22_@nestjs+common@10.4.22_reflect-metadata@0.2.2_rxjs@7.8.2__@nestjs+platfo_7kfmsha4ldy5jexczco62bentu/node_modules/@nestjs/core/pipes/pipes-consumer.js:16:33\n    at processTicksAndRejections (node:internal/process/task_queues:103:5)"}}
@repo/api:test:  ✓ tests/kernel/org-switch-context-reset.test.ts (11 tests) 1733ms
@repo/api:test:  ✓ tests/kernel/contract-response.test.ts (8 tests) 894ms
@repo/api:test: {"level":"error","msg":"http exception","traceId":"5e3d4695-72bc-4156-9e58-01f080550ca7","detail":{"name":"ForbiddenException","message":"Forbidden Exception","stack":"ForbiddenException: Forbidden Exception\n    at IdentityController.readContent (/Users/shenyanbin/Documents/workspacex/apps/api/src/interface/controllers/identity.controller.ts:176:15)\n    at processTicksAndRejections (node:internal/process/task_queues:103:5)\n    at /Users/shenyanbin/Documents/workspacex/node_modules/.pnpm/@nestjs+core@10.4.22_@nestjs+common@10.4.22_reflect-metadata@0.2.2_rxjs@7.8.2__@nestjs+platfo_7kfmsha4ldy5jexczco62bentu/node_modules/@nestjs/core/router/router-execution-context.js:46:28\n    at /Users/shenyanbin/Documents/workspacex/node_modules/.pnpm/@nestjs+core@10.4.22_@nestjs+common@10.4.22_reflect-metadata@0.2.2_rxjs@7.8.2__@nestjs+platfo_7kfmsha4ldy5jexczco62bentu/node_modules/@nestjs/core/router/router-proxy.js:9:17"}}
@repo/api:test:  ✓ tests/kernel/admin-personal-layer-count-only.test.ts (10 tests) 1373ms
@repo/api:test:  ✓ tests/kernel/rls-cross-tenant-zero-leak.test.ts (8 tests) 1083ms
@repo/api:test:  ✓ tests/contract-single-source.test.ts (4 tests) 479ms
@repo/api:test:    ✓ the contract gate reaches the backend at all > V10: lint-contract-source scans apps/api, not just the frontend 457ms
@repo/api:test:  ✓ tests/kernel/rbac-role-matrix.test.ts (72 tests) 4662ms
@repo/api:test: 
@repo/api:test:  Test Files  28 passed (28)
@repo/api:test:       Tests  466 passed (466)
@repo/api:test:    Start at  17:23:11
@repo/api:test:    Duration  11.46s (transform 1.79s, setup 0ms, collect 5.33s, tests 58.45s, environment 6ms, prepare 2.19s)
@repo/api:test: 

 Tasks:    12 successful, 12 total
Cached:    3 cached, 12 total
  Time:    12.159s 

• turbo 2.10.5
