$ pnpm --filter api run typecheck
[exit 0]

> @repo/api@0.0.0 typecheck /Users/shenyanbin/Documents/workspacex/apps/api
> tsc --noEmit



$ pnpm --filter api run lint
[exit 0]

> @repo/api@0.0.0 lint /Users/shenyanbin/Documents/workspacex/apps/api
> node scripts/lint-error-leak.mjs && node scripts/lint-permission-paths.mjs && node scripts/lint-no-builtin-capabilities.mjs && node ../../.harness/scripts/lint-arch-deps.mjs apps/api/src

✅ lint-error-leak: 14 files in the interface layer, no error detail reaches a response
scanned=14
✅ lint-permission-paths: every tenant-table read goes through the guarded read path
scanned=91 tenant-tables=22 allowlisted=5
· [debt] apps/web/lib/mock/admin.ts:186  built-in capability entry `Ava`
· [debt] apps/web/lib/mock/admin.ts:187  built-in capability entry `Scout`
· [debt] apps/web/lib/mock/admin.ts:188  built-in capability entry `Echo`
· [debt] apps/web/lib/mock/admin.ts:189  built-in capability entry `Ledger`
· [debt] apps/web/lib/mock/chat.ts:44  built-in capability entry `Ava`
· [debt] apps/web/lib/mock/chat.ts:45  built-in capability entry `Atlas`
· [debt] apps/web/lib/mock/chat.ts:46  built-in capability entry `Scout`
· [debt] apps/web/lib/mock/chat.ts:47  built-in capability entry `Ledger`
· [debt] apps/web/lib/mock/chat.ts:48  built-in capability entry `Warden`
· [debt] apps/web/lib/mock/chat.ts:49  built-in capability entry `Echo`
· [debt] apps/web/lib/mock/chat.ts:336  built-in capability entry `Ava`
· [debt] apps/web/lib/mock/chat.ts:374  built-in capability entry `Ava`
· [debt] apps/web/lib/mock/chat.ts:383  built-in capability entry `Scout`
· [debt] apps/web/lib/mock/chat.ts:411  built-in capability entry `Ava`
· [debt] apps/web/lib/mock/chat.ts:445  built-in capability entry `Scout`
· [debt] apps/web/lib/mock/chat.ts:446  list-shaped constant `models` with 4 entries
· [debt] apps/web/lib/mock/chat.ts:471  built-in capability entry `Scout`
· [debt] apps/web/lib/mock/chat.ts:521  built-in capability entry `Ledger`
· [debt] apps/web/lib/mock/tasks.ts:158  built-in capability entry `Ledger`
· [debt] apps/web/lib/mock/tasks.ts:168  built-in capability entry `Scout`
✅ lint-no-builtin-capabilities: no built-in capability list in product code
scanned=237 violations=0 debt=20 migrations=11
✅ lint-arch-deps: 89 files, all dependencies point inward
scanned=89


$ pnpm --filter api exec vitest run tests/kernel/context-pack-schema.test.ts
[exit 0]

 RUN  v2.1.9 /Users/shenyanbin/Documents/workspacex/apps/api

 ✓ tests/kernel/context-pack-schema.test.ts (24 tests) 6ms

 Test Files  1 passed (1)
      Tests  24 passed (24)
   Start at  19:55:25
   Duration  221ms (transform 48ms, setup 0ms, collect 62ms, tests 6ms, environment 0ms, prepare 27ms)



$ pnpm --filter api exec vitest run tests/kernel/context-pack-six-tuple.test.ts
[exit 0]

 RUN  v2.1.9 /Users/shenyanbin/Documents/workspacex/apps/api

 ✓ tests/kernel/context-pack-six-tuple.test.ts (33 tests) 4ms

 Test Files  1 passed (1)
      Tests  33 passed (33)
   Start at  19:55:26
   Duration  227ms (transform 51ms, setup 0ms, collect 65ms, tests 4ms, environment 0ms, prepare 40ms)



$ pnpm --filter api exec vitest run tests/kernel/context-pack-items-from-disclosure.test.ts
[exit 0]

 RUN  v2.1.9 /Users/shenyanbin/Documents/workspacex/apps/api

 ✓ tests/kernel/context-pack-items-from-disclosure.test.ts (6 tests) 469ms

 Test Files  1 passed (1)
      Tests  6 passed (6)
   Start at  19:55:26
   Duration  800ms (transform 125ms, setup 0ms, collect 161ms, tests 469ms, environment 0ms, prepare 42ms)



$ node .harness/scripts/lint-contract-source.mjs
[exit 0]
✅ lint-contract-source: generated files match the contract, no hand-written copies (63 contract types)
scanned-dirs=apps/web/lib,apps/api/src

[harness-verify v1 sha256=dcfe5207c9bc4d31405fc931b9c9ec050186aa6d9531f4ccc21ed5e4c6d17ed9 commit=6055802f4dc8031c176d44b0a2cb976e77550265 at=2026-07-29T11:55:28.128Z]