$ pnpm --filter api run typecheck
[exit 0]

> @repo/api@0.0.0 typecheck /Users/shenyanbin/Documents/workspacex/apps/api
> tsc --noEmit



$ pnpm --filter api run lint
[exit 0]

> @repo/api@0.0.0 lint /Users/shenyanbin/Documents/workspacex/apps/api
> node scripts/lint-error-leak.mjs && node scripts/lint-permission-paths.mjs && node scripts/lint-no-builtin-capabilities.mjs && node ../../.harness/scripts/lint-arch-deps.mjs apps/api/src

✅ lint-error-leak: 13 files in the interface layer, no error detail reaches a response
scanned=13
✅ lint-permission-paths: every tenant-table read goes through the guarded read path
scanned=82 tenant-tables=22 allowlisted=4
· [debt] apps/web/lib/mock/admin.ts:186  built-in capability entry `Ava`
· [debt] apps/web/lib/mock/admin.ts:187  built-in capability entry `Scout`
· [debt] apps/web/lib/mock/admin.ts:188  built-in capability entry `Echo`
· [debt] apps/web/lib/mock/admin.ts:189  built-in capability entry `Ledger`
· [debt] apps/web/lib/mock/chat.ts:44  built-in capability entry `Ava`
· [debt] apps/web/lib/mock/chat.ts:45  built-in capability entry `Atlas`
· [debt] apps/web/lib/mock/chat.ts:46  built-in capability entry `Scout`
· [debt] apps/web/lib/mock/chat.ts:47  built-in capability entry `Ledger`
· [debt] apps/web/lib/mock/chat.ts:48  built-in capability entry `Warden`
· [debt] apps/web/lib/mock/chat.ts:49  built-in capability entry `Echo`
· [debt] apps/web/lib/mock/chat.ts:336  built-in capability entry `Ava`
· [debt] apps/web/lib/mock/chat.ts:374  built-in capability entry `Ava`
· [debt] apps/web/lib/mock/chat.ts:383  built-in capability entry `Scout`
· [debt] apps/web/lib/mock/chat.ts:411  built-in capability entry `Ava`
· [debt] apps/web/lib/mock/chat.ts:445  built-in capability entry `Scout`
· [debt] apps/web/lib/mock/chat.ts:446  list-shaped constant `models` with 4 entries
· [debt] apps/web/lib/mock/chat.ts:471  built-in capability entry `Scout`
· [debt] apps/web/lib/mock/chat.ts:521  built-in capability entry `Ledger`
· [debt] apps/web/lib/mock/tasks.ts:158  built-in capability entry `Ledger`
· [debt] apps/web/lib/mock/tasks.ts:168  built-in capability entry `Scout`
✅ lint-no-builtin-capabilities: no built-in capability list in product code
scanned=227 violations=0 debt=20 migrations=10
✅ lint-arch-deps: 80 files, all dependencies point inward
scanned=80


$ pnpm --filter api exec vitest run tests/kernel/retrieval-five-channels.test.ts
[exit 0]

 RUN  v2.1.9 /Users/shenyanbin/Documents/workspacex/apps/api

 ✓ tests/kernel/retrieval-five-channels.test.ts (37 tests) 2332ms

 Test Files  1 passed (1)
      Tests  37 passed (37)
   Start at  18:27:40
   Duration  2.70s (transform 98ms, setup 0ms, collect 134ms, tests 2.33s, environment 0ms, prepare 46ms)



$ pnpm --filter api exec vitest run tests/kernel/retrieval-fts-first-class.test.ts
[exit 0]

 RUN  v2.1.9 /Users/shenyanbin/Documents/workspacex/apps/api

 ✓ tests/kernel/retrieval-fts-first-class.test.ts (15 tests) 1655ms

 Test Files  1 passed (1)
      Tests  15 passed (15)
   Start at  18:27:43
   Duration  1.91s (transform 69ms, setup 0ms, collect 93ms, tests 1.65s, environment 0ms, prepare 45ms)



$ pnpm --filter api exec vitest run tests/kernel/pgvector-permission-recall.test.ts
[exit 0]

 RUN  v2.1.9 /Users/shenyanbin/Documents/workspacex/apps/api

 ✓ tests/kernel/pgvector-permission-recall.test.ts (14 tests) 4695ms
   ✓ V12: the permission filter costs no entitled document > across the whole query set, at full window 609ms
   ✓ V12: the permission filter costs no entitled document > ...and at a narrow window, where a restricted neighbour could displace an entitled row 304ms
   ✓ V12: the permission filter costs no entitled document > counter-proof: the restricted rows really are being withheld 364ms
   ✓ V12: the permission filter costs no entitled document > the two arms differ exactly by the restricted rows, and by nothing else 334ms
   ✓ recall measurement itself > the measured recall of the filtered arm is a real number over a non-empty ground truth 314ms
   ✓ ⚠ the shipping bar cannot be judged -- N-2 is undecided > judging a measured recall THROWS rather than returning a pass 308ms
   ✓ ⚠ the shipping bar cannot be judged -- N-2 is undecided > no business code has quietly written a recall baseline in 322ms
   ✓ ⚠ the ANN failure mode is not exercised, and its absence is asserted > an unregistered model cannot have embeddings at all 311ms

 Test Files  1 passed (1)
      Tests  14 passed (14)
   Start at  18:27:45
   Duration  4.97s (transform 66ms, setup 0ms, collect 90ms, tests 4.70s, environment 0ms, prepare 50ms)



$ apps/api/scripts/verify-rls.sh
[exit 0]
== bringing up postgres, resetting to an empty database ==
== applying migrations as the owner ==
applied 10 migration(s), skipped 0
  + 0001-kernel-roles.sql
  + 0002-rls-probe.sql
  + 0003-identity.sql
  + 0004-f02-tenant-isolation-audit.sql
  + 0005-f03-admin-boundary.sql
  + 0006-f04-artifact-model.sql
  + 0007-f05-snapshot-immutability.sql
  + 0008-f06-binding-modes.sql
  + 0008-f15-capability-listings.sql
  + 0009-f10-retrieval-index.sql

== 1-4: role and table properties ==
  ✓ app_rw owns no table (= 0)
  ✓ app_rw does not have BYPASSRLS (= f)
  ✓ app_rw cannot run DDL in public (= f)
  ✓ every RLS-enabled table is FORCEd (= 0)
  ✓ every tenant-carrying table is ENABLE+FORCE RLS with a tenant policy (catalog-derived) (= 0)
  ✓ audit is not idle: 22 tenant tables classified ok
  ✓ no table is readable by the runtime role without either a tenant key or a written exemption (= 0)
  ✓ rls_probe exists (assertion 8: the evidence table is a kernel asset) (= 1)

== 5-7: cross-tenant reads as app_rw, no application-level filter ==
  ✓ 5. as org-a, zero rows belong to org-b
  ✓ 6. as org-b, own rows ARE visible (isolation, not paralysis)
  ✓ 7. with no tenant context, zero rows (fail-closed, not fail-open)
  ✓    (fixture sanity) org-a sees exactly its own two rows
RLS-ASSERT-OK

✅ verify-rls: RLS is enforced -- app_rw is not an owner, EVERY tenant-carrying table (derived from the catalog, not a list) is ENABLE+FORCE with a tenant policy, cross-tenant reads return 0 rows, own-tenant reads work, no tenant context is fail-closed
 Container workspacex-kernel-postgres-1 Running 


$ pnpm --filter api run migrate:check
[exit 0]

> @repo/api@0.0.0 migrate:check /Users/shenyanbin/Documents/workspacex/apps/api
> ./scripts/verify-migrations.sh

  applied 10 migration(s) to an empty database
  ✓ force replay re-ran every file (not silently skipped by the version table)
  ✓ schema digest identical after replay
  ✓ every file in migrations/ is recorded in the version table
  (migrations dir: /Users/shenyanbin/Documents/workspacex/apps/api/migrations/)
✅ migrate:check: migrations rebuild from empty and are individually replayable
 Container workspacex-kernel-postgres-1 Running 


$ node .harness/scripts/lint-contract-source.mjs
[exit 0]
✅ lint-contract-source: generated files match the contract, no hand-written copies (58 contract types)
scanned-dirs=apps/web/lib,apps/api/src



[BASE VERIFY] $ pnpm -w run verify:base
[exit 0]

> agentic-harness-template@ verify:base /Users/shenyanbin/Documents/workspacex
> turbo run typecheck lint test


   • Packages in scope: @repo/api, @repo/contracts, @repo/coord-protocol, web
   • Running typecheck, lint, test in 4 packages
   • Remote caching disabled

@repo/api:test: cache miss, executing eff2d7233f0b8e71
@repo/api:lint: cache miss, executing 3a96f8a860f8bfa3
@repo/api:typecheck: cache miss, executing 2c4ec2399cff0fce
@repo/contracts:lint: cache hit, replaying logs 03f3bb0508082df0
@repo/contracts:typecheck: cache hit, replaying logs 740b54b5927ff711
@repo/contracts:test: cache hit, replaying logs 539d5449fa577968
@repo/contracts:lint: 
@repo/contracts:lint: > @repo/contracts@0.0.0 lint /Users/shenyanbin/Documents/workspacex/packages/contracts
@repo/contracts:lint: > echo '(contracts: 由 lint-contract-source 门控)'
@repo/contracts:lint: 
@repo/contracts:lint: (contracts: 由 lint-contract-source 门控)
@repo/contracts:test: 
@repo/contracts:test: > @repo/contracts@0.0.0 test /Users/shenyanbin/Documents/workspacex/packages/contracts
@repo/contracts:test: > vitest run
@repo/contracts:test: 
@repo/contracts:test: 
@repo/contracts:test:  RUN  v2.1.9 /Users/shenyanbin/Documents/workspacex/packages/contracts
@repo/contracts:test: 
@repo/contracts:test:  ✓ tests/pending-thresholds.test.ts (6 tests) 28ms
@repo/contracts:test:  ✓ tests/no-forbidden-routes.test.ts (6 tests) 3ms
@repo/contracts:test:  ✓ tests/contract-shape.test.ts (17 tests) 16ms
@repo/contracts:test: 
@repo/contracts:test:  Test Files  3 passed (3)
@repo/contracts:test:       Tests  29 passed (29)
@repo/contracts:test:    Start at  17:23:11
@repo/contracts:test:    Duration  769ms (transform 160ms, setup 0ms, collect 326ms, tests 47ms, environment 0ms, prepare 541ms)
@repo/contracts:test: 
@repo/contracts:typecheck: 
@repo/contracts:typecheck: > @repo/contracts@0.0.0 typecheck /Users/shenyanbin/Documents/workspacex/packages/contracts
@repo/contracts:typecheck: > tsc --noEmit
@repo/contracts:typecheck: 
web:lint: cache hit, replaying logs 2f6318aa3a82c1d6
web:lint: 
web:lint: > web@0.1.0 lint /Users/shenyanbin/Documents/workspacex/apps/web
web:lint: > next lint --max-warnings 0 && ./scripts/lint-design.sh
web:lint: 
web:lint: ✔ No ESLint warnings or errors
web:lint: 
web:lint: ✅ lint-design：全部通过（扫描 app components lib）
web:test: cache hit, replaying logs 27e4713a901b2d4c
@repo/coord-protocol:test: cache hit, replaying logs 616d8fc852c45dce
@repo/coord-protocol:test: 
@repo/coord-protocol:test: > @repo/coord-protocol@0.1.0 test /Users/shenyanbin/Documents/workspacex/packages/coord-protocol
@repo/coord-protocol:test: > vitest run
@repo/coord-protocol:test: 
@repo/coord-protocol:test: 
@repo/coord-protocol:test:  RUN  v2.1.9 /Users/shenyanbin/Documents/workspacex/packages/coord-protocol
@repo/coord-protocol:test: 
@repo/coord-protocol:test:  ✓ test/protocol.test.ts (19 tests) 4ms
@repo/coord-protocol:test:  ✓ test/client.test.ts (20 tests) 7ms
@repo/coord-protocol:test: 
@repo/coord-protocol:test:  Test Files  2 passed (2)
@repo/coord-protocol:test:       Tests  39 passed (39)
@repo/coord-protocol:test:    Start at  15:13:42
@repo/coord-protocol:test:    Duration  457ms (transform 382ms, setup 0ms, collect 407ms, tests 11ms, environment 0ms, prepare 70ms)
@repo/coord-protocol:test: 
@repo/coord-protocol:lint: cache hit, replaying logs ad540133c575347c
@repo/coord-protocol:lint: 
@repo/coord-protocol:lint: > @repo/coord-protocol@0.1.0 lint /Users/shenyanbin/Documents/workspacex/packages/coord-protocol
@repo/coord-protocol:lint: > echo 'lint: ok'
@repo/coord-protocol:lint: 
@repo/coord-protocol:lint: lint: ok
@repo/coord-protocol:typecheck: cache hit, replaying logs fb4312bed24eb065
web:test: 
web:test: > web@0.1.0 test /Users/shenyanbin/Documents/workspacex/apps/web
web:test: > vitest run
web:test: 
web:test: [33mThe CJS build of Vite's Node API is deprecated. See https://vite.dev/guide/troubleshooting.html#vite-cjs-node-api-deprecated for more details.[39m
web:test: 
web:test:  RUN  v2.1.9 /Users/shenyanbin/Documents/workspacex/apps/web
web:test: 
web:test:  ✓ tests/single-source-of-truth.test.ts (7 tests) 3ms
web:test:  ✓ tests/lint-design-gate.test.ts (12 tests) 172ms
web:test: 
web:test:  Test Files  2 passed (2)
web:test:       Tests  19 passed (19)
web:test:    Start at  17:23:12
web:test:    Duration  1.62s (transform 41ms, setup 0ms, collect 501ms, tests 175ms, environment 1ms, prepare 229ms)
web:test: 
@repo/coord-protocol:typecheck: 
@repo/coord-protocol:typecheck: > @repo/coord-protocol@0.1.0 typecheck /Users/shenyanbin/Documents/workspacex/packages/coord-protocol
@repo/coord-protocol:typecheck: > tsc --noEmit
@repo/coord-protocol:typecheck: 
web:typecheck: cache hit, replaying logs a0540c960700c7a6
web:typecheck: 
web:typecheck: > web@0.1.0 typecheck /Users/shenyanbin/Documents/workspacex/apps/web
web:typecheck: > tsc --noEmit
web:typecheck: 
@repo/api:typecheck: 
@repo/api:typecheck: > @repo/api@0.0.0 typecheck /Users/shenyanbin/Documents/workspacex/apps/api
@repo/api:typecheck: > tsc --noEmit
@repo/api:typecheck: 
@repo/api:test: 
@repo/api:test: > @repo/api@0.0.0 test /Users/shenyanbin/Documents/workspacex/apps/api
@repo/api:test: > vitest run
@repo/api:test: 
@repo/api:lint: 
@repo/api:lint: > @repo/api@0.0.0 lint /Users/shenyanbin/Documents/workspacex/apps/api
@repo/api:lint: > node scripts/lint-error-leak.mjs && node scripts/lint-permission-paths.mjs && node scripts/lint-no-builtin-capabilities.mjs && node ../../.harness/scripts/lint-arch-deps.mjs apps/api/src
@repo/api:lint: 
@repo/api:lint: ✅ lint-error-leak: 13 files in the interface layer, no error detail reaches a response
@repo/api:lint: scanned=13
@repo/api:lint: ✅ lint-permission-paths: every tenant-table read goes through the guarded read path
@repo/api:lint: scanned=82 tenant-tables=22 allowlisted=4
@repo/api:lint: · [debt] apps/web/lib/mock/admin.ts:186  built-in capability entry `Ava`
@repo/api:lint: · [debt] apps/web/lib/mock/admin.ts:187  built-in capability entry `Scout`
@repo/api:lint: · [debt] apps/web/lib/mock/admin.ts:188  built-in capability entry `Echo`
@repo/api:lint: · [debt] apps/web/lib/mock/admin.ts:189  built-in capability entry `Ledger`
@repo/api:lint: · [debt] apps/web/lib/mock/chat.ts:44  built-in capability entry `Ava`
@repo/api:lint: · [debt] apps/web/lib/mock/chat.ts:45  built-in capability entry `Atlas`
@repo/api:lint: · [debt] apps/web/lib/mock/chat.ts:46  built-in capability entry `Scout`
@repo/api:lint: · [debt] apps/web/lib/mock/chat.ts:47  built-in capability entry `Ledger`
@repo/api:lint: · [debt] apps/web/lib/mock/chat.ts:48  built-in capability entry `Warden`
@repo/api:lint: · [debt] apps/web/lib/mock/chat.ts:49  built-in capability entry `Echo`
@repo/api:lint: · [debt] apps/web/lib/mock/chat.ts:336  built-in capability entry `Ava`
@repo/api:lint: · [debt] apps/web/lib/mock/chat.ts:374  built-in capability entry `Ava`
@repo/api:lint: · [debt] apps/web/lib/mock/chat.ts:383  built-in capability entry `Scout`
@repo/api:lint: · [debt] apps/web/lib/mock/chat.ts:411  built-in capability entry `Ava`
@repo/api:lint: · [debt] apps/web/lib/mock/chat.ts:445  built-in capability entry `Scout`
@repo/api:lint: · [debt] apps/web/lib/mock/chat.ts:446  list-shaped constant `models` with 4 entries
@repo/api:lint: · [debt] apps/web/lib/mock/chat.ts:471  built-in capability entry `Scout`
@repo/api:lint: · [debt] apps/web/lib/mock/chat.ts:521  built-in capability entry `Ledger`
@repo/api:lint: · [debt] apps/web/lib/mock/tasks.ts:158  built-in capability entry `Ledger`
@repo/api:lint: · [debt] apps/web/lib/mock/tasks.ts:168  built-in capability entry `Scout`
@repo/api:lint: ✅ lint-no-builtin-capabilities: no built-in capability list in product code
@repo/api:lint: scanned=227 violations=0 debt=20 migrations=10
@repo/api:lint: ✅ lint-arch-deps: 80 files, all dependencies point inward
@repo/api:lint: scanned=80
@repo/api:test: 
@repo/api:test:  RUN  v2.1.9 /Users/shenyanbin/Documents/workspacex/apps/api
@repo/api:test: 
@repo/api:test:  ✓ tests/kernel/context-pack-schema.test.ts (24 tests) 8ms
@repo/api:test:  ✓ tests/kernel/snapshot-concurrent-single-version.test.ts (10 tests) 1053ms
@repo/api:test:  ✓ tests/kernel/rbac-two-layer.test.ts (21 tests) 2041ms
@repo/api:test:  ✓ tests/kernel/artifact-schema-six-tables.test.ts (33 tests) 2579ms
@repo/api:test:  ✓ tests/kernel/file-first-materialization.test.ts (21 tests) 1128ms
@repo/api:test: {"level":"error","msg":"http exception","traceId":"b8533b27-1a66-44d1-8390-c5bb9d6fce1c","detail":{"name":"ConflictException","message":"cannot_downgrade","stack":"ConflictException: cannot_downgrade\n    at ArtifactBindingController.run (/Users/shenyanbin/Documents/workspacex/apps/api/src/interface/controllers/artifact-binding.controller.ts:207:52)\n    at processTicksAndRejections (node:internal/process/task_queues:103:5)\n    at /Users/shenyanbin/Documents/workspacex/node_modules/.pnpm/@nestjs+core@10.4.22_@nestjs+common@10.4.22_reflect-metadata@0.2.2_rxjs@7.8.2__@nestjs+platfo_7kfmsha4ldy5jexczco62bentu/node_modules/@nestjs/core/router/router-execution-context.js:46:28\n    at /Users/shenyanbin/Documents/workspacex/node_modules/.pnpm/@nestjs+core@10.4.22_@nestjs+common@10.4.22_reflect-metadata@0.2.2_rxjs@7.8.2__@nestjs+platfo_7kfmsha4ldy5jexczco62bentu/node_modules/@nestjs/core/router/router-proxy.js:9:17"}}
@repo/api:test: {"level":"error","msg":"http exception","traceId":"fbda1bdd-cc5d-4971-8d66-082909b654d5","detail":{"name":"ConflictException","message":"version_changed","stack":"ConflictException: version_changed\n    at ArtifactBindingController.run (/Users/shenyanbin/Documents/workspacex/apps/api/src/interface/controllers/artifact-binding.controller.ts:208:51)\n    at processTicksAndRejections (node:internal/process/task_queues:103:5)\n    at /Users/shenyanbin/Documents/workspacex/node_modules/.pnpm/@nestjs+core@10.4.22_@nestjs+common@10.4.22_reflect-metadata@0.2.2_rxjs@7.8.2__@nestjs+platfo_7kfmsha4ldy5jexczco62bentu/node_modules/@nestjs/core/router/router-execution-context.js:46:28\n    at /Users/shenyanbin/Documents/workspacex/node_modules/.pnpm/@nestjs+core@10.4.22_@nestjs+common@10.4.22_reflect-metadata@0.2.2_rxjs@7.8.2__@nestjs+platfo_7kfmsha4ldy5jexczco62bentu/node_modules/@nestjs/core/router/router-proxy.js:9:17"}}
@repo/api:test: {"level":"error","msg":"http exception","traceId":"9bae891a-ab61-4373-bf06-eadfc8094390","detail":{"name":"ForbiddenException","message":"Forbidden Exception","stack":"ForbiddenException: Forbidden Exception\n    at ArtifactBindingController.run (/Users/shenyanbin/Documents/workspacex/apps/api/src/interface/controllers/artifact-binding.controller.ts:205:15)\n    at processTicksAndRejections (node:internal/process/task_queues:103:5)\n    at /Users/shenyanbin/Documents/workspacex/node_modules/.pnpm/@nestjs+core@10.4.22_@nestjs+common@10.4.22_reflect-metadata@0.2.2_rxjs@7.8.2__@nestjs+platfo_7kfmsha4ldy5jexczco62bentu/node_modules/@nestjs/core/router/router-execution-context.js:46:28\n    at /Users/shenyanbin/Documents/workspacex/node_modules/.pnpm/@nestjs+core@10.4.22_@nestjs+common@10.4.22_reflect-metadata@0.2.2_rxjs@7.8.2__@nestjs+platfo_7kfmsha4ldy5jexczco62bentu/node_modules/@nestjs/core/router/router-proxy.js:9:17"}}
@repo/api:test: {"level":"error","msg":"http exception","traceId":"ddb7ee49-8c74-4707-96c4-320a9a29a757","detail":{"name":"NotFoundException","message":"not_found","stack":"NotFoundException: not_found\n    at ArtifactBindingController.run (/Users/shenyanbin/Documents/workspacex/apps/api/src/interface/controllers/artifact-binding.controller.ts:200:53)\n    at processTicksAndRejections (node:internal/process/task_queues:103:5)\n    at /Users/shenyanbin/Documents/workspacex/node_modules/.pnpm/@nestjs+core@10.4.22_@nestjs+common@10.4.22_reflect-metadata@0.2.2_rxjs@7.8.2__@nestjs+platfo_7kfmsha4ldy5jexczco62bentu/node_modules/@nestjs/core/router/router-execution-context.js:46:28\n    at /Users/shenyanbin/Documents/workspacex/node_modules/.pnpm/@nestjs+core@10.4.22_@nestjs+common@10.4.22_reflect-metadata@0.2.2_rxjs@7.8.2__@nestjs+platfo_7kfmsha4ldy5jexczco62bentu/node_modules/@nestjs/core/router/router-proxy.js:9:17"}}
@repo/api:test: {"level":"error","msg":"contract validation failed","traceId":"3f8fbb89-891d-4ddc-9738-e779d4795705","detail":{"name":"ContractValidationError","message":"validation_failed","stack":"ContractValidationError: validation_failed\n    at ZodBodyPipe.transform (/Users/shenyanbin/Documents/workspacex/apps/api/src/interface/pipes/zod-body.pipe.ts:41:11)\n    at /Users/shenyanbin/Documents/workspacex/node_modules/.pnpm/@nestjs+core@10.4.22_@nestjs+common@10.4.22_reflect-metadata@0.2.2_rxjs@7.8.2__@nestjs+platfo_7kfmsha4ldy5jexczco62bentu/node_modules/@nestjs/core/pipes/pipes-consumer.js:16:33\n    at processTicksAndRejections (node:internal/process/task_queues:103:5)"}}
@repo/api:test: {"level":"error","msg":"http exception","traceId":"32aba165-9b0b-4423-a30e-301370913727","detail":{"name":"ForbiddenException","message":"Forbidden Exception","stack":"ForbiddenException: Forbidden Exception\n    at ArtifactBindingController.run (/Users/shenyanbin/Documents/workspacex/apps/api/src/interface/controllers/artifact-binding.controller.ts:202:15)\n    at processTicksAndRejections (node:internal/process/task_queues:103:5)\n    at /Users/shenyanbin/Documents/workspacex/node_modules/.pnpm/@nestjs+core@10.4.22_@nestjs+common@10.4.22_reflect-metadata@0.2.2_rxjs@7.8.2__@nestjs+platfo_7kfmsha4ldy5jexczco62bentu/node_modules/@nestjs/core/router/router-execution-context.js:46:28\n    at /Users/shenyanbin/Documents/workspacex/node_modules/.pnpm/@nestjs+core@10.4.22_@nestjs+common@10.4.22_reflect-metadata@0.2.2_rxjs@7.8.2__@nestjs+platfo_7kfmsha4ldy5jexczco62bentu/node_modules/@nestjs/core/router/router-proxy.js:9:17"}}
@repo/api:test:  ✓ tests/kernel/mode-upgrade-no-downgrade.test.ts (14 tests) 3111ms
@repo/api:test:  ✓ tests/kernel/binding-three-modes.test.ts (14 tests) 3148ms
@repo/api:test:    ✓ draft: private to its author, on nobody's project side > the row exists and names its author, and NO requester sees it in the list 332ms
@repo/api:test:    ✓ live follows the source, pinned does not -- asserted against the same move > after a new version is pinned, the live entry moved to v2 and the pinned entry is still v1 329ms
@repo/api:test:  ✓ tests/kernel/backflow-list-fields.test.ts (13 tests) 3206ms
@repo/api:test:    ✓ V3: every row carries mode / version / pinnedBy / pinnedAt, none of them empty > the four fields track WHAT MOVED: live re-reads the head, pinned does not 351ms
@repo/api:test: {"level":"error","msg":"contract validation failed","traceId":"e994c1a8-3509-436b-a22b-323b083003a6","detail":{"name":"ContractValidationError","message":"validation_failed","stack":"ContractValidationError: validation_failed\n    at ZodBodyPipe.transform (/Users/shenyanbin/Documents/workspacex/apps/api/src/interface/pipes/zod-body.pipe.ts:41:11)\n    at /Users/shenyanbin/Documents/workspacex/node_modules/.pnpm/@nestjs+core@10.4.22_@nestjs+common@10.4.22_reflect-metadata@0.2.2_rxjs@7.8.2__@nestjs+platfo_7kfmsha4ldy5jexczco62bentu/node_modules/@nestjs/core/pipes/pipes-consumer.js:16:33\n    at processTicksAndRejections (node:internal/process/task_queues:103:5)"}}
@repo/api:test: {"level":"error","msg":"http exception","traceId":"d7d30b3d-d943-40ef-91e0-cf0bba11533c","detail":{"name":"ForbiddenException","message":"Forbidden Exception","stack":"ForbiddenException: Forbidden Exception\n    at CapabilityController.mutate (/Users/shenyanbin/Documents/workspacex/apps/api/src/interface/controllers/capability.controller.ts:154:15)\n    at processTicksAndRejections (node:internal/process/task_queues:103:5)\n    at /Users/shenyanbin/Documents/workspacex/node_modules/.pnpm/@nestjs+core@10.4.22_@nestjs+common@10.4.22_reflect-metadata@0.2.2_rxjs@7.8.2__@nestjs+platfo_7kfmsha4ldy5jexczco62bentu/node_modules/@nestjs/core/router/router-execution-context.js:46:28\n    at /Users/shenyanbin/Documents/workspacex/node_modules/.pnpm/@nestjs+core@10.4.22_@nestjs+common@10.4.22_reflect-metadata@0.2.2_rxjs@7.8.2__@nestjs+platfo_7kfmsha4ldy5jexczco62bentu/node_modules/@nestjs/core/router/router-proxy.js:9:17"}}
@repo/api:test: {"level":"error","msg":"http exception","traceId":"3cb7c96b-9ca7-4110-88a5-a7811210a19f","detail":{"name":"ForbiddenException","message":"Forbidden Exception","stack":"ForbiddenException: Forbidden Exception\n    at CapabilityController.mutate (/Users/shenyanbin/Documents/workspacex/apps/api/src/interface/controllers/capability.controller.ts:154:15)\n    at processTicksAndRejections (node:internal/process/task_queues:103:5)\n    at /Users/shenyanbin/Documents/workspacex/node_modules/.pnpm/@nestjs+core@10.4.22_@nestjs+common@10.4.22_reflect-metadata@0.2.2_rxjs@7.8.2__@nestjs+platfo_7kfmsha4ldy5jexczco62bentu/node_modules/@nestjs/core/router/router-execution-context.js:46:28\n    at /Users/shenyanbin/Documents/workspacex/node_modules/.pnpm/@nestjs+core@10.4.22_@nestjs+common@10.4.22_reflect-metadata@0.2.2_rxjs@7.8.2__@nestjs+platfo_7kfmsha4ldy5jexczco62bentu/node_modules/@nestjs/core/router/router-proxy.js:9:17"}}
@repo/api:test: {"level":"error","msg":"http exception","traceId":"86542cd3-2934-490b-9221-023cc82ea9f2","detail":{"name":"ForbiddenException","message":"Forbidden Exception","stack":"ForbiddenException: Forbidden Exception\n    at CapabilityController.mutate (/Users/shenyanbin/Documents/workspacex/apps/api/src/interface/controllers/capability.controller.ts:154:15)\n    at processTicksAndRejections (node:internal/process/task_queues:103:5)\n    at /Users/shenyanbin/Documents/workspacex/node_modules/.pnpm/@nestjs+core@10.4.22_@nestjs+common@10.4.22_reflect-metadata@0.2.2_rxjs@7.8.2__@nestjs+platfo_7kfmsha4ldy5jexczco62bentu/node_modules/@nestjs/core/router/router-execution-context.js:46:28\n    at /Users/shenyanbin/Documents/workspacex/node_modules/.pnpm/@nestjs+core@10.4.22_@nestjs+common@10.4.22_reflect-metadata@0.2.2_rxjs@7.8.2__@nestjs+platfo_7kfmsha4ldy5jexczco62bentu/node_modules/@nestjs/core/router/router-proxy.js:9:17"}}
@repo/api:test: {"level":"error","msg":"http exception","traceId":"f27c8ab0-3821-4127-9cc0-e6daaada2609","detail":{"name":"NotFoundException","message":"Not Found","stack":"NotFoundException: Not Found\n    at CapabilityController.mutate (/Users/shenyanbin/Documents/workspacex/apps/api/src/interface/controllers/capability.controller.ts:149:52)\n    at processTicksAndRejections (node:internal/process/task_queues:103:5)\n    at /Users/shenyanbin/Documents/workspacex/node_modules/.pnpm/@nestjs+core@10.4.22_@nestjs+common@10.4.22_reflect-metadata@0.2.2_rxjs@7.8.2__@nestjs+platfo_7kfmsha4ldy5jexczco62bentu/node_modules/@nestjs/core/router/router-execution-context.js:46:28\n    at /Users/shenyanbin/Documents/workspacex/node_modules/.pnpm/@nestjs+core@10.4.22_@nestjs+common@10.4.22_reflect-metadata@0.2.2_rxjs@7.8.2__@nestjs+platfo_7kfmsha4ldy5jexczco62bentu/node_modules/@nestjs/core/router/router-proxy.js:9:17"}}
@repo/api:test: {"level":"error","msg":"contract validation failed","traceId":"2bac3307-172f-4bf2-96c3-7e5138f3f195","detail":{"name":"ContractValidationError","message":"validation_failed","stack":"ContractValidationError: validation_failed\n    at CapabilityController.mutate (/Users/shenyanbin/Documents/workspacex/apps/api/src/interface/controllers/capability.controller.ts:161:15)\n    at processTicksAndRejections (node:internal/process/task_queues:103:5)\n    at /Users/shenyanbin/Documents/workspacex/node_modules/.pnpm/@nestjs+core@10.4.22_@nestjs+common@10.4.22_reflect-metadata@0.2.2_rxjs@7.8.2__@nestjs+platfo_7kfmsha4ldy5jexczco62bentu/node_modules/@nestjs/core/router/router-execution-context.js:46:28\n    at /Users/shenyanbin/Documents/workspacex/node_modules/.pnpm/@nestjs+core@10.4.22_@nestjs+common@10.4.22_reflect-metadata@0.2.2_rxjs@7.8.2__@nestjs+platfo_7kfmsha4ldy5jexczco62bentu/node_modules/@nestjs/core/router/router-proxy.js:9:17"}}
@repo/api:test:  ✓ tests/kernel/snapshot-no-edit-no-delete.test.ts (14 tests) 992ms
@repo/api:test: {"level":"error","msg":"contract validation failed","traceId":"b2ea7581-6de8-4ffd-b882-6a89a01b6349","detail":{"name":"ContractValidationError","message":"validation_failed","stack":"ContractValidationError: validation_failed\n    at CapabilityController.mutate (/Users/shenyanbin/Documents/workspacex/apps/api/src/interface/controllers/capability.controller.ts:161:15)\n    at processTicksAndRejections (node:internal/process/task_queues:103:5)\n    at /Users/shenyanbin/Documents/workspacex/node_modules/.pnpm/@nestjs+core@10.4.22_@nestjs+common@10.4.22_reflect-metadata@0.2.2_rxjs@7.8.2__@nestjs+platfo_7kfmsha4ldy5jexczco62bentu/node_modules/@nestjs/core/router/router-execution-context.js:46:28\n    at /Users/shenyanbin/Documents/workspacex/node_modules/.pnpm/@nestjs+core@10.4.22_@nestjs+common@10.4.22_reflect-metadata@0.2.2_rxjs@7.8.2__@nestjs+platfo_7kfmsha4ldy5jexczco62bentu/node_modules/@nestjs/core/router/router-proxy.js:9:17"}}
@repo/api:test:  ✓ tests/kernel/capability-change-provenance.test.ts (19 tests) 1710ms
@repo/api:test:  ✓ tests/kernel/permission-propagation-six-paths.test.ts (29 tests) 3934ms
@repo/api:test: {"level":"error","msg":"http exception","traceId":"a003f8d8-6582-43d3-80bf-73cb59ac0f67","detail":{"name":"NotFoundException","message":"Not Found","stack":"NotFoundException: Not Found\n    at CapabilityController.list (/Users/shenyanbin/Documents/workspacex/apps/api/src/interface/controllers/capability.controller.ts:115:52)\n    at processTicksAndRejections (node:internal/process/task_queues:103:5)\n    at /Users/shenyanbin/Documents/workspacex/node_modules/.pnpm/@nestjs+core@10.4.22_@nestjs+common@10.4.22_reflect-metadata@0.2.2_rxjs@7.8.2__@nestjs+platfo_7kfmsha4ldy5jexczco62bentu/node_modules/@nestjs/core/router/router-execution-context.js:46:28\n    at /Users/shenyanbin/Documents/workspacex/node_modules/.pnpm/@nestjs+core@10.4.22_@nestjs+common@10.4.22_reflect-metadata@0.2.2_rxjs@7.8.2__@nestjs+platfo_7kfmsha4ldy5jexczco62bentu/node_modules/@nestjs/core/router/router-proxy.js:9:17"}}
@repo/api:test:  ✓ tests/kernel/anchor-back-to-origin.test.ts (11 tests) 1205ms
@repo/api:test:  ✓ tests/kernel/rls-force-nonowner.test.ts (13 tests) 441ms
@repo/api:test: {"level":"error","msg":"http exception","traceId":"0687ceb7-2bc5-4afc-9c4f-560f0b6c9c02","detail":{"name":"ForbiddenException","message":"Forbidden Exception","stack":"ForbiddenException: Forbidden Exception\n    at IdentityController.readContent (/Users/shenyanbin/Documents/workspacex/apps/api/src/interface/controllers/identity.controller.ts:176:15)\n    at processTicksAndRejections (node:internal/process/task_queues:103:5)\n    at /Users/shenyanbin/Documents/workspacex/node_modules/.pnpm/@nestjs+core@10.4.22_@nestjs+common@10.4.22_reflect-metadata@0.2.2_rxjs@7.8.2__@nestjs+platfo_7kfmsha4ldy5jexczco62bentu/node_modules/@nestjs/core/router/router-execution-context.js:46:28\n    at /Users/shenyanbin/Documents/workspacex/node_modules/.pnpm/@nestjs+core@10.4.22_@nestjs+common@10.4.22_reflect-metadata@0.2.2_rxjs@7.8.2__@nestjs+platfo_7kfmsha4ldy5jexczco62bentu/node_modules/@nestjs/core/router/router-proxy.js:9:17"}}
@repo/api:test: {"level":"error","msg":"http exception","traceId":"1a5399b8-d7d0-4f16-b766-7554a37fe3b2","detail":{"name":"ForbiddenException","message":"Forbidden Exception","stack":"ForbiddenException: Forbidden Exception\n    at IdentityController.readContent (/Users/shenyanbin/Documents/workspacex/apps/api/src/interface/controllers/identity.controller.ts:176:15)\n    at processTicksAndRejections (node:internal/process/task_queues:103:5)\n    at /Users/shenyanbin/Documents/workspacex/node_modules/.pnpm/@nestjs+core@10.4.22_@nestjs+common@10.4.22_reflect-metadata@0.2.2_rxjs@7.8.2__@nestjs+platfo_7kfmsha4ldy5jexczco62bentu/node_modules/@nestjs/core/router/router-execution-context.js:46:28\n    at /Users/shenyanbin/Documents/workspacex/node_modules/.pnpm/@nestjs+core@10.4.22_@nestjs+common@10.4.22_reflect-metadata@0.2.2_rxjs@7.8.2__@nestjs+platfo_7kfmsha4ldy5jexczco62bentu/node_modules/@nestjs/core/router/router-proxy.js:9:17"}}
@repo/api:test: {"level":"error","msg":"http exception","traceId":"91cd896f-ea1d-4bc4-8a24-19cd62beaa76","detail":{"name":"ForbiddenException","message":"Forbidden Exception","stack":"ForbiddenException: Forbidden Exception\n    at IdentityController.readContent (/Users/shenyanbin/Documents/workspacex/apps/api/src/interface/controllers/identity.controller.ts:176:15)\n    at processTicksAndRejections (node:internal/process/task_queues:103:5)\n    at /Users/shenyanbin/Documents/workspacex/node_modules/.pnpm/@nestjs+core@10.4.22_@nestjs+common@10.4.22_reflect-metadata@0.2.2_rxjs@7.8.2__@nestjs+platfo_7kfmsha4ldy5jexczco62bentu/node_modules/@nestjs/core/router/router-execution-context.js:46:28\n    at /Users/shenyanbin/Documents/workspacex/node_modules/.pnpm/@nestjs+core@10.4.22_@nestjs+common@10.4.22_reflect-metadata@0.2.2_rxjs@7.8.2__@nestjs+platfo_7kfmsha4ldy5jexczco62bentu/node_modules/@nestjs/core/router/router-proxy.js:9:17"}}
@repo/api:test: {"level":"error","msg":"http exception","traceId":"60febbfa-da05-4ab1-b804-0f4882f39d86","detail":{"name":"ForbiddenException","message":"Forbidden Exception","stack":"ForbiddenException: Forbidden Exception\n    at ProvenanceController.query (/Users/shenyanbin/Documents/workspacex/apps/api/src/interface/controllers/provenance.controller.ts:81:15)\n    at processTicksAndRejections (node:internal/process/task_queues:103:5)\n    at /Users/shenyanbin/Documents/workspacex/node_modules/.pnpm/@nestjs+core@10.4.22_@nestjs+common@10.4.22_reflect-metadata@0.2.2_rxjs@7.8.2__@nestjs+platfo_7kfmsha4ldy5jexczco62bentu/node_modules/@nestjs/core/router/router-execution-context.js:46:28\n    at /Users/shenyanbin/Documents/workspacex/node_modules/.pnpm/@nestjs+core@10.4.22_@nestjs+common@10.4.22_reflect-metadata@0.2.2_rxjs@7.8.2__@nestjs+platfo_7kfmsha4ldy5jexczco62bentu/node_modules/@nestjs/core/router/router-proxy.js:9:17"}}
@repo/api:test: {"level":"error","msg":"http exception","traceId":"ce6a88e5-f11c-4445-88e5-2312bd901eb1","detail":{"name":"ForbiddenException","message":"Forbidden Exception","stack":"ForbiddenException: Forbidden Exception\n    at IdentityController.readContent (/Users/shenyanbin/Documents/workspacex/apps/api/src/interface/controllers/identity.controller.ts:176:15)\n    at processTicksAndRejections (node:internal/process/task_queues:103:5)\n    at /Users/shenyanbin/Documents/workspacex/node_modules/.pnpm/@nestjs+core@10.4.22_@nestjs+common@10.4.22_reflect-metadata@0.2.2_rxjs@7.8.2__@nestjs+platfo_7kfmsha4ldy5jexczco62bentu/node_modules/@nestjs/core/router/router-execution-context.js:46:28\n    at /Users/shenyanbin/Documents/workspacex/node_modules/.pnpm/@nestjs+core@10.4.22_@nestjs+common@10.4.22_reflect-metadata@0.2.2_rxjs@7.8.2__@nestjs+platfo_7kfmsha4ldy5jexczco62bentu/node_modules/@nestjs/core/router/router-proxy.js:9:17"}}
@repo/api:test:  ✓ tests/kernel/snapshot-immutable-roundtrip.test.ts (5 tests) 409ms
@repo/api:test: {"level":"error","msg":"http exception","traceId":"06e54e78-75a7-4e86-90fd-f7589c2db20b","detail":{"name":"NotFoundException","message":"Not Found","stack":"NotFoundException: Not Found\n    at ProvenanceController.query (/Users/shenyanbin/Documents/workspacex/apps/api/src/interface/controllers/provenance.controller.ts:78:52)\n    at processTicksAndRejections (node:internal/process/task_queues:103:5)\n    at /Users/shenyanbin/Documents/workspacex/node_modules/.pnpm/@nestjs+core@10.4.22_@nestjs+common@10.4.22_reflect-metadata@0.2.2_rxjs@7.8.2__@nestjs+platfo_7kfmsha4ldy5jexczco62bentu/node_modules/@nestjs/core/router/router-execution-context.js:46:28\n    at /Users/shenyanbin/Documents/workspacex/node_modules/.pnpm/@nestjs+core@10.4.22_@nestjs+common@10.4.22_reflect-metadata@0.2.2_rxjs@7.8.2__@nestjs+platfo_7kfmsha4ldy5jexczco62bentu/node_modules/@nestjs/core/router/router-proxy.js:9:17"}}
@repo/api:test: {"level":"error","msg":"http exception","traceId":"83213ff5-e28e-4372-9f87-f7a817b3826f","detail":{"name":"ForbiddenException","message":"Forbidden Exception","stack":"ForbiddenException: Forbidden Exception\n    at IdentityController.readContent (/Users/shenyanbin/Documents/workspacex/apps/api/src/interface/controllers/identity.controller.ts:176:15)\n    at processTicksAndRejections (node:internal/process/task_queues:103:5)\n    at /Users/shenyanbin/Documents/workspacex/node_modules/.pnpm/@nestjs+core@10.4.22_@nestjs+common@10.4.22_reflect-metadata@0.2.2_rxjs@7.8.2__@nestjs+platfo_7kfmsha4ldy5jexczco62bentu/node_modules/@nestjs/core/router/router-execution-context.js:46:28\n    at /Users/shenyanbin/Documents/workspacex/node_modules/.pnpm/@nestjs+core@10.4.22_@nestjs+common@10.4.22_reflect-metadata@0.2.2_rxjs@7.8.2__@nestjs+platfo_7kfmsha4ldy5jexczco62bentu/node_modules/@nestjs/core/router/router-proxy.js:9:17"}}
@repo/api:test: {"level":"error","msg":"http exception","traceId":"9aa6a814-5ed7-412e-851a-993dadd09a8b","detail":{"name":"ForbiddenException","message":"Forbidden Exception","stack":"ForbiddenException: Forbidden Exception\n    at IdentityController.readContent (/Users/shenyanbin/Documents/workspacex/apps/api/src/interface/controllers/identity.controller.ts:176:15)\n    at processTicksAndRejections (node:internal/process/task_queues:103:5)\n    at /Users/shenyanbin/Documents/workspacex/node_modules/.pnpm/@nestjs+core@10.4.22_@nestjs+common@10.4.22_reflect-metadata@0.2.2_rxjs@7.8.2__@nestjs+platfo_7kfmsha4ldy5jexczco62bentu/node_modules/@nestjs/core/router/router-execution-context.js:46:28\n    at /Users/shenyanbin/Documents/workspacex/node_modules/.pnpm/@nestjs+core@10.4.22_@nestjs+common@10.4.22_reflect-metadata@0.2.2_rxjs@7.8.2__@nestjs+platfo_7kfmsha4ldy5jexczco62bentu/node_modules/@nestjs/core/router/router-proxy.js:9:17"}}
@repo/api:test: {"level":"error","msg":"contract validation failed","traceId":"b3d4dfbe-b9cd-4da3-b49d-e76956642142","detail":{"name":"ContractValidationError","message":"validation_failed","stack":"ContractValidationError: validation_failed\n    at ZodBodyPipe.transform (/Users/shenyanbin/Documents/workspacex/apps/api/src/interface/pipes/zod-body.pipe.ts:41:11)\n    at /Users/shenyanbin/Documents/workspacex/node_modules/.pnpm/@nestjs+core@10.4.22_@nestjs+common@10.4.22_reflect-metadata@0.2.2_rxjs@7.8.2__@nestjs+platfo_7kfmsha4ldy5jexczco62bentu/node_modules/@nestjs/core/pipes/pipes-consumer.js:16:33\n    at processTicksAndRejections (node:internal/process/task_queues:103:5)"}}
@repo/api:test: {"level":"error","msg":"http exception","traceId":"9d128dfd-345f-4819-80de-40b8c907f6d4","detail":{"name":"ForbiddenException","message":"Forbidden Exception","stack":"ForbiddenException: Forbidden Exception\n    at IdentityController.readContent (/Users/shenyanbin/Documents/workspacex/apps/api/src/interface/controllers/identity.controller.ts:176:15)\n    at processTicksAndRejections (node:internal/process/task_queues:103:5)\n    at /Users/shenyanbin/Documents/workspacex/node_modules/.pnpm/@nestjs+core@10.4.22_@nestjs+common@10.4.22_reflect-metadata@0.2.2_rxjs@7.8.2__@nestjs+platfo_7kfmsha4ldy5jexczco62bentu/node_modules/@nestjs/core/router/router-execution-context.js:46:28\n    at /Users/shenyanbin/Documents/workspacex/node_modules/.pnpm/@nestjs+core@10.4.22_@nestjs+common@10.4.22_reflect-metadata@0.2.2_rxjs@7.8.2__@nestjs+platfo_7kfmsha4ldy5jexczco62bentu/node_modules/@nestjs/core/router/router-proxy.js:9:17"}}
@repo/api:test:  ✓ tests/kernel/no-builtin-capability-lists.test.ts (11 tests) 1597ms
@repo/api:test:  ✓ tests/kernel/org-scoped-capabilities.test.ts (14 tests) 2088ms
@repo/api:test:  ✓ tests/kernel/retrieval-five-channels.test.ts (37 tests) 5514ms
@repo/api:test:    ✓ all five channels are wired to something real > each channel returns at least one row on its own terms 321ms
@repo/api:test:    ✓ all five channels are wired to something real > counter-proof: with the corpus emptied, every channel returns nothing 369ms
@repo/api:test:    ✓ all five channels are wired to something real > graph traversal stops at depth 2 -- an uncapped walk is graph-first by accident 372ms
@repo/api:test: {"level":"error","msg":"http exception","traceId":"c94da419-2799-4896-8692-f9466459e338","detail":{"name":"NotFoundException","message":"Not Found","stack":"NotFoundException: Not Found\n    at IdentityController.readContent (/Users/shenyanbin/Documents/workspacex/apps/api/src/interface/controllers/identity.controller.ts:170:52)\n    at processTicksAndRejections (node:internal/process/task_queues:103:5)\n    at /Users/shenyanbin/Documents/workspacex/node_modules/.pnpm/@nestjs+core@10.4.22_@nestjs+common@10.4.22_reflect-metadata@0.2.2_rxjs@7.8.2__@nestjs+platfo_7kfmsha4ldy5jexczco62bentu/node_modules/@nestjs/core/router/router-execution-context.js:46:28\n    at /Users/shenyanbin/Documents/workspacex/node_modules/.pnpm/@nestjs+core@10.4.22_@nestjs+common@10.4.22_reflect-metadata@0.2.2_rxjs@7.8.2__@nestjs+platfo_7kfmsha4ldy5jexczco62bentu/node_modules/@nestjs/core/router/router-proxy.js:9:17"}}
@repo/api:test: {"level":"error","msg":"unhandled exception","traceId":"92f2c204-bd95-445e-9fe2-b52e439d180d","detail":{"name":"error","message":"permission denied for table provenance_events","stack":"error: permission denied for table provenance_events\n    at /Users/shenyanbin/Documents/workspacex/node_modules/.pnpm/pg@8.22.0/node_modules/pg/lib/client.js:652:17\n    at processTicksAndRejections (node:internal/process/task_queues:103:5)\n    at Object.query (/Users/shenyanbin/Documents/workspacex/apps/api/src/infrastructure/db/pg-database.ts:33:21)\n    at /Users/shenyanbin/Documents/workspacex/apps/api/src/infrastructure/provenance/pg-provenance-repository.ts:69:17\n    at PgDatabase.inTx (/Users/shenyanbin/Documents/workspacex/apps/api/src/infrastructure/db/pg-database.ts:37:19)\n    at Module.readContent (/Users/shenyanbin/Documents/workspacex/apps/api/src/application/identity/read-content.ts:120:25)\n    at IdentityController.readContent (/Users/shenyanbin/Documents/workspacex/apps/api/src/interface/controllers/identity.controller.ts:159:14)\n    at /Users/shenyanbin/Documents/workspacex/node_modules/.pnpm/@nestjs+core@10.4.22_@nestjs+common@10.4.22_reflect-metadata@0.2.2_rxjs@7.8.2__@nestjs+platfo_7kfmsha4ldy5jexczco62bentu/node_modules/@nestjs/core/router/router-execution-context.js:46:28\n    at /Users/shenyanbin/Documents/workspacex/node_modules/.pnpm/@nestjs+core@10.4.22_@nestjs+common@10.4.22_reflect-metadata@0.2.2_rxjs@7.8.2__@nestjs+platfo_7kfmsha4ldy5jexczco62bentu/node_modules/@nestjs/core/router/router-proxy.js:9:17"}}
@repo/api:test:  ✓ tests/kernel/context-pack-six-tuple.test.ts (33 tests) 5ms
@repo/api:test: {"level":"error","msg":"http exception","traceId":"39677b57-746c-4ec1-805e-acb9639d9284","detail":{"name":"NotFoundException","message":"Not Found","stack":"NotFoundException: Not Found\n    at IdentityController.modelConstraint (/Users/shenyanbin/Documents/workspacex/apps/api/src/interface/controllers/identity.controller.ts:278:52)\n    at processTicksAndRejections (node:internal/process/task_queues:103:5)\n    at /Users/shenyanbin/Documents/workspacex/node_modules/.pnpm/@nestjs+core@10.4.22_@nestjs+common@10.4.22_reflect-metadata@0.2.2_rxjs@7.8.2__@nestjs+platfo_7kfmsha4ldy5jexczco62bentu/node_modules/@nestjs/core/router/router-execution-context.js:46:28\n    at /Users/shenyanbin/Documents/workspacex/node_modules/.pnpm/@nestjs+core@10.4.22_@nestjs+common@10.4.22_reflect-metadata@0.2.2_rxjs@7.8.2__@nestjs+platfo_7kfmsha4ldy5jexczco62bentu/node_modules/@nestjs/core/router/router-proxy.js:9:17"}}
@repo/api:test:  ✓ tests/kernel/org-model-policy.test.ts (15 tests) 2295ms
@repo/api:test: {"level":"error","msg":"http exception","traceId":"b02de8cb-2e56-4cf2-b254-a939b80f6ebe","detail":{"name":"NotFoundException","message":"Not Found","stack":"NotFoundException: Not Found\n    at IdentityController.readContent (/Users/shenyanbin/Documents/workspacex/apps/api/src/interface/controllers/identity.controller.ts:170:52)\n    at processTicksAndRejections (node:internal/process/task_queues:103:5)\n    at /Users/shenyanbin/Documents/workspacex/node_modules/.pnpm/@nestjs+core@10.4.22_@nestjs+common@10.4.22_reflect-metadata@0.2.2_rxjs@7.8.2__@nestjs+platfo_7kfmsha4ldy5jexczco62bentu/node_modules/@nestjs/core/router/router-execution-context.js:46:28\n    at /Users/shenyanbin/Documents/workspacex/node_modules/.pnpm/@nestjs+core@10.4.22_@nestjs+common@10.4.22_reflect-metadata@0.2.2_rxjs@7.8.2__@nestjs+platfo_7kfmsha4ldy5jexczco62bentu/node_modules/@nestjs/core/router/router-proxy.js:9:17"}}
@repo/api:test: {"level":"error","msg":"http exception","traceId":"75833412-14ef-4e20-889e-6a63cf2bb1ee","detail":{"name":"NotFoundException","message":"Not Found","stack":"NotFoundException: Not Found\n    at IdentityController.readContent (/Users/shenyanbin/Documents/workspacex/apps/api/src/interface/controllers/identity.controller.ts:170:52)\n    at processTicksAndRejections (node:internal/process/task_queues:103:5)\n    at /Users/shenyanbin/Documents/workspacex/node_modules/.pnpm/@nestjs+core@10.4.22_@nestjs+common@10.4.22_reflect-metadata@0.2.2_rxjs@7.8.2__@nestjs+platfo_7kfmsha4ldy5jexczco62bentu/node_modules/@nestjs/core/router/router-execution-context.js:46:28\n    at /Users/shenyanbin/Documents/workspacex/node_modules/.pnpm/@nestjs+core@10.4.22_@nestjs+common@10.4.22_reflect-metadata@0.2.2_rxjs@7.8.2__@nestjs+platfo_7kfmsha4ldy5jexczco62bentu/node_modules/@nestjs/core/router/router-proxy.js:9:17"}}
@repo/api:test:  ✓ tests/kernel/admin-audit-access-visible-to-lead.test.ts (14 tests) 1923ms
@repo/api:test: {"level":"error","msg":"http exception","traceId":"5b75393f-36c5-4cb7-a8c9-dea877f0da33","detail":{"name":"NotFoundException","message":"Not Found","stack":"NotFoundException: Not Found\n    at IdentityController.readContent (/Users/shenyanbin/Documents/workspacex/apps/api/src/interface/controllers/identity.controller.ts:172:57)\n    at processTicksAndRejections (node:internal/process/task_queues:103:5)\n    at /Users/shenyanbin/Documents/workspacex/node_modules/.pnpm/@nestjs+core@10.4.22_@nestjs+common@10.4.22_reflect-metadata@0.2.2_rxjs@7.8.2__@nestjs+platfo_7kfmsha4ldy5jexczco62bentu/node_modules/@nestjs/core/router/router-execution-context.js:46:28\n    at /Users/shenyanbin/Documents/workspacex/node_modules/.pnpm/@nestjs+core@10.4.22_@nestjs+common@10.4.22_reflect-metadata@0.2.2_rxjs@7.8.2__@nestjs+platfo_7kfmsha4ldy5jexczco62bentu/node_modules/@nestjs/core/router/router-proxy.js:9:17"}}
@repo/api:test:  ✓ tests/kernel/admin-boundary-deny.test.ts (12 tests) 1721ms
@repo/api:test: {"level":"error","msg":"http exception","traceId":"e23b3f87-5b8b-4b39-a854-250345b7cfac","detail":{"name":"NotFoundException","message":"Not Found","stack":"NotFoundException: Not Found\n    at IdentityController.me (/Users/shenyanbin/Documents/workspacex/apps/api/src/interface/controllers/identity.controller.ts:223:52)\n    at processTicksAndRejections (node:internal/process/task_queues:103:5)\n    at /Users/shenyanbin/Documents/workspacex/node_modules/.pnpm/@nestjs+core@10.4.22_@nestjs+common@10.4.22_reflect-metadata@0.2.2_rxjs@7.8.2__@nestjs+platfo_7kfmsha4ldy5jexczco62bentu/node_modules/@nestjs/core/router/router-execution-context.js:46:28\n    at /Users/shenyanbin/Documents/workspacex/node_modules/.pnpm/@nestjs+core@10.4.22_@nestjs+common@10.4.22_reflect-metadata@0.2.2_rxjs@7.8.2__@nestjs+platfo_7kfmsha4ldy5jexczco62bentu/node_modules/@nestjs/core/router/router-proxy.js:9:17"}}
@repo/api:test: {"level":"error","msg":"http exception","traceId":"524666c3-00bb-4612-ab75-700765c24bb3","detail":{"name":"NotFoundException","message":"Not Found","stack":"NotFoundException: Not Found\n    at IdentityController.switchOrg (/Users/shenyanbin/Documents/workspacex/apps/api/src/interface/controllers/identity.controller.ts:248:52)\n    at processTicksAndRejections (node:internal/process/task_queues:103:5)\n    at /Users/shenyanbin/Documents/workspacex/node_modules/.pnpm/@nestjs+core@10.4.22_@nestjs+common@10.4.22_reflect-metadata@0.2.2_rxjs@7.8.2__@nestjs+platfo_7kfmsha4ldy5jexczco62bentu/node_modules/@nestjs/core/router/router-execution-context.js:46:28\n    at /Users/shenyanbin/Documents/workspacex/node_modules/.pnpm/@nestjs+core@10.4.22_@nestjs+common@10.4.22_reflect-metadata@0.2.2_rxjs@7.8.2__@nestjs+platfo_7kfmsha4ldy5jexczco62bentu/node_modules/@nestjs/core/router/router-proxy.js:9:17"}}
@repo/api:test:  ✓ tests/arch-gate.test.ts (7 tests) 229ms
@repo/api:test:  ✓ tests/kernel/context-pack-items-from-disclosure.test.ts (6 tests) 923ms
@repo/api:test: {"level":"error","msg":"http exception","traceId":"55cd0088-d09c-4fc3-ac57-b708ad40460c","detail":{"name":"ForbiddenException","message":"Forbidden Exception","stack":"ForbiddenException: Forbidden Exception\n    at IdentityController.readContent (/Users/shenyanbin/Documents/workspacex/apps/api/src/interface/controllers/identity.controller.ts:176:15)\n    at processTicksAndRejections (node:internal/process/task_queues:103:5)\n    at /Users/shenyanbin/Documents/workspacex/node_modules/.pnpm/@nestjs+core@10.4.22_@nestjs+common@10.4.22_reflect-metadata@0.2.2_rxjs@7.8.2__@nestjs+platfo_7kfmsha4ldy5jexczco62bentu/node_modules/@nestjs/core/router/router-execution-context.js:46:28\n    at /Users/shenyanbin/Documents/workspacex/node_modules/.pnpm/@nestjs+core@10.4.22_@nestjs+common@10.4.22_reflect-metadata@0.2.2_rxjs@7.8.2__@nestjs+platfo_7kfmsha4ldy5jexczco62bentu/node_modules/@nestjs/core/router/router-proxy.js:9:17"}}
@repo/api:test: {"level":"error","msg":"http exception","traceId":"5a91b755-13b3-45eb-89f8-9cfe544a28b1","detail":{"name":"ForbiddenException","message":"Forbidden Exception","stack":"ForbiddenException: Forbidden Exception\n    at IdentityController.readContent (/Users/shenyanbin/Documents/workspacex/apps/api/src/interface/controllers/identity.controller.ts:176:15)\n    at processTicksAndRejections (node:internal/process/task_queues:103:5)\n    at /Users/shenyanbin/Documents/workspacex/node_modules/.pnpm/@nestjs+core@10.4.22_@nestjs+common@10.4.22_reflect-metadata@0.2.2_rxjs@7.8.2__@nestjs+platfo_7kfmsha4ldy5jexczco62bentu/node_modules/@nestjs/core/router/router-execution-context.js:46:28\n    at /Users/shenyanbin/Documents/workspacex/node_modules/.pnpm/@nestjs+core@10.4.22_@nestjs+common@10.4.22_reflect-metadata@0.2.2_rxjs@7.8.2__@nestjs+platfo_7kfmsha4ldy5jexczco62bentu/node_modules/@nestjs/core/router/router-proxy.js:9:17"}}
@repo/api:test: {"level":"error","msg":"http exception","traceId":"8b59e72d-49f9-44fe-b1ff-1d9927ecea0c","detail":{"name":"UnauthorizedException","message":"unauthenticated","stack":"UnauthorizedException: unauthenticated\n    at PrincipalGuard.canActivate (/Users/shenyanbin/Documents/workspacex/apps/api/src/interface/guards/principal.guard.ts:54:27)\n    at processTicksAndRejections (node:internal/process/task_queues:103:5)"}}
@repo/api:test:  ✓ tests/kernel/contract-response.test.ts (8 tests) 898ms
@repo/api:test: {"level":"error","msg":"contract validation failed","traceId":"12b6cc25-6471-479a-bfd6-9647d98831d4","detail":{"name":"ContractValidationError","message":"validation_failed","stack":"ContractValidationError: validation_failed\n    at ZodBodyPipe.transform (/Users/shenyanbin/Documents/workspacex/apps/api/src/interface/pipes/zod-body.pipe.ts:41:11)\n    at /Users/shenyanbin/Documents/workspacex/node_modules/.pnpm/@nestjs+core@10.4.22_@nestjs+common@10.4.22_reflect-metadata@0.2.2_rxjs@7.8.2__@nestjs+platfo_7kfmsha4ldy5jexczco62bentu/node_modules/@nestjs/core/pipes/pipes-consumer.js:16:33\n    at processTicksAndRejections (node:internal/process/task_queues:103:5)"}}
@repo/api:test: {"level":"error","msg":"http exception","traceId":"3fc2a0bf-14de-47cc-a5c8-9a251ac0d390","detail":{"name":"ForbiddenException","message":"Forbidden Exception","stack":"ForbiddenException: Forbidden Exception\n    at IdentityController.readContent (/Users/shenyanbin/Documents/workspacex/apps/api/src/interface/controllers/identity.controller.ts:176:15)\n    at processTicksAndRejections (node:internal/process/task_queues:103:5)\n    at /Users/shenyanbin/Documents/workspacex/node_modules/.pnpm/@nestjs+core@10.4.22_@nestjs+common@10.4.22_reflect-metadata@0.2.2_rxjs@7.8.2__@nestjs+platfo_7kfmsha4ldy5jexczco62bentu/node_modules/@nestjs/core/router/router-execution-context.js:46:28\n    at /Users/shenyanbin/Documents/workspacex/node_modules/.pnpm/@nestjs+core@10.4.22_@nestjs+common@10.4.22_reflect-metadata@0.2.2_rxjs@7.8.2__@nestjs+platfo_7kfmsha4ldy5jexczco62bentu/node_modules/@nestjs/core/router/router-proxy.js:9:17"}}
@repo/api:test:  ✓ tests/kernel/org-switch-context-reset.test.ts (11 tests) 1594ms
@repo/api:test:  ✓ tests/kernel/retrieval-fts-first-class.test.ts (15 tests) 3577ms
@repo/api:test:    ✓ V11 arm 1 -- an exact query hits, and it hits THROUGH fts > a person's name 304ms
@repo/api:test:  ✓ tests/kernel/admin-personal-layer-count-only.test.ts (10 tests) 1429ms
@repo/api:test:  ✓ tests/contract-single-source.test.ts (4 tests) 452ms
@repo/api:test:    ✓ the contract gate reaches the backend at all > V10: lint-contract-source scans apps/api, not just the frontend 433ms
@repo/api:test:  ✓ tests/kernel/rls-cross-tenant-zero-leak.test.ts (8 tests) 1188ms
@repo/api:test:  ✓ tests/kernel/pgvector-permission-recall.test.ts (14 tests) 9271ms
@repo/api:test:    ✓ V12: the permission filter costs no entitled document > across the whole query set, at full window 1769ms
@repo/api:test:    ✓ V12: the permission filter costs no entitled document > ...and at a narrow window, where a restricted neighbour could displace an entitled row 736ms
@repo/api:test:    ✓ V12: the permission filter costs no entitled document > counter-proof: the harness DOES report a loss when one is injected 584ms
@repo/api:test:    ✓ V12: the permission filter costs no entitled document > counter-proof: the restricted rows really are being withheld 911ms
@repo/api:test:    ✓ V12: the permission filter costs no entitled document > the two arms differ exactly by the restricted rows, and by nothing else 690ms
@repo/api:test:    ✓ recall measurement itself > recall over an empty ground truth is undefined, not 1 628ms
@repo/api:test:    ✓ recall measurement itself > the measured recall of the filtered arm is a real number over a non-empty ground truth 751ms
@repo/api:test:    ✓ ⚠ the shipping bar cannot be judged -- N-2 is undecided > `vectorRecallBaseline` is registered as unknown, with an owner and a stated blockage 616ms
@repo/api:test:    ✓ ⚠ the shipping bar cannot be judged -- N-2 is undecided > judging a measured recall THROWS rather than returning a pass 514ms
@repo/api:test:    ✓ ⚠ the shipping bar cannot be judged -- N-2 is undecided > no business code has quietly written a recall baseline in 383ms
@repo/api:test:    ✓ ⚠ the ANN failure mode is not exercised, and its absence is asserted > there is no approximate index on the embedding column 441ms
@repo/api:test:    ✓ ⚠ the ANN failure mode is not exercised, and its absence is asserted > the embedding column has no fixed dimension, and the registry enforces one instead 333ms
@repo/api:test:  ✓ tests/kernel/rbac-role-matrix.test.ts (72 tests) 8205ms
@repo/api:test:    ✓ V4: every role x every action, against the R5 table > observer may NOT read.privateChat 1426ms
@repo/api:test:    ✓ V4: the unauthorised row > an org member with no project role can do nothing in the project 301ms
@repo/api:test: 
@repo/api:test:  Test Files  31 passed (31)
@repo/api:test:       Tests  532 passed (532)
@repo/api:test:    Start at  18:27:53
@repo/api:test:    Duration  14.77s (transform 993ms, setup 0ms, collect 3.74s, tests 67.87s, environment 3ms, prepare 1.64s)
@repo/api:test: 

 Tasks:    12 successful, 12 total
Cached:    9 cached, 12 total
  Time:    15.162s 

• turbo 2.10.5
