(node:86459) Warning: The 'NO_COLOR' env is ignored due to the 'FORCE_COLOR' env being set.
(Use `node --trace-warnings ...` to show where the warning was created)
[WebServer] (node:86452) [DEP0060] DeprecationWarning: The `util._extend` API is deprecated. Please use Object.assign() instead.
(node:86466) Warning: The 'NO_COLOR' env is ignored due to the 'FORCE_COLOR' env being set.
(Use `node --trace-warnings ...` to show where the warning was created)
(node:86467) Warning: The 'NO_COLOR' env is ignored due to the 'FORCE_COLOR' env being set.
(Use `node --trace-warnings ...` to show where the warning was created)
  ✓  1 [seeded] › e2e/core-journey-01-registration.spec.ts:43:5 › 旅程①：开放注册出的新用户，验证邮箱、登录后能真的用上项目与个人 chat（不是停在一个空 URL） (5.4s)
(node:86517) Warning: The 'NO_COLOR' env is ignored due to the 'FORCE_COLOR' env being set.
(Use `node --trace-warnings ...` to show where the warning was created)
(node:86521) Warning: The 'NO_COLOR' env is ignored due to the 'FORCE_COLOR' env being set.
(Use `node --trace-warnings ...` to show where the warning was created)
  ✓  2 [seeded] › e2e/core-journey-01-registration.spec.ts:116:5 › 旅程①附：刚注册的全新组织，个人 chat 第一条消息真的收到 agent 回复（#2318 已修复） (5.3s)

  2 passed (4.8m)
[timing] pnpm --filter web exec playwright test --config playwright.fullstack-smoke.config.ts --project=seeded core-journey-01-registration.spec.ts --workers=1
  等待重e2e互斥锁：0s
  环境预留：0s
  等待资源：0s
  命令执行：4m49s
  清理：1s
  总计：4m50s
