[WebServer] (node:84755) Warning: The 'NO_COLOR' env is ignored due to the 'FORCE_COLOR' env being set.
[WebServer] (Use `node --trace-warnings ...` to show where the warning was created)
[WebServer] (node:84845) Warning: The 'NO_COLOR' env is ignored due to the 'FORCE_COLOR' env being set.
[WebServer] (Use `node --trace-warnings ...` to show where the warning was created)
[WebServer] (node:84890) Warning: The 'NO_COLOR' env is ignored due to the 'FORCE_COLOR' env being set.
[WebServer] (Use `node --trace-warnings ...` to show where the warning was created)
[WebServer] (node:84896) Warning: The 'NO_COLOR' env is ignored due to the 'FORCE_COLOR' env being set.
[WebServer] (Use `node --trace-warnings ...` to show where the warning was created)
[WebServer] (node:84914) Warning: The 'NO_COLOR' env is ignored due to the 'FORCE_COLOR' env being set.
[WebServer] (Use `node --trace-warnings ...` to show where the warning was created)
Error: Timed out waiting 240000ms from config.webServer.

undefined
/private/tmp/workspacex-feedback-3596/apps/web:
 ERR_PNPM_RECURSIVE_EXEC_FIRST_FAIL  Command failed with exit code 1: playwright test --config playwright.fullstack-smoke.config.ts --project=seeded core-journey-01-registration.spec.ts --workers=1
[timing] pnpm --filter web exec playwright test --config playwright.fullstack-smoke.config.ts --project=seeded core-journey-01-registration.spec.ts --workers=1
  等待重e2e互斥锁：0s
  环境预留：0s
  等待资源：0s
  命令执行：5m5s
  清理：1s
  总计：5m6s
