$ pnpm --filter web exec vitest run tests/ui/guided-research-visual-contract.test.tsx
[33mThe CJS build of Vite's Node API is deprecated. See https://vite.dev/guide/troubleshooting.html#vite-cjs-node-api-deprecated for more details.[39m

 RUN  v2.1.9 /Users/shenyangjun/boardx/workspacex/.worktrees/coord-deep-research-f174-ui/apps/web

 ✓ tests/ui/guided-research-visual-contract.test.tsx (3 tests) 320ms

 Test Files  1 passed (1)
      Tests  3 passed (3)
   Start at  01:23:50
   Duration  3.41s (transform 835ms, setup 273ms, collect 1.18s, tests 320ms, environment 944ms, prepare 115ms)

$ pnpm --filter web exec vitest run tests/ui/guided-research-flow.test.tsx tests/ui/guided-research-home-live.test.tsx tests/ui/guided-research-checkpoints-live.test.tsx
[33mThe CJS build of Vite's Node API is deprecated. See https://vite.dev/guide/troubleshooting.html#vite-cjs-node-api-deprecated for more details.[39m

 RUN  v2.1.9 /Users/shenyangjun/boardx/workspacex/.worktrees/coord-deep-research-f174-ui/apps/web

 ✓ tests/ui/guided-research-checkpoints-live.test.tsx (3 tests) 221ms
 ✓ tests/ui/guided-research-home-live.test.tsx (6 tests) 325ms
 ✓ tests/ui/guided-research-flow.test.tsx (4 tests) 325ms

 Test Files  3 passed (3)
      Tests  13 passed (13)
   Start at  01:23:55
   Duration  3.16s (transform 425ms, setup 859ms, collect 1.25s, tests 871ms, environment 3.82s, prepare 1.06s)

$ pnpm --filter web exec vitest run tests/research-rewrite.test.ts
[33mThe CJS build of Vite's Node API is deprecated. See https://vite.dev/guide/troubleshooting.html#vite-cjs-node-api-deprecated for more details.[39m

 RUN  v2.1.9 /Users/shenyangjun/boardx/workspacex/.worktrees/coord-deep-research-f174-ui/apps/web

 ✓ tests/research-rewrite.test.ts (1 test) 5ms

 Test Files  1 passed (1)
      Tests  1 passed (1)
   Start at  01:23:59
   Duration  1.83s (transform 105ms, setup 560ms, collect 54ms, tests 5ms, environment 0ms, prepare 563ms)

$ pnpm --filter web run typecheck

> web@0.1.0 typecheck /Users/shenyangjun/boardx/workspacex/.worktrees/coord-deep-research-f174-ui/apps/web
> tsc --noEmit

$ node .harness/scripts/lint-ui-material.mjs
  ✓ phase-01-run-a-project/agent-runtime      49/49  (ui-preview/agent-runtime-v2)
  ✓ phase-01-run-a-project/asset-governance   64/64  (ui-preview/asset-governance)
  ✓ phase-01-run-a-project/canvas             51/51  (ui-preview/canvas-v2)
  ✓ phase-01-run-a-project/chat               20/20  (ui-preview/chat-v2)
  ✓ phase-01-run-a-project/chat-file-upload   12/12  (ui-preview/chat-file-upload)
  ✓ phase-01-run-a-project/files              15/15  (ui-preview/files)
  ✓ phase-01-run-a-project/interview          62/62  (ui-preview/itv-v2)
  ✓ phase-01-run-a-project/org-admin          48/48  (ui-preview/org-admin)
  ✓ phase-01-run-a-project/personal-realtime-transcription   3/3   (ui-preview/realtime-transcription)
  ✓ phase-01-run-a-project/project            92/92  (ui-preview/project-v2)
  ✓ phase-01-run-a-project/recording          56/56  (ui-preview/rec-v2)
  ✓ phase-01-run-a-project/research           49/49  (ui-preview/research)
  ✓ phase-01-run-a-project/skills             67/67  (ui-preview/skill-v2)
  ✓ phase-01-run-a-project/templates          41/41  (ui-preview/tpl-v2)
  ✓ phase-02-visible-outcomes/survey           6/6   (ui-preview/survey-v2)
  ✓ phase-04-digital-expert-interview-studio/digital-expert-interview  10/10  (ui-preview/digital-expert-interview)
  ✓ phase-01-run-a-project/chat-context-engine  20/20  (ui-preview/chat-v2)
  ✓ phase-01-run-a-project/curated-capability-packs  67/67  (ui-preview/skill-v2)
✅ lint-ui-material: 18 个契约束的 ui.md 引用集合 == ui-preview 实存集合（共 732 张截图，无死链、无孤图）
$ cd apps/web && ./scripts/lint-design.sh

✅ lint-design：全部通过（扫描 app components lib）
$ pnpm run lint:rewrite-coverage

> agentic-harness-template@ lint:rewrite-coverage /Users/shenyangjun/boardx/workspacex/.worktrees/coord-deep-research-f174-ui
> pnpm exec tsx .harness/scripts/lint-rewrite-coverage.mjs

✓ [rewrite-coverage] 171 条路由、37 条 rewrite 覆盖一致（8 条历史缺口在棘轮名单里，只能变短）
