$ pnpm --filter @repo/contracts exec vitest run tests/guided-research-session-contract.test.ts
[exit 0]

 RUN  v2.1.9 /Users/shenyangjun/boardx/workspacex/.worktrees/coord-deep-research-f174-ui/packages/contracts

 ✓ tests/guided-research-session-contract.test.ts (6 tests) 24ms

 Test Files  1 passed (1)
      Tests  6 passed (6)
   Start at  19:05:40
   Duration  1.78s (transform 270ms, setup 0ms, collect 301ms, tests 24ms, environment 0ms, prepare 252ms)



$ pnpm exec tsx .harness/scripts/with-test-isolation.ts -- pnpm --filter api exec vitest run tests/research/guided-session-list-and-recovery.test.ts
[exit 0]
[harness-isolation] outer_db=wsx_dfea12817e4fe7883d63 inner_db=wsx_dfea12817e4fe7883d63 outer_compose=wsx-dfea12817e4fe7883d63 inner_compose=wsx-dfea12817e4fe7883d63 status=matched
[stack-admission] load1=15.85 cores=10 perCore=1.59 running=0/2
[stack-admission] 排到了，等了 0s
[test-isolation] id=run-mssuchg5-d859b626-dfea12817e4f db=wsx_dfea12817e4fe7883d63 compose=wsx-dfea12817e4fe7883d63 pg=24329 redis=29329

 RUN  v2.1.9 /Users/shenyangjun/boardx/workspacex/.worktrees/coord-deep-research-f174-ui/apps/api

[db-isolation] db=wsx_dfea12817e4fe7883d63 capacity=100 current=6 required=32
{"level":"error","msg":"http exception","traceId":"4c8928cf-5c97-4199-a544-7b7d5732b87c","detail":{"name":"NotFoundException","message":"Not Found Exception","stack":"NotFoundException: Not Found Exception\n    at GuidedResearchController.get (/Users/shenyangjun/boardx/workspacex/.worktrees/coord-deep-research-f174-ui/apps/api/src/interface/controllers/guided-research.controller.ts:72:23)\n    at processTicksAndRejections (node:internal/process/task_queues:105:5)\n    at /Users/shenyangjun/boardx/workspacex/.worktrees/coord-deep-research-f174-ui/node_modules/.pnpm/@nestjs+core@10.4.22_@nestjs+common@10.4.22_reflect-metadata@0.2.2_rxjs@7.8.2__@nestjs+platfo_7kfmsha4ldy5jexczco62bentu/node_modules/@nestjs/core/router/router-execution-context.js:46:28\n    at /Users/shenyangjun/boardx/workspacex/.worktrees/coord-deep-research-f174-ui/node_modules/.pnpm/@nestjs+core@10.4.22_@nestjs+common@10.4.22_reflect-metadata@0.2.2_rxjs@7.8.2__@nestjs+platfo_7kfmsha4ldy5jexczco62bentu/node_modules/@nestjs/core/router/router-proxy.js:9:17"}}
{"level":"error","msg":"http exception","traceId":"6998a4b3-85d1-4e48-8ee0-333bf6e85462","detail":{"name":"BadRequestException","message":"Bad Request Exception","stack":"BadRequestException: Bad Request Exception\n    at GuidedResearchController.create (/Users/shenyangjun/boardx/workspacex/.worktrees/coord-deep-research-f174-ui/apps/api/src/interface/controllers/guided-research.controller.ts:44:15)\n    at processTicksAndRejections (node:internal/process/task_queues:105:5)\n    at /Users/shenyangjun/boardx/workspacex/.worktrees/coord-deep-research-f174-ui/node_modules/.pnpm/@nestjs+core@10.4.22_@nestjs+common@10.4.22_reflect-metadata@0.2.2_rxjs@7.8.2__@nestjs+platfo_7kfmsha4ldy5jexczco62bentu/node_modules/@nestjs/core/router/router-execution-context.js:46:28\n    at /Users/shenyangjun/boardx/workspacex/.worktrees/coord-deep-research-f174-ui/node_modules/.pnpm/@nestjs+core@10.4.22_@nestjs+common@10.4.22_reflect-metadata@0.2.2_rxjs@7.8.2__@nestjs+platfo_7kfmsha4ldy5jexczco62bentu/node_modules/@nestjs/core/router/router-proxy.js:9:17"}}
{"level":"error","msg":"http exception","traceId":"cc4f51e1-f90c-4b94-b7c7-22713f78b02e","detail":{"name":"ConflictException","message":"Conflict Exception","stack":"ConflictException: Conflict Exception\n    at GuidedResearchController.create (/Users/shenyangjun/boardx/workspacex/.worktrees/coord-deep-research-f174-ui/apps/api/src/interface/controllers/guided-research.controller.ts:47:15)\n    at processTicksAndRejections (node:internal/process/task_queues:105:5)\n    at /Users/shenyangjun/boardx/workspacex/.worktrees/coord-deep-research-f174-ui/node_modules/.pnpm/@nestjs+core@10.4.22_@nestjs+common@10.4.22_reflect-metadata@0.2.2_rxjs@7.8.2__@nestjs+platfo_7kfmsha4ldy5jexczco62bentu/node_modules/@nestjs/core/router/router-execution-context.js:46:28\n    at /Users/shenyangjun/boardx/workspacex/.worktrees/coord-deep-research-f174-ui/node_modules/.pnpm/@nestjs+core@10.4.22_@nestjs+common@10.4.22_reflect-metadata@0.2.2_rxjs@7.8.2__@nestjs+platfo_7kfmsha4ldy5jexczco62bentu/node_modules/@nestjs/core/router/router-proxy.js:9:17"}}
{"level":"error","msg":"http exception","traceId":"9b712584-81ab-49a4-8bf3-ecdb84907c21","detail":{"name":"ConflictException","message":"Conflict Exception","stack":"ConflictException: Conflict Exception\n    at GuidedResearchController.checkpointError (/Users/shenyangjun/boardx/workspacex/.worktrees/coord-deep-research-f174-ui/apps/api/src/interface/controllers/guided-research.controller.ts:88:13)\n    at GuidedResearchController.complete (/Users/shenyangjun/boardx/workspacex/.worktrees/coord-deep-research-f174-ui/apps/api/src/interface/controllers/guided-research.controller.ts:168:28)\n    at processTicksAndRejections (node:internal/process/task_queues:105:5)\n    at /Users/shenyangjun/boardx/workspacex/.worktrees/coord-deep-research-f174-ui/node_modules/.pnpm/@nestjs+core@10.4.22_@nestjs+common@10.4.22_reflect-metadata@0.2.2_rxjs@7.8.2__@nestjs+platfo_7kfmsha4ldy5jexczco62bentu/node_modules/@nestjs/core/router/router-execution-context.js:46:28\n    at /Users/shenyangjun/boardx/workspacex/.worktrees/coord-deep-research-f174-ui/node_modules/.pnpm/@nestjs+core@10.4.22_@nestjs+common@10.4.22_reflect-metadata@0.2.2_rxjs@7.8.2__@nestjs+platfo_7kfmsha4ldy5jexczco62bentu/node_modules/@nestjs/core/router/router-proxy.js:9:17"}}
{"level":"error","msg":"http exception","traceId":"77d333d8-3a55-4549-914b-f29d5342a112","detail":{"name":"ConflictException","message":"Conflict Exception","stack":"ConflictException: Conflict Exception\n    at GuidedResearchController.checkpointError (/Users/shenyangjun/boardx/workspacex/.worktrees/coord-deep-research-f174-ui/apps/api/src/interface/controllers/guided-research.controller.ts:88:13)\n    at GuidedResearchController.confirmDirections (/Users/shenyangjun/boardx/workspacex/.worktrees/coord-deep-research-f174-ui/apps/api/src/interface/controllers/guided-research.controller.ts:116:28)\n    at processTicksAndRejections (node:internal/process/task_queues:105:5)\n    at /Users/shenyangjun/boardx/workspacex/.worktrees/coord-deep-research-f174-ui/node_modules/.pnpm/@nestjs+core@10.4.22_@nestjs+common@10.4.22_reflect-metadata@0.2.2_rxjs@7.8.2__@nestjs+platfo_7kfmsha4ldy5jexczco62bentu/node_modules/@nestjs/core/router/router-execution-context.js:46:28\n    at /Users/shenyangjun/boardx/workspacex/.worktrees/coord-deep-research-f174-ui/node_modules/.pnpm/@nestjs+core@10.4.22_@nestjs+common@10.4.22_reflect-metadata@0.2.2_rxjs@7.8.2__@nestjs+platfo_7kfmsha4ldy5jexczco62bentu/node_modules/@nestjs/core/router/router-proxy.js:9:17"}}
{"level":"error","msg":"http exception","traceId":"92c7baf2-d344-44bc-b61a-4397f51f4901","detail":{"name":"ConflictException","message":"Conflict Exception","stack":"ConflictException: Conflict Exception\n    at GuidedResearchController.checkpointError (/Users/shenyangjun/boardx/workspacex/.worktrees/coord-deep-research-f174-ui/apps/api/src/interface/controllers/guided-research.controller.ts:88:13)\n    at GuidedResearchController.confirmOutline (/Users/shenyangjun/boardx/workspacex/.worktrees/coord-deep-research-f174-ui/apps/api/src/interface/controllers/guided-research.controller.ts:142:28)\n    at processTicksAndRejections (node:internal/process/task_queues:105:5)\n    at /Users/shenyangjun/boardx/workspacex/.worktrees/coord-deep-research-f174-ui/node_modules/.pnpm/@nestjs+core@10.4.22_@nestjs+common@10.4.22_reflect-metadata@0.2.2_rxjs@7.8.2__@nestjs+platfo_7kfmsha4ldy5jexczco62bentu/node_modules/@nestjs/core/router/router-execution-context.js:46:28\n    at /Users/shenyangjun/boardx/workspacex/.worktrees/coord-deep-research-f174-ui/node_modules/.pnpm/@nestjs+core@10.4.22_@nestjs+common@10.4.22_reflect-metadata@0.2.2_rxjs@7.8.2__@nestjs+platfo_7kfmsha4ldy5jexczco62bentu/node_modules/@nestjs/core/router/router-proxy.js:9:17"}}
 ✓ tests/research/guided-session-list-and-recovery.test.ts (7 tests) 8952ms

 Test Files  1 passed (1)
      Tests  7 passed (7)
   Start at  19:05:44
   Duration  22.51s (transform 7.04s, setup 0ms, collect 7.11s, tests 8.95s, environment 0ms, prepare 179ms)

[db-isolation] db=wsx_dfea12817e4fe7883d63 peak_connections=4


$ pnpm --filter web exec vitest run tests/guided-research-stage.test.ts tests/guided-research-demo-state.test.ts tests/guided-research-skill-state.test.ts
[exit 0]

 RUN  v2.1.9 /Users/shenyangjun/boardx/workspacex/.worktrees/coord-deep-research-f174-ui/apps/web

 ✓ tests/guided-research-stage.test.ts (2 tests) 3ms
 ✓ tests/guided-research-demo-state.test.ts (4 tests) 4ms
 ✓ tests/guided-research-skill-state.test.ts (7 tests) 8ms

 Test Files  3 passed (3)
      Tests  13 passed (13)
   Start at  19:06:08
   Duration  1.08s (transform 142ms, setup 778ms, collect 169ms, tests 15ms, environment 1ms, prepare 254ms)

[33mThe CJS build of Vite's Node API is deprecated. See https://vite.dev/guide/troubleshooting.html#vite-cjs-node-api-deprecated for more details.[39m


$ pnpm --filter web exec vitest run --pool=forks --maxWorkers=1 --minWorkers=1 tests/ui/guided-research-skill-assistant.test.tsx tests/ui/guided-research-visual-contract.test.tsx tests/ui/guided-research-flow.test.tsx tests/ui/guided-research-home-live.test.tsx tests/ui/guided-research-checkpoints-live.test.tsx
[exit 0]

 RUN  v2.1.9 /Users/shenyangjun/boardx/workspacex/.worktrees/coord-deep-research-f174-ui/apps/web

 ✓ tests/ui/guided-research-flow.test.tsx (13 tests) 1311ms
 ✓ tests/ui/guided-research-home-live.test.tsx (8 tests) 332ms
 ✓ tests/ui/guided-research-visual-contract.test.tsx (6 tests) 436ms
 ✓ tests/ui/guided-research-checkpoints-live.test.tsx (3 tests) 131ms
 ✓ tests/ui/guided-research-skill-assistant.test.tsx (4 tests) 204ms

 Test Files  5 passed (5)
      Tests  34 passed (34)
   Start at  19:06:10
   Duration  9.21s (transform 670ms, setup 605ms, collect 1.64s, tests 2.41s, environment 3.41s, prepare 360ms)

[33mThe CJS build of Vite's Node API is deprecated. See https://vite.dev/guide/troubleshooting.html#vite-cjs-node-api-deprecated for more details.[39m


$ pnpm --filter web exec vitest run tests/research-rewrite.test.ts
[exit 0]

 RUN  v2.1.9 /Users/shenyangjun/boardx/workspacex/.worktrees/coord-deep-research-f174-ui/apps/web

 ✓ tests/research-rewrite.test.ts (1 test) 2ms

 Test Files  1 passed (1)
      Tests  1 passed (1)
   Start at  19:06:20
   Duration  508ms (transform 34ms, setup 112ms, collect 18ms, tests 2ms, environment 0ms, prepare 49ms)

[33mThe CJS build of Vite's Node API is deprecated. See https://vite.dev/guide/troubleshooting.html#vite-cjs-node-api-deprecated for more details.[39m


$ pnpm --filter api run typecheck
[exit 2]

> @repo/api@0.0.0 typecheck /Users/shenyangjun/boardx/workspacex/.worktrees/coord-deep-research-f174-ui/apps/api
> tsc --noEmit

../../packages/fabric-markdown/src/diagrams/registry.ts(13,13): error TS2304: Cannot find name 'Element'.
../../packages/fabric-markdown/src/fabric-objects.ts(759,9): error TS2339: Property 'save' does not exist on type 'CanvasRenderingContext2D'.
../../packages/fabric-markdown/src/fabric-objects.ts(761,9): error TS2339: Property 'strokeStyle' does not exist on type 'CanvasRenderingContext2D'.
../../packages/fabric-markdown/src/fabric-objects.ts(764,9): error TS2339: Property 'lineWidth' does not exist on type 'CanvasRenderingContext2D'.
../../packages/fabric-markdown/src/fabric-objects.ts(765,42): error TS2339: Property 'setLineDash' does not exist on type 'CanvasRenderingContext2D'.
../../packages/fabric-markdown/src/fabric-objects.ts(772,11): error TS2339: Property 'beginPath' does not exist on type 'CanvasRenderingContext2D'.
../../packages/fabric-markdown/src/fabric-objects.ts(773,11): error TS2339: Property 'moveTo' does not exist on type 'CanvasRenderingContext2D'.
../../packages/fabric-markdown/src/fabric-objects.ts(774,11): error TS2339: Property 'lineTo' does not exist on type 'CanvasRenderingContext2D'.
../../packages/fabric-markdown/src/fabric-objects.ts(775,11): error TS2339: Property 'lineTo' does not exist on type 'CanvasRenderingContext2D'.
../../packages/fabric-markdown/src/fabric-objects.ts(776,11): error TS2339: Property 'lineTo' does not exist on type 'CanvasRenderingContext2D'.
../../packages/fabric-markdown/src/fabric-objects.ts(777,11): error TS2339: Property 'stroke' does not exist on type 'CanvasRenderingContext2D'.
../../packages/fabric-markdown/src/fabric-objects.ts(779,11): error TS2339: Property 'setLineDash' does not exist on type 'CanvasRenderingContext2D'.
../../packages/fabric-markdown/src/fabric-objects.ts(780,11): error TS2339: Property 'fillStyle' does not exist on type 'CanvasRenderingContext2D'.
../../packages/fabric-markdown/src/fabric-objects.ts(781,11): error TS2339: Property 'beginPath' does not exist on type 'CanvasRenderingContext2D'.
../../packages/fabric-markdown/src/fabric-objects.ts(782,11): error TS2339: Property 'moveTo' does not exist on type 'CanvasRenderingContext2D'.
../../packages/fabric-markdown/src/fabric-objects.ts(783,11): error TS2339: Property 'lineTo' does not exist on type 'CanvasRenderingContext2D'.
../../packages/fabric-markdown/src/fabric-objects.ts(784,11): error TS2339: Property 'lineTo' does not exist on type 'CanvasRenderingContext2D'.
../../packages/fabric-markdown/src/fabric-objects.ts(785,11): error TS2339: Property 'closePath' does not exist on type 'CanvasRenderingContext2D'.
../../packages/fabric-markdown/src/fabric-objects.ts(786,11): error TS2339: Property 'fill' does not exist on type 'CanvasRenderingContext2D'.
../../packages/fabric-markdown/src/fabric-objects.ts(788,13): error TS2339: Property 'font' does not exist on type 'CanvasRenderingContext2D'.
../../packages/fabric-markdown/src/fabric-objects.ts(789,26): error TS2339: Property 'measureText' does not exist on type 'CanvasRenderingContext2D'.
../../packages/fabric-markdown/src/fabric-objects.ts(792,11): error TS2339: Property 'restore' does not exist on type 'CanvasRenderingContext2D'.
../../packages/fabric-markdown/src/fabric-objects.ts(809,11): error TS2339: Property 'beginPath' does not exist on type 'CanvasRenderingContext2D'.
../../packages/fabric-markdown/src/fabric-objects.ts(810,11): error TS2339: Property 'moveTo' does not exist on type 'CanvasRenderingContext2D'.
../../packages/fabric-markdown/src/fabric-objects.ts(811,11): error TS2339: Property 'bezierCurveTo' does not exist on type 'CanvasRenderingContext2D'.
../../packages/fabric-markdown/src/fabric-objects.ts(812,11): error TS2339: Property 'stroke' does not exist on type 'CanvasRenderingContext2D'.
../../packages/fabric-markdown/src/fabric-objects.ts(819,11): error TS2339: Property 'restore' does not exist on type 'CanvasRenderingContext2D'.
../../packages/fabric-markdown/src/fabric-objects.ts(856,9): error TS2339: Property 'beginPath' does not exist on type 'CanvasRenderingContext2D'.
../../packages/fabric-markdown/src/fabric-objects.ts(857,9): error TS2339: Property 'moveTo' does not exist on type 'CanvasRenderingContext2D'.
../../packages/fabric-markdown/src/fabric-objects.ts(859,11): error TS2339: Property 'quadraticCurveTo' does not exist on type 'CanvasRenderingContext2D'.
../../packages/fabric-markdown/src/fabric-objects.ts(861,11): error TS2339: Property 'lineTo' does not exist on type 'CanvasRenderingContext2D'.
../../packages/fabric-markdown/src/fabric-objects.ts(863,9): error TS2339: Property 'stroke' does not exist on type 'CanvasRenderingContext2D'.
../../packages/fabric-markdown/src/fabric-objects.ts(885,9): error TS2339: Property 'restore' does not exist on type 'CanvasRenderingContext2D'.
../../packages/fabric-markdown/src/fabric-objects.ts(906,9): error TS2339: Property 'setLineDash' does not exist on type 'CanvasRenderingContext2D'.
../../packages/fabric-markdown/src/fabric-objects.ts(907,9): error TS2339: Property 'lineWidth' does not exist on type 'CanvasRenderingContext2D'.
../../packages/fabric-markdown/src/fabric-objects.ts(913,11): error TS2339: Property 'beginPath' does not exist on type 'CanvasRenderingContext2D'.
../../packages/fabric-markdown/src/fabric-objects.ts(914,11): error TS2339: Property 'moveTo' does not exist on type 'CanvasRenderingContext2D'.
../../packages/fabric-markdown/src/fabric-objects.ts(915,11): error TS2339: Property 'lineTo' does not exist on type 'CanvasRenderingContext2D'.
../../packages/fabric-markdown/src/fabric-objects.ts(916,11): error TS2339: Property 'lineTo' does not exist on type 'CanvasRenderingContext2D'.
../../packages/fabric-markdown/src/fabric-objects.ts(917,11): error TS2339: Property 'closePath' does not exist on type 'CanvasRenderingContext2D'.
../../packages/fabric-markdown/src/fabric-objects.ts(918,11): error TS2339: Property 'fillStyle' does not exist on type 'CanvasRenderingContext2D'.
../../packages/fabric-markdown/src/fabric-objects.ts(919,11): error TS2339: Property 'fill' does not exist on type 'CanvasRenderingContext2D'.
../../packages/fabric-markdown/src/fabric-objects.ts(920,11): error TS2339: Property 'strokeStyle' does not exist on type 'CanvasRenderingContext2D'.
../../packages/fabric-markdown/src/fabric-objects.ts(921,11): error TS2339: Property 'stroke' does not exist on type 'CanvasRenderingContext2D'.
../../packages/fabric-markdown/src/fabric-objects.ts(929,11): error TS2339: Property 'beginPath' does not exist on type 'CanvasRenderingContext2D'.
../../packages/fabric-markdown/src/fabric-objects.ts(930,11): error TS2339: Property 'moveTo' does not exist on type 'CanvasRenderingContext2D'.
../../packages/fabric-markdown/src/fabric-objects.ts(931,11): error TS2339: Property 'lineTo' does not exist on type 'CanvasRenderingContext2D'.
../../packages/fabric-markdown/src/fabric-objects.ts(932,11): error TS2339: Property 'lineTo' does not exist on type 'CanvasRenderingContext2D'.
../../packages/fabric-markdown/src/fabric-objects.ts(933,11): error TS2339: Property 'lineTo' does not exist on type 'CanvasRenderingContext2D'.
../../packages/fabric-markdown/src/fabric-objects.ts(934,11): error TS2339: Property 'closePath' does not exist on type 'CanvasRenderingContext2D'.
../../packages/fabric-markdown/src/fabric-objects.ts(935,11): error TS2339: Property 'fillStyle' does not exist on type 'CanvasRenderingContext2D'.
../../packages/fabric-markdown/src/fabric-objects.ts(936,11): error TS2339: Property 'fill' does not exist on type 'CanvasRenderingContext2D'.
../../packages/fabric-markdown/src/fabric-objects.ts(937,11): error TS2339: Property 'strokeStyle' does not exist on type 'CanvasRenderingContext2D'.
../../packages/fabric-markdown/src/fabric-objects.ts(938,11): error TS2339: Property 'stroke' does not exist on type 'CanvasRenderingContext2D'.
../../packages/fabric-markdown/src/fabric-objects.ts(943,9): error TS2339: Property 'fillStyle' does not exist on type 'CanvasRenderingContext2D'.
../../packages/fabric-markdown/src/fabric-objects.ts(944,9): error TS2339: Property 'beginPath' does not exist on type 'CanvasRenderingContext2D'.
../../packages/fabric-markdown/src/fabric-objects.ts(945,9): error TS2339: Property 'moveTo' does not exist on type 'CanvasRenderingContext2D'.
../../packages/fabric-markdown/src/fabric-objects.ts(946,9): error TS2339: Property 'lineTo' does not exist on type 'CanvasRenderingContext2D'.
../../packages/fabric-markdown/src/fabric-objects.ts(947,9): error TS2339: Property 'lineTo' does not exist on type 'CanvasRenderingContext2D'.
../../packages/fabric-markdown/src/fabric-objects.ts(948,9): error TS2339: Property 'closePath' does not exist on type 'CanvasRenderingContext2D'.
../../packages/fabric-markdown/src/fabric-objects.ts(949,9): error TS2339: Property 'fill' does not exist on type 'CanvasRenderingContext2D'.
../../packages/fabric-markdown/src/fabric-objects.ts(953,9): error TS2339: Property 'setLineDash' does not exist on type 'CanvasRenderingContext2D'.
../../packages/fabric-markdown/src/fabric-objects.ts(954,9): error TS2339: Property 'font' does not exist on type 'CanvasRenderingContext2D'.
../../packages/fabric-markdown/src/fabric-objects.ts(955,9): error TS2339: Property 'textAlign' does not exist on type 'CanvasRenderingContext2D'.
../../packages/fabric-markdown/src/fabric-objects.ts(956,9): error TS2339: Property 'textBaseline' does not exist on type 'CanvasRenderingContext2D'.
../../packages/fabric-markdown/src/fabric-objects.ts(957,25): error TS2339: Property 'measureText' does not exist on type 'CanvasRenderingContext2D'.
../../packages/fabric-markdown/src/fabric-objects.ts(959,9): error TS2339: Property 'fillStyle' does not exist on type 'CanvasRenderingContext2D'.
../../packages/fabric-markdown/src/fabric-objects.ts(960,9): error TS2339: Property 'fillRect' does not exist on type 'CanvasRenderingContext2D'.
../../packages/fabric-markdown/src/fabric-objects.ts(961,9): error TS2339: Property 'fillStyle' does not exist on type 'CanvasRenderingContext2D'.
../../packages/fabric-markdown/src/fabric-objects.ts(962,9): error TS2339: Property 'fillText' does not exist on type 'CanvasRenderingContext2D'.
../../packages/fabric-markdown/src/mermaid-parser.ts(48,24): error TS2304: Cannot find name 'Element'.
../../packages/fabric-markdown/src/mermaid-parser.ts(79,29): error TS2304: Cannot find name 'SVGGraphicsElement'.
../../packages/fabric-markdown/src/mermaid-parser.ts(82,28): error TS2304: Cannot find name 'SVGGraphicsElement'.
../../packages/fabric-markdown/src/mermaid-parser.ts(116,46): error TS2304: Cannot find name 'SVGElement'.
../../packages/fabric-markdown/src/mermaid-parser.ts(116,59): error TS2304: Cannot find name 'Element'.
../../packages/fabric-markdown/src/mermaid-parser.ts(119,20): error TS18046: 'g' is of type 'unknown'.
../../packages/fabric-markdown/src/mermaid-parser.ts(123,38): error TS18046: 'g' is of type 'unknown'.
../../packages/fabric-markdown/src/mermaid-parser.ts(130,23): error TS2304: Cannot find name 'Element'.
../../packages/fabric-markdown/src/mermaid-parser.ts(131,36): error TS18046: 'g' is of type 'unknown'.
../../packages/fabric-markdown/src/mermaid-parser.ts(132,11): error TS18046: 'child' is of type 'unknown'.
../../packages/fabric-markdown/src/mermaid-parser.ts(133,11): error TS18046: 'child' is of type 'unknown'.
../../packages/fabric-markdown/src/mermaid-parser.ts(134,39): error TS18046: 'child' is of type 'unknown'.
../../packages/fabric-markdown/src/mermaid-parser.ts(182,49): error TS2304: Cannot find name 'SVGElement'.
../../packages/fabric-markdown/src/mermaid-parser.ts(182,62): error TS2304: Cannot find name 'Element'.
../../packages/fabric-markdown/src/mermaid-parser.ts(185,15): error TS2304: Cannot find name 'Element'.
../../packages/fabric-markdown/src/mermaid-parser.ts(186,36): error TS18046: 'g' is of type 'unknown'.
../../packages/fabric-markdown/src/mermaid-parser.ts(187,11): error TS18046: 'child' is of type 'unknown'.
../../packages/fabric-markdown/src/mermaid-parser.ts(198,38): error TS18046: 'g' is of type 'unknown'.
../../packages/fabric-markdown/src/mermaid-parser.ts(204,15): error TS18046: 'g' is of type 'unknown'.
../../packages/fabric-markdown/src/mermaid-parser.ts(205,15): error TS18046: 'g' is of type 'unknown'.
../../packages/fabric-markdown/src/mermaid-parser.ts(452,36): error TS2304: Cannot find name 'Element'.
../../packages/fabric-markdown/src/mermaid-parser.ts(455,31): error TS18046: 'g' is of type 'unknown'.
../../packages/fabric-markdown/src/mermaid-parser.ts(457,20): error TS18046: 'g' is of type 'unknown'.
../../packages/fabric-markdown/src/mermaid-parser.ts(459,9): error TS18046: 'g' is of type 'unknown'.
../../packages/fabric-markdown/src/mermaid-parser.ts(460,14): error TS18046: 'g' is of type 'unknown'.
../../packages/fabric-markdown/src/mermaid-parser.ts(461,14): error TS18046: 'g' is of type 'unknown'.
../../packages/fabric-markdown/src/mermaid-parser.ts(461,73): error TS18046: 'g' is of type 'unknown'.
../../packages/fabric-markdown/src/mermaid-parser.ts(466,21): error TS18046: 'path' is of type 'unknown'.
../../packages/fabric-markdown/src/mermaid-parser.ts(646,40): error TS2304: Cannot find name 'Element'.
../../packages/fabric-markdown/src/mermaid-parser.ts(648,31): error TS18046: 'g' is of type 'unknown'.
../../packages/fabric-markdown/src/mermaid-parser.ts(650,35): error TS18046: 'g' is of type 'unknown'.
../../packages/fabric-markdown/src/mermaid-parser.ts(651,28): error TS18046: 'rect' is of type 'unknown'.
../../packages/fabric-markdown/src/mermaid-parser.ts(652,28): error TS18046: 'rect' is of type 'unknown'.
../../packages/fabric-markdown/src/mermaid-parser.ts(653,32): error TS18046: 'rect' is of type 'unknown'.
../../packages/fabric-markdown/src/mermaid-parser.ts(654,33): error TS18046: 'rect' is of type 'unknown'.
../../packages/fabric-markdown/src/mermaid-parser.ts(665,12): error TS2304: Cannot find name 'Element'.
../../packages/fabric-markdown/src/mermaid-parser.ts(819,50): error TS2304: Cannot find name 'Element'.
../../packages/fabric-markdown/src/mermaid-parser.ts(831,26): error TS18046: 'line' is of type 'unknown'.
../../packages/fabric-markdown/src/mermaid-parser.ts(832,27): error TS18046: 'line' is of type 'unknown'.
../../packages/fabric-markdown/src/mermaid-parser.ts(833,27): error TS18046: 'line' is of type 'unknown'.
../../packages/fabric-markdown/src/mermaid-parser.ts(841,10): error TS18046: 'rect' is of type 'unknown'.
../../packages/fabric-markdown/src/mermaid-parser.ts(842,18): error TS18046: 'rect' is of type 'unknown'.
../../packages/fabric-markdown/src/mermaid-parser.ts(844,26): error TS18046: 'rect' is of type 'unknown'.
../../packages/fabric-markdown/src/mermaid-parser.ts(845,26): error TS18046: 'rect' is of type 'unknown'.
../../packages/fabric-markdown/src/mermaid-parser.ts(846,30): error TS18046: 'rect' is of type 'unknown'.
../../packages/fabric-markdown/src/mermaid-parser.ts(847,31): error TS18046: 'rect' is of type 'unknown'.
../../packages/fabric-markdown/src/mermaid-parser.ts(863,26): error TS18046: 'line' is of type 'unknown'.
../../packages/fabric-markdown/src/mermaid-parser.ts(869,26): error TS18046: 'rect' is of type 'unknown'.
../../packages/fabric-markdown/src/mermaid-parser.ts(870,26): error TS18046: 'rect' is of type 'unknown'.
../../packages/fabric-markdown/src/mermaid-parser.ts(871,30): error TS18046: 'rect' is of type 'unknown'.
../../packages/fabric-markdown/src/mermaid-parser.ts(872,31): error TS18046: 'rect' is of type 'unknown'.
../../packages/fabric-markdown/src/mermaid-parser.ts(880,68): error TS2304: Cannot find name 'Element'.
../../packages/fabric-markdown/src/mermaid-parser.ts(1018,21): error TS2584: Cannot find name 'document'. Do you need to change your target library? Try changing the 'lib' compiler option to include 'dom'.
../../packages/fabric-markdown/src/mermaid-parser.ts(1022,3): error TS2584: Cannot find name 'document'. Do you need to change your target library? Try changing the 'lib' compiler option to include 'dom'.
/Users/shenyangjun/boardx/workspacex/.worktrees/coord-deep-research-f174-ui/apps/api:
 ERR_PNPM_RECURSIVE_RUN_FIRST_FAIL  @repo/api@0.0.0 typecheck: `tsc --noEmit`
Exit status 2

[harness-verify v1 sha256=543780c3267715dad61079da7db578f7841bb2e539de6fb7509fbed5f1c87656 commit=1a24c293346c968e7e142606fbd6b20c457d562c at=2026-08-14T11:06:37.755Z]