[WebServer] (node:45457) Warning: The 'NO_COLOR' env is ignored due to the 'FORCE_COLOR' env being set.
[WebServer] (Use `node --trace-warnings ...` to show where the warning was created)
[WebServer]   ▲ Next.js 14.2.15
[WebServer]   - Local:        http://localhost:25222
[WebServer] 
[WebServer]  ✓ Starting...
[WebServer]  ✓ Ready in 374ms

Running 1 test using 1 worker

(node:45464) Warning: The 'NO_COLOR' env is ignored due to the 'FORCE_COLOR' env being set.
(Use `node --trace-warnings ...` to show where the warning was created)
(node:45464) Warning: The 'NO_COLOR' env is ignored due to the 'FORCE_COLOR' env being set.
(Use `node --trace-warnings ...` to show where the warning was created)
[WebServer] (node:45457) [DEP0060] DeprecationWarning: The `util._extend` API is deprecated. Please use Object.assign() instead.
  ✓  1 [seeded] › e2e/guided-research-runtime.spec.ts:4:5 › research persists all five model-backed steps through the real UI, API and PostgreSQL (1.7m)

  1 passed (4.6m)
[timing] pnpm --filter web exec playwright test guided-research-runtime.spec.ts --config=playwright.fullstack-smoke.config.ts --project=seeded
  等待重e2e互斥锁：10s
  环境预留：0s
  等待资源：0s
  命令执行：4m36s
  清理：1s
  总计：4m46s
