$ pnpm --filter api exec vitest run tests/itv/digital-interview-controller.test.ts
[exit 0]

 RUN  v2.1.9 /Users/shenyangjun/boardx/workspacex/.worktrees/worker-coord-user-research-1079-f02-review-fix/apps/api

[db-isolation] db=wsx_21cecfccf24392a32ca1 capacity=100 current=6 required=32
{"level":"error","msg":"http exception","traceId":"e7fa9f24-dd2e-4aac-b59d-c0259cf0d00f","detail":{"name":"UnauthorizedException","message":"unauthenticated","stack":"UnauthorizedException: unauthenticated\n    at PrincipalGuard.canActivate (/Users/shenyangjun/boardx/workspacex/.worktrees/worker-coord-user-research-1079-f02-review-fix/apps/api/src/interface/guards/principal.guard.ts:54:27)\n    at processTicksAndRejections (node:internal/process/task_queues:105:5)"}}
 ✓ tests/itv/digital-interview-controller.test.ts (4 tests) 15500ms
   ✓ F02 数字访谈首屏 HTTP > 历史列表只返回当前用户可见的数字访谈，并携带八态派生操作 411ms
   ✓ F02 数字访谈首屏 HTTP > 已发布 Agent 版本不冒充材料版本，领域筛选也不读取角色文案 381ms

 Test Files  1 passed (1)
      Tests  4 passed (4)
   Start at  18:50:03
   Duration  25.48s (transform 5.08s, setup 0ms, collect 1.99s, tests 15.50s, environment 0ms, prepare 305ms)

[db-isolation] db=wsx_21cecfccf24392a32ca1 peak_connections=4


$ pnpm --filter web exec vitest run tests/ui/interview-studio-home.test.tsx
[exit 0]

 RUN  v2.1.9 /Users/shenyangjun/boardx/workspacex/.worktrees/worker-coord-user-research-1079-f02-review-fix/apps/web

 ✓ tests/ui/interview-studio-home.test.tsx (3 tests) 974ms
   ✓ F02 第 3 组 UI：访谈 Studio 首屏 > 默认显示历史卡，一级标签只有历史访谈与专家列表，新建按钮完整单行 799ms

 Test Files  1 passed (1)
      Tests  3 passed (3)
   Start at  18:50:30
   Duration  13.16s (transform 739ms, setup 1.80s, collect 989ms, tests 974ms, environment 7.73s, prepare 830ms)

[33mThe CJS build of Vite's Node API is deprecated. See https://vite.dev/guide/troubleshooting.html#vite-cjs-node-api-deprecated for more details.[39m

[harness-verify v1 sha256=cb6a5427289b5877edaaf21e7073608636ee0d800f093b15f6f492306d3049f6 commit=fa87d1257114cea775fb63666f7d06263b97aa56 at=2026-08-12T10:50:44.216Z]